<html>
<body>
<pre>
<h1>礦ision Build Log</h1>
<h2>Tool Versions:</h2>
IDE-Version: μVision V5.23.0.0
Copyright (C) 2017 ARM Ltd and ARM Germany GmbH. All rights reserved.
License Information: 1 SeeYou, 1, LIC=50DRA-15S9P-21YPS-LGE7V-QF687-DMIRC
 
Tool Versions:
Toolchain:       MDK-ARM Professional  Version: 5.23
Toolchain Path:  D:\Keil_v5\ARM\ARMCC\Bin
C Compiler:      Armcc.exe V5.06 update 4 (build 422)
Assembler:       Armasm.exe V5.06 update 4 (build 422)
Linker/Locator:  ArmLink.exe V5.06 update 4 (build 422)
Library Manager: ArmAr.exe V5.06 update 4 (build 422)
Hex Converter:   FromElf.exe V5.06 update 4 (build 422)
CPU DLL:         SARMCM3.DLL V5.23
Dialog DLL:      DCM.DLL V1.15.0.0
Target DLL:      STLink\ST-LINKIII-KEIL_SWO.dll V2.0.18.0
Dialog DLL:      TCM.DLL V1.27.0.0
 
<h2>Project:</h2>
F:\360MoveData\Users\SeeYou\Desktop\（标准库版本，适合探索者STM32F407开发板）扩展实验23 ATK-BLE02模块实验02\USER\BLE.uvprojx
Project File Date:  07/17/2020

<h2>Output:</h2>
*** Using Compiler 'V5.06 update 4 (build 422)', folder: 'D:\Keil_v5\ARM\ARMCC\Bin'
Build target 'BLE'
assembling startup_stm32f40_41xxx.s...
compiling main.c...
compiling timer.c...
compiling led.c...
compiling system_stm32f4xx.c...
compiling stm32f4xx_gpio.c...
compiling key.c...
compiling stm32f4xx_fsmc.c...
compiling stm32f4xx_rcc.c...
compiling stm32f4xx_sdio.c...
compiling stm32f4xx_it.c...
compiling stm32f4xx_dma.c...
compiling sys.c...
compiling usart.c...
compiling delay.c...
compiling misc.c...
compiling usart3.c...
compiling stm32f4xx_syscfg.c...
compiling stm32f4xx_usart.c...
compiling stm32f4xx_spi.c...
compiling stm32f4xx_exti.c...
compiling ble_uart.c...
compiling ble_app.c...
compiling stm32f4xx_tim.c...
linking...
Program Size: Code=13046 RO-data=978 RW-data=36 ZI-data=3532  
FromELF: creating hex file...
"..\OBJ\BLE.axf" - 0 Error(s), 0 Warning(s).

<h2>Collection of Component include folders:</h2>
  .\RTE\_BLE
  D:\Keil_v5\ARM\PACK\Keil\STM32F4xx_DFP\2.15.0\Drivers\CMSIS\Device\ST\STM32F4xx\Include

<h2>Collection of Component Files used:</h2>
Build Time Elapsed:  00:00:03
</pre>
</body>
</html>
