Component: ARM Compiler 5.06 update 4 (build 422) Tool: armlink [4d35d2]

==============================================================================

Section Cross References

    main.o(i.main) refers to misc.o(i.NVIC_PriorityGroupConfig) for NVIC_PriorityGroupConfig
    main.o(i.main) refers to delay.o(i.delay_init) for delay_init
    main.o(i.main) refers to usart.o(i.uart_init) for uart_init
    main.o(i.main) refers to led.o(i.LED_Init) for LED_Init
    main.o(i.main) refers to key.o(i.KEY_Init) for KEY_Init
    main.o(i.main) refers to ble_app.o(i.Ble_Test) for Ble_Test
    system_stm32f4xx.o(i.SystemCoreClockUpdate) refers to system_stm32f4xx.o(.data) for SystemCoreClock
    system_stm32f4xx.o(i.SystemInit) refers to system_stm32f4xx.o(i.SetSysClock) for SetSysClock
    led.o(i.LED_Init) refers to stm32f4xx_rcc.o(i.RCC_AHB1PeriphClockCmd) for RCC_AHB1PeriphClockCmd
    led.o(i.LED_Init) refers to stm32f4xx_gpio.o(i.GPIO_Init) for GPIO_Init
    led.o(i.LED_Init) refers to stm32f4xx_gpio.o(i.GPIO_SetBits) for GPIO_SetBits
    key.o(i.KEY_Init) refers to stm32f4xx_rcc.o(i.RCC_AHB1PeriphClockCmd) for RCC_AHB1PeriphClockCmd
    key.o(i.KEY_Init) refers to stm32f4xx_gpio.o(i.GPIO_Init) for GPIO_Init
    key.o(i.KEY_Scan) refers to stm32f4xx_gpio.o(i.GPIO_ReadInputDataBit) for GPIO_ReadInputDataBit
    key.o(i.KEY_Scan) refers to delay.o(i.delay_ms) for delay_ms
    key.o(i.KEY_Scan) refers to key.o(.data) for key_up
    timer.o(i.TIM7_IRQHandler) refers to stm32f4xx_tim.o(i.TIM_GetITStatus) for TIM_GetITStatus
    timer.o(i.TIM7_IRQHandler) refers to stm32f4xx_tim.o(i.TIM_ClearITPendingBit) for TIM_ClearITPendingBit
    timer.o(i.TIM7_IRQHandler) refers to stm32f4xx_tim.o(i.TIM_Cmd) for TIM_Cmd
    timer.o(i.TIM7_IRQHandler) refers to usart3.o(.data) for USART3_RX_STA
    timer.o(i.TIM7_Int_Init) refers to stm32f4xx_rcc.o(i.RCC_APB1PeriphClockCmd) for RCC_APB1PeriphClockCmd
    timer.o(i.TIM7_Int_Init) refers to stm32f4xx_tim.o(i.TIM_TimeBaseInit) for TIM_TimeBaseInit
    timer.o(i.TIM7_Int_Init) refers to stm32f4xx_tim.o(i.TIM_ITConfig) for TIM_ITConfig
    timer.o(i.TIM7_Int_Init) refers to misc.o(i.NVIC_Init) for NVIC_Init
    usart3.o(i.USART3_IRQHandler) refers to stm32f4xx_usart.o(i.USART_GetITStatus) for USART_GetITStatus
    usart3.o(i.USART3_IRQHandler) refers to stm32f4xx_usart.o(i.USART_ReceiveData) for USART_ReceiveData
    usart3.o(i.USART3_IRQHandler) refers to stm32f4xx_tim.o(i.TIM_SetCounter) for TIM_SetCounter
    usart3.o(i.USART3_IRQHandler) refers to stm32f4xx_tim.o(i.TIM_Cmd) for TIM_Cmd
    usart3.o(i.USART3_IRQHandler) refers to usart3.o(.data) for USART3_RX_STA
    usart3.o(i.USART3_IRQHandler) refers to usart3.o(.bss) for USART3_RX_BUF
    usart3.o(i.u3_printf) refers to vsprintf.o(.text) for vsprintf
    usart3.o(i.u3_printf) refers to strlen.o(.text) for strlen
    usart3.o(i.u3_printf) refers to stm32f4xx_usart.o(i.USART_GetFlagStatus) for USART_GetFlagStatus
    usart3.o(i.u3_printf) refers to stm32f4xx_usart.o(i.USART_SendData) for USART_SendData
    usart3.o(i.u3_printf) refers to usart3.o(.bss) for USART3_TX_BUF
    usart3.o(i.usart3_init) refers to stm32f4xx_rcc.o(i.RCC_AHB1PeriphClockCmd) for RCC_AHB1PeriphClockCmd
    usart3.o(i.usart3_init) refers to stm32f4xx_rcc.o(i.RCC_APB1PeriphClockCmd) for RCC_APB1PeriphClockCmd
    usart3.o(i.usart3_init) refers to stm32f4xx_usart.o(i.USART_DeInit) for USART_DeInit
    usart3.o(i.usart3_init) refers to stm32f4xx_gpio.o(i.GPIO_PinAFConfig) for GPIO_PinAFConfig
    usart3.o(i.usart3_init) refers to stm32f4xx_gpio.o(i.GPIO_Init) for GPIO_Init
    usart3.o(i.usart3_init) refers to stm32f4xx_usart.o(i.USART_Init) for USART_Init
    usart3.o(i.usart3_init) refers to stm32f4xx_usart.o(i.USART_Cmd) for USART_Cmd
    usart3.o(i.usart3_init) refers to stm32f4xx_usart.o(i.USART_ITConfig) for USART_ITConfig
    usart3.o(i.usart3_init) refers to misc.o(i.NVIC_Init) for NVIC_Init
    usart3.o(i.usart3_init) refers to timer.o(i.TIM7_Int_Init) for TIM7_Int_Init
    usart3.o(i.usart3_init) refers to stm32f4xx_tim.o(i.TIM_Cmd) for TIM_Cmd
    usart3.o(i.usart3_init) refers to usart3.o(.bss) for USART_InitStructure
    usart3.o(i.usart3_init) refers to usart3.o(.data) for USART3_RX_STA
    delay.o(i.delay_init) refers to misc.o(i.SysTick_CLKSourceConfig) for SysTick_CLKSourceConfig
    delay.o(i.delay_init) refers to delay.o(.data) for fac_us
    delay.o(i.delay_ms) refers to delay.o(i.delay_xms) for delay_xms
    delay.o(i.delay_us) refers to delay.o(.data) for fac_us
    delay.o(i.delay_xms) refers to delay.o(.data) for fac_ms
    usart.o(.rev16_text) refers (Special) to use_no_semi_2.o(.text) for __use_no_semihosting
    usart.o(.revsh_text) refers (Special) to use_no_semi_2.o(.text) for __use_no_semihosting
    usart.o(.rrx_text) refers (Special) to use_no_semi_2.o(.text) for __use_no_semihosting
    usart.o(i.USART1_IRQHandler) refers (Special) to use_no_semi_2.o(.text) for __use_no_semihosting
[...]
    .ARM.Collect$$_printf_percent$$0000000A  0x08000236   Section        6  _printf_u.o(.ARM.Collect$$_printf_percent$$0000000A)
    .ARM.Collect$$_printf_percent$$0000000B  0x0800023c   Section        6  _printf_o.o(.ARM.Collect$$_printf_percent$$0000000B)
    .ARM.Collect$$_printf_percent$$0000000C  0x08000242   Section        6  _printf_x.o(.ARM.Collect$$_printf_percent$$0000000C)
    .ARM.Collect$$_printf_percent$$0000000D  0x08000248   Section        6  _printf_lli.o(.ARM.Collect$$_printf_percent$$0000000D)
    .ARM.Collect$$_printf_percent$$0000000E  0x0800024e   Section        6  _printf_lld.o(.ARM.Collect$$_printf_percent$$0000000E)
    .ARM.Collect$$_printf_percent$$0000000F  0x08000254   Section        6  _printf_llu.o(.ARM.Collect$$_printf_percent$$0000000F)
    .ARM.Collect$$_printf_percent$$00000010  0x0800025a   Section        6  _printf_llo.o(.ARM.Collect$$_printf_percent$$00000010)
    .ARM.Collect$$_printf_percent$$00000011  0x08000260   Section        6  _printf_llx.o(.ARM.Collect$$_printf_percent$$00000011)
    .ARM.Collect$$_printf_percent$$00000012  0x08000266   Section       10  _printf_l.o(.ARM.Collect$$_printf_percent$$00000012)
    .ARM.Collect$$_printf_percent$$00000013  0x08000270   Section        6  _printf_c.o(.ARM.Collect$$_printf_percent$$00000013)
    .ARM.Collect$$_printf_percent$$00000014  0x08000276   Section        6  _printf_s.o(.ARM.Collect$$_printf_percent$$00000014)
    .ARM.Collect$$_printf_percent$$00000015  0x0800027c   Section        6  _printf_lc.o(.ARM.Collect$$_printf_percent$$00000015)
    .ARM.Collect$$_printf_percent$$00000016  0x08000282   Section        6  _printf_ls.o(.ARM.Collect$$_printf_percent$$00000016)
    .ARM.Collect$$_printf_percent$$00000017  0x08000288   Section        4  _printf_percent_end.o(.ARM.Collect$$_printf_percent$$00000017)
    .ARM.Collect$$libinit$$00000000          0x0800028c   Section        2  libinit.o(.ARM.Collect$$libinit$$00000000)
    .ARM.Collect$$libinit$$00000001          0x0800028e   Section        4  libinit2.o(.ARM.Collect$$libinit$$00000001)
    .ARM.Collect$$libinit$$00000004          0x08000292   Section        0  libinit2.o(.ARM.Collect$$libinit$$00000004)
    .ARM.Collect$$libinit$$0000000A          0x08000292   Section        0  libinit2.o(.ARM.Collect$$libinit$$0000000A)
    .ARM.Collect$$libinit$$0000000C          0x08000292   Section        0  libinit2.o(.ARM.Collect$$libinit$$0000000C)
    .ARM.Collect$$libinit$$0000000E          0x08000292   Section        0  libinit2.o(.ARM.Collect$$libinit$$0000000E)
    .ARM.Collect$$libinit$$0000000F          0x08000292   Section        6  libinit2.o(.ARM.Collect$$libinit$$0000000F)
    .ARM.Collect$$libinit$$00000011          0x08000298   Section        0  libinit2.o(.ARM.Collect$$libinit$$00000011)
    .ARM.Collect$$libinit$$00000012          0x08000298   Section       12  libinit2.o(.ARM.Collect$$libinit$$00000012)
    .ARM.Collect$$libinit$$00000013          0x080002a4   Section        0  libinit2.o(.ARM.Collect$$libinit$$00000013)
    .ARM.Collect$$libinit$$00000015          0x080002a4   Section        0  libinit2.o(.ARM.Collect$$libinit$$00000015)
    .ARM.Collect$$libinit$$00000016          0x080002a4   Section       10  libinit2.o(.ARM.Collect$$libinit$$00000016)
    .ARM.Collect$$libinit$$00000017          0x080002ae   Section        0  libinit2.o(.ARM.Collect$$libinit$$00000017)
    .ARM.Collect$$libinit$$00000019          0x080002ae   Section        0  libinit2.o(.ARM.Collect$$libinit$$00000019)
    .ARM.Collect$$libinit$$0000001B          0x080002ae   Section        0  libinit2.o(.ARM.Collect$$libinit$$0000001B)
    .ARM.Collect$$libinit$$0000001D          0x080002ae   Section        0  libinit2.o(.ARM.Collect$$libinit$$0000001D)
    .ARM.Collect$$libinit$$0000001F          0x080002ae   Section        0  libinit2.o(.ARM.Collect$$libinit$$0000001F)
    .ARM.Collect$$libinit$$00000021          0x080002ae   Section        0  libinit2.o(.ARM.Collect$$libinit$$00000021)
    .ARM.Collect$$libinit$$00000023          0x080002ae   Section        0  libinit2.o(.ARM.Collect$$libinit$$00000023)
    .ARM.Collect$$libinit$$00000025          0x080002ae   Section        0  libinit2.o(.ARM.Collect$$libinit$$00000025)
    .ARM.Collect$$libinit$$0000002C          0x080002ae   Section        0  libinit2.o(.ARM.Collect$$libinit$$0000002C)
    .ARM.Collect$$libinit$$0000002E          0x080002ae   Section        0  libinit2.o(.ARM.Collect$$libinit$$0000002E)
    .ARM.Collect$$libinit$$00000030          0x080002ae   Section        0  libinit2.o(.ARM.Collect$$libinit$$00000030)
    .ARM.Collect$$libinit$$00000032          0x080002ae   Section        0  libinit2.o(.ARM.Collect$$libinit$$00000032)
    .ARM.Collect$$libinit$$00000033          0x080002ae   Section        2  libinit2.o(.ARM.Collect$$libinit$$00000033)
    .ARM.Collect$$libshutdown$$00000000      0x080002b0   Section        2  libshutdown.o(.ARM.Collect$$libshutdown$$00000000)
    .ARM.Collect$$libshutdown$$00000002      0x080002b2   Section        0  libshutdown2.o(.ARM.Collect$$libshutdown$$00000002)
    .ARM.Collect$$libshutdown$$00000004      0x080002b2   Section        0  libshutdown2.o(.ARM.Collect$$libshutdown$$00000004)
    .ARM.Collect$$libshutdown$$00000007      0x080002b2   Section        0  libshutdown2.o(.ARM.Collect$$libshutdown$$00000007)
    .ARM.Collect$$libshutdown$$0000000A      0x080002b2   Section        0  libshutdown2.o(.ARM.Collect$$libshutdown$$0000000A)
    .ARM.Collect$$libshutdown$$0000000C      0x080002b2   Section        0  libshutdown2.o(.ARM.Collect$$libshutdown$$0000000C)
    .ARM.Collect$$libshutdown$$0000000F      0x080002b2   Section        0  libshutdown2.o(.ARM.Collect$$libshutdown$$0000000F)
    .ARM.Collect$$libshutdown$$00000010      0x080002b2   Section        2  libshutdown2.o(.ARM.Collect$$libshutdown$$00000010)
    .ARM.Collect$$rtentry$$00000000          0x080002b4   Section        0  __rtentry.o(.ARM.Collect$$rtentry$$00000000)
    .ARM.Collect$$rtentry$$00000002          0x080002b4   Section        0  __rtentry2.o(.ARM.Collect$$rtentry$$00000002)
    .ARM.Collect$$rtentry$$00000004          0x080002b4   Section        6  __rtentry4.o(.ARM.Collect$$rtentry$$00000004)
    .ARM.Collect$$rtentry$$00000009          0x080002ba   Section        0  __rtentry2.o(.ARM.Collect$$rtentry$$00000009)
    .ARM.Collect$$rtentry$$0000000A          0x080002ba   Section        4  __rtentry2.o(.ARM.Collect$$rtentry$$0000000A)
    .ARM.Collect$$rtentry$$0000000C          0x080002be   Section        0  __rtentry2.o(.ARM.Collect$$rtentry$$0000000C)
    .ARM.Collect$$rtentry$$0000000D          0x080002be   Section        8  __rtentry2.o(.ARM.Collect$$rtentry$$0000000D)
    .ARM.Collect$$rtexit$$00000000           0x080002c6   Section        2  rtexit.o(.ARM.Collect$$rtexit$$00000000)
    .ARM.Collect$$rtexit$$00000002           0x080002c8   Section        0  rtexit2.o(.ARM.Collect$$rtexit$$00000002)
    .ARM.Collect$$rtexit$$00000003           0x080002c8   Section        4  rtexit2.o(.ARM.Collect$$rtexit$$00000003)
    .ARM.Collect$$rtexit$$00000004           0x080002cc   Section        6  rtexit2.o(.ARM.Collect$$rtexit$$00000004)
    .text                                    0x080002d4   Section       64  startup_stm32f40_41xxx.o(.text)
    $v0                                      0x080002d4   Number         0  startup_stm32f40_41xxx.o(.text)
    .text                                    0x08000314   Section        2  use_no_semi_2.o(.text)
    .text                                    0x08000318   Section        0  vsprintf.o(.text)
    .text                                    0x0800033c   Section        0  __2printf.o(.text)
    .text                                    0x08000354   Section        0  __2sprintf.o(.text)
    .text                                    0x08000380   Section        0  _printf_str.o(.text)
    .text                                    0x080003d4   Section        0  _printf_dec.o(.text)
    .text                                    0x0800044c   Section        0  __printf_flags_ss_wp.o(.text)
    .text                                    0x080005d4   Section        0  strstr.o(.text)
    .text                                    0x080005f8   Section        0  strlen.o(.text)
    .text                                    0x08000636   Section       68  rt_memclr.o(.text)
    .text                                    0x0800067a   Section        0  heapauxi.o(.text)
    .text                                    0x08000680   Section        2  use_no_semi.o(.text)
    .text                                    0x08000682   Section        0  _printf_pad.o(.text)
    .text                                    0x080006d0   Section        0  _printf_truncate.o(.text)
    .text                                    0x080006f4   Section        0  _printf_intcommon.o(.text)
    .text                                    0x080007a6   Section        0  _printf_charcount.o(.text)
    .text                                    0x080007d0   Section        0  _printf_char_common.o(.text)
    _printf_input_char                       0x080007d1   Thumb Code    10  _printf_char_common.o(.text)
    .text                                    0x08000800   Section        0  _sputc.o(.text)
    .text                                    0x0800080a   Section        0  _printf_char.o(.text)
    .text                                    0x08000838   Section        0  _printf_char_file.o(.text)
    .text                                    0x0800085c   Section        0  _printf_wctomb.o(.text)
    .text                                    0x08000918   Section        0  _printf_longlong_dec.o(.text)
    .text                                    0x08000994   Section        0  _printf_oct_int_ll.o(.text)
    _printf_longlong_oct_internal            0x08000995   Thumb Code     0  _printf_oct_int_ll.o(.text)
    .text                                    0x08000a04   Section        0  _printf_hex_int_ll_ptr.o(.text)
    _printf_hex_common                       0x08000a05   Thumb Code     0  _printf_hex_int_ll_ptr.o(.text)
    .text                                    0x08000a98   Section       78  rt_memclr_w.o(.text)
    .text                                    0x08000ae6   Section      138  lludiv10.o(.text)
    .text                                    0x08000b70   Section        0  _printf_fp_dec.o(.text)
    _fp_digits                               0x08000b73   Thumb Code   428  _printf_fp_dec.o(.text)
    .text                                    0x08000f8c   Section        0  _printf_fp_hex.o(.text)
    .text                                    0x08001288   Section        0  _printf_wchar.o(.text)
    .text                                    0x080012b4   Section        0  ferror.o(.text)
    .text                                    0x080012bc   Section        0  _wcrtomb.o(.text)
    .text                                    0x080012fc   Section       74  sys_stackheap_outer.o(.text)
    .text                                    0x08001348   Section       16  rt_ctype_table.o(.text)
    .text                                    0x08001358   Section        8  rt_locale_intlibspace.o(.text)
    .text                                    0x08001360   Section        0  _printf_fp_infnan.o(.text)
    .text                                    0x080013e0   Section        0  bigflt0.o(.text)
    .text                                    0x080014bc   Section        0  exit.o(.text)
    .text                                    0x080014d0   Section        8  libspace.o(.text)
    .text                                    0x080014d8   Section      128  strcmpv7m.o(.text)
    CL$$btod_d2e                             0x08001558   Section       62  btod.o(CL$$btod_d2e)
    CL$$btod_d2e_denorm_low                  0x08001596   Section       70  btod.o(CL$$btod_d2e_denorm_low)
    CL$$btod_d2e_norm_op1                    0x080015dc   Section       96  btod.o(CL$$btod_d2e_norm_op1)
    CL$$btod_div_common                      0x0800163c   Section      824  btod.o(CL$$btod_div_common)
    CL$$btod_e2e                             0x08001974   Section      198  btod.o(CL$$btod_e2e)
    CL$$btod_ediv                            0x08001a3a   Section       40  btod.o(CL$$btod_ediv)
    CL$$btod_emul                            0x08001a62   Section       40  btod.o(CL$$btod_emul)
    CL$$btod_mult_common                     0x08001a8a   Section      580  btod.o(CL$$btod_mult_common)
    i.Ble_IoInit                             0x08001cd0   Section        0  ble_app.o(i.Ble_IoInit)
    i.Ble_Process                            0x08001d40   Section        0  ble_app.o(i.Ble_Process)
    i.Ble_ReceData                           0x08001e84   Section        0  ble_app.o(i.Ble_ReceData)
    i.Ble_SendData                           0x08001f3c   Section        0  ble_app.o(i.Ble_SendData)
    i.Ble_SetInit                            0x08001f9c   Section        0  ble_app.o(i.Ble_SetInit)
    i.Ble_Test                               0x0800250c   Section        0  ble_app.o(i.Ble_Test)
    i.BusFault_Handler                       0x08002544   Section        0  stm32f4xx_it.o(i.BusFault_Handler)
    i.DebugMon_Handler                       0x08002548   Section        0  stm32f4xx_it.o(i.DebugMon_Handler)
    i.GPIO_Init                              0x0800254a   Section        0  stm32f4xx_gpio.o(i.GPIO_Init)
    i.GPIO_PinAFConfig                       0x080025da   Section        0  stm32f4xx_gpio.o(i.GPIO_PinAFConfig)
    i.GPIO_ReadInputDataBit                  0x08002620   Section        0  stm32f4xx_gpio.o(i.GPIO_ReadInputDataBit)
    i.GPIO_SetBits                           0x08002632   Section        0  stm32f4xx_gpio.o(i.GPIO_SetBits)
    i.HardFault_Handler                      0x08002636   Section        0  stm32f4xx_it.o(i.HardFault_Handler)
    i.KEY_Init                               0x0800263c   Section        0  key.o(i.KEY_Init)
    i.KEY_Scan                               0x08002680   Section        0  key.o(i.KEY_Scan)
    i.LED_Init                               0x08002748   Section        0  led.o(i.LED_Init)
    i.MemManage_Handler                      0x08002788   Section        0  stm32f4xx_it.o(i.MemManage_Handler)
    i.NMI_Handler                            0x0800278c   Section        0  stm32f4xx_it.o(i.NMI_Handler)
    i.NVIC_Init                              0x08002790   Section        0  misc.o(i.NVIC_Init)
    i.NVIC_PriorityGroupConfig               0x08002808   Section        0  misc.o(i.NVIC_PriorityGroupConfig)
    i.PendSV_Handler                         0x0800281c   Section        0  stm32f4xx_it.o(i.PendSV_Handler)
    i.RCC_AHB1PeriphClockCmd                 0x08002820   Section        0  stm32f4xx_rcc.o(i.RCC_AHB1PeriphClockCmd)
    i.RCC_APB1PeriphClockCmd                 0x08002840   Section        0  stm32f4xx_rcc.o(i.RCC_APB1PeriphClockCmd)
    i.RCC_APB1PeriphResetCmd                 0x08002860   Section        0  stm32f4xx_rcc.o(i.RCC_APB1PeriphResetCmd)
    i.RCC_APB2PeriphClockCmd                 0x08002880   Section        0  stm32f4xx_rcc.o(i.RCC_APB2PeriphClockCmd)
    i.RCC_APB2PeriphResetCmd                 0x080028a0   Section        0  stm32f4xx_rcc.o(i.RCC_APB2PeriphResetCmd)
    i.RCC_GetClocksFreq                      0x080028c0   Section        0  stm32f4xx_rcc.o(i.RCC_GetClocksFreq)
    i.SVC_Handler                            0x080029a8   Section        0  stm32f4xx_it.o(i.SVC_Handler)
    i.SetSysClock                            0x080029ac   Section        0  system_stm32f4xx.o(i.SetSysClock)
    SetSysClock                              0x080029ad   Thumb Code   220  system_stm32f4xx.o(i.SetSysClock)
    i.SysTick_CLKSourceConfig                0x08002a98   Section        0  misc.o(i.SysTick_CLKSourceConfig)
    i.SysTick_Handler                        0x08002ac0   Section        0  stm32f4xx_it.o(i.SysTick_Handler)
    i.SystemInit                             0x08002ac4   Section        0  system_stm32f4xx.o(i.SystemInit)
    i.TIM7_IRQHandler                        0x08002b2c   Section        0  timer.o(i.TIM7_IRQHandler)
    i.TIM7_Int_Init                          0x08002b60   Section        0  timer.o(i.TIM7_Int_Init)
    i.TIM_ClearITPendingBit                  0x08002bb4   Section        0  stm32f4xx_tim.o(i.TIM_ClearITPendingBit)
    i.TIM_Cmd                                0x08002bba   Section        0  stm32f4xx_tim.o(i.TIM_Cmd)
    i.TIM_GetITStatus                        0x08002bd2   Section        0  stm32f4xx_tim.o(i.TIM_GetITStatus)
    i.TIM_ITConfig                           0x08002bf4   Section        0  stm32f4xx_tim.o(i.TIM_ITConfig)
    i.TIM_SetCounter                         0x08002c06   Section        0  stm32f4xx_tim.o(i.TIM_SetCounter)
    i.TIM_TimeBaseInit                       0x08002c0c   Section        0  stm32f4xx_tim.o(i.TIM_TimeBaseInit)
    i.USART1_IRQHandler                      0x08002c90   Section        0  usart.o(i.USART1_IRQHandler)
    i.USART3_IRQHandler                      0x08002d18   Section        0  usart3.o(i.USART3_IRQHandler)
    i.USART_ClearFlag                        0x08002d88   Section        0  stm32f4xx_usart.o(i.USART_ClearFlag)
    i.USART_Cmd                              0x08002d9a   Section        0  stm32f4xx_usart.o(i.USART_Cmd)
    i.USART_DeInit                           0x08002db4   Section        0  stm32f4xx_usart.o(i.USART_DeInit)
    i.USART_GetFlagStatus                    0x08002ea4   Section        0  stm32f4xx_usart.o(i.USART_GetFlagStatus)
    i.USART_GetITStatus                      0x08002ebe   Section        0  stm32f4xx_usart.o(i.USART_GetITStatus)
    i.USART_ITConfig                         0x08002f12   Section        0  stm32f4xx_usart.o(i.USART_ITConfig)
    i.USART_Init                             0x08002f5c   Section        0  stm32f4xx_usart.o(i.USART_Init)
    i.USART_ReceiveData                      0x08003030   Section        0  stm32f4xx_usart.o(i.USART_ReceiveData)
    i.USART_SendData                         0x0800303a   Section        0  stm32f4xx_usart.o(i.USART_SendData)
    i.UsageFault_Handler                     0x08003042   Section        0  stm32f4xx_it.o(i.UsageFault_Handler)
    i.__ARM_fpclassify                       0x08003046   Section        0  fpclassify.o(i.__ARM_fpclassify)
    i._is_digit                              0x08003076   Section        0  __printf_wp.o(i._is_digit)
    i._sys_exit                              0x08003084   Section        0  usart.o(i._sys_exit)
    i.ble_check_cmd                          0x08003088   Section        0  ble_uart.o(i.ble_check_cmd)
    i.ble_send_cmd                           0x080030bc   Section        0  ble_uart.o(i.ble_send_cmd)
    i.delay_init                             0x08003140   Section        0  delay.o(i.delay_init)
    i.delay_ms                               0x0800317c   Section        0  delay.o(i.delay_ms)
    i.delay_xms                              0x080031b4   Section        0  delay.o(i.delay_xms)
    i.fputc                                  0x08003200   Section        0  usart.o(i.fputc)
    i.main                                   0x0800321c   Section        0  main.o(i.main)
    i.u3_printf                              0x08003244   Section        0  usart3.o(i.u3_printf)
    i.uart_init                              0x08003294   Section        0  usart.o(i.uart_init)
    i.usart3_init                            0x08003348   Section        0  usart3.o(i.usart3_init)
    locale$$code                             0x08003414   Section       44  lc_numeric_c.o(locale$$code)
    locale$$code                             0x08003440   Section       44  lc_ctype_c.o(locale$$code)
    x$fpl$fpinit                             0x0800346c   Section       10  fpinit.o(x$fpl$fpinit)
    $v0                                      0x0800346c   Number         0  fpinit.o(x$fpl$fpinit)
    x$fpl$printf1                            0x08003476   Section        4  printf1.o(x$fpl$printf1)
    $v0                                      0x08003476   Number         0  printf1.o(x$fpl$printf1)
    x$fpl$printf2                            0x0800347a   Section        4  printf2.o(x$fpl$printf2)
    $v0                                      0x0800347a   Number         0  printf2.o(x$fpl$printf2)
    .constdata                               0x0800347e   Section       17  __printf_flags_ss_wp.o(.constdata)
    x$fpl$usenofp                            0x0800347e   Section        0  usenofp.o(x$fpl$usenofp)
    maptable                                 0x0800347e   Data          17  __printf_flags_ss_wp.o(.constdata)
    .constdata                               0x08003490   Section        8  _printf_wctomb.o(.constdata)
    initial_mbstate                          0x08003490   Data           8  _printf_wctomb.o(.constdata)
    .constdata                               0x08003498   Section       40  _printf_hex_int_ll_ptr.o(.constdata)
    uc_hextab                                0x08003498   Data          20  _printf_hex_int_ll_ptr.o(.constdata)
    lc_hextab                                0x080034ac   Data          20  _printf_hex_int_ll_ptr.o(.constdata)
    .constdata                               0x080034c0   Section       38  _printf_fp_hex.o(.constdata)
    lc_hextab                                0x080034c0   Data          19  _printf_fp_hex.o(.constdata)
    uc_hextab                                0x080034d3   Data          19  _printf_fp_hex.o(.constdata)
    .constdata                               0x080034e8   Section      148  bigflt0.o(.constdata)
    tenpwrs_x                                0x080034e8   Data          60  bigflt0.o(.constdata)
    tenpwrs_i                                0x08003524   Data          64  bigflt0.o(.constdata)
    locale$$data                             0x0800359c   Section       28  lc_numeric_c.o(locale$$data)
    __lcnum_c_name                           0x080035a0   Data           2  lc_numeric_c.o(locale$$data)
    __lcnum_c_start                          0x080035a8   Data           0  lc_numeric_c.o(locale$$data)
    __lcnum_c_point                          0x080035b4   Data           0  lc_numeric_c.o(locale$$data)
    __lcnum_c_thousands                      0x080035b6   Data           0  lc_numeric_c.o(locale$$data)
    __lcnum_c_grouping                       0x080035b7   Data           0  lc_numeric_c.o(locale$$data)
    locale$$data                             0x080035b8   Section      272  lc_ctype_c.o(locale$$data)
    __lcnum_c_end                            0x080035b8   Data           0  lc_numeric_c.o(locale$$data)
    __lcctype_c_name                         0x080035bc   Data           2  lc_ctype_c.o(locale$$data)
    __lcctype_c_start                        0x080035c4   Data           0  lc_ctype_c.o(locale$$data)
    __lcctype_c_end                          0x080036c8   Data           0  lc_ctype_c.o(locale$$data)
    .data                                    0x20000000   Section        1  key.o(.data)
    key_up                                   0x20000000   Data           1  key.o(.data)
    .data                                    0x20000002   Section        2  usart3.o(.data)
    .data                                    0x20000004   Section        4  delay.o(.data)
    fac_us                                   0x20000004   Data           1  delay.o(.data)
    fac_ms                                   0x20000006   Data           2  delay.o(.data)
    .data                                    0x20000008   Section        6  usart.o(.data)
    .data                                    0x2000000e   Section       16  stm32f4xx_rcc.o(.data)
    APBAHBPrescTable                         0x2000000e   Data          16  stm32f4xx_rcc.o(.data)
    .data                                    0x2000001e   Section        3  ble_app.o(.data)
    num                                      0x2000001e   Data           1  ble_app.o(.data)
    flag1                                    0x2000001f   Data           1  ble_app.o(.data)
    flag2                                    0x20000020   Data           1  ble_app.o(.data)
    .bss                                     0x20000028   Section     1640  usart3.o(.bss)
    .bss                                     0x20000690   Section      200  usart.o(.bss)
    .bss                                     0x20000758   Section       50  ble_app.o(.bss)
    .bss                                     0x2000078c   Section       96  libspace.o(.bss)
    HEAP                                     0x200007f0   Section      512  startup_stm32f40_41xxx.o(HEAP)
    Heap_Mem                                 0x200007f0   Data         512  startup_stm32f40_41xxx.o(HEAP)
    STACK                                    0x200009f0   Section     1024  startup_stm32f40_41xxx.o(STACK)
    Stack_Mem                                0x200009f0   Data        1024  startup_stm32f40_41xxx.o(STACK)
    __initial_sp                             0x20000df0   Data           0  startup_stm32f40_41xxx.o(STACK)

    Global Symbols

    Symbol Name                              Value     Ov Type        Size  Object(Section)

    BuildAttributes$$THM_ISAv4$E$P$D$K$B$S$7EM$VFPi3$EXTD16$VFPS$VFMA$PE$A:L22UL41UL21$X:L11$S22US41US21$IEEE1$IW$USESV6$~STKCKD$USESV7$~SHL$OTIME$ROPI$IEEEJ$EBA8$UX$STANDARDLIB$REQ8$PRES8$EABIv2 0x00000000   Number         0  anon$$obj.o ABSOLUTE
    __ARM_use_no_argv                        0x00000000   Number         0  main.o ABSOLUTE
    _printf_flags                            0x00000000   Number         0  printf_stubs.o ABSOLUTE
    _printf_return_value                     0x00000000   Number         0  printf_stubs.o ABSOLUTE
    _printf_sizespec                         0x00000000   Number         0  printf_stubs.o ABSOLUTE
    _printf_widthprec                        0x00000000   Number         0  printf_stubs.o ABSOLUTE
    __ARM_exceptions_init                     - Undefined Weak Reference
    __alloca_initialize                       - Undefined Weak Reference
    __arm_preinit_                            - Undefined Weak Reference
    __cpp_initialize__aeabi_                  - Undefined Weak Reference
    __cxa_finalize                            - Undefined Weak Reference
    __sigvec_lookup                           - Undefined Weak Reference
    _atexit_init                              - Undefined Weak Reference
    _call_atexit_fns                          - Undefined Weak Reference
    _clock_init                               - Undefined Weak Reference
    _fp_trap_init                             - Undefined Weak Reference
    _fp_trap_shutdown                         - Undefined Weak Reference
    _get_lc_collate                           - Undefined Weak Reference
    _get_lc_monetary                          - Undefined Weak Reference
    _get_lc_time                              - Undefined Weak Reference
    _getenv_init                              - Undefined Weak Reference
    _handle_redirection                       - Undefined Weak Reference
    _init_alloc                               - Undefined Weak Reference
    _init_user_alloc                          - Undefined Weak Reference
    _initio                                   - Undefined Weak Reference
    _mutex_acquire                            - Undefined Weak Reference
    _mutex_release                            - Undefined Weak Reference
    _printf_mbtowc                            - Undefined Weak Reference
    _printf_wc                                - Undefined Weak Reference
    _rand_init                                - Undefined Weak Reference
    _signal_finish                            - Undefined Weak Reference
    _signal_init                              - Undefined Weak Reference
    _terminate_alloc                          - Undefined Weak Reference
    _terminate_user_alloc                     - Undefined Weak Reference
    _terminateio                              - Undefined Weak Reference
    __Vectors_Size                           0x00000188   Number         0  startup_stm32f40_41xxx.o ABSOLUTE
    __Vectors                                0x08000000   Data           4  startup_stm32f40_41xxx.o(RESET)
    __Vectors_End                            0x08000188   Data           0  startup_stm32f40_41xxx.o(RESET)
    __main                                   0x08000189   Thumb Code     8  __main.o(!!!main)
    __scatterload                            0x08000191   Thumb Code     0  __scatter.o(!!!scatter)
    __scatterload_rt2                        0x08000191   Thumb Code    44  __scatter.o(!!!scatter)
    __scatterload_rt2_thumb_only             0x08000191   Thumb Code     0  __scatter.o(!!!scatter)
    __scatterload_null                       0x0800019f   Thumb Code     0  __scatter.o(!!!scatter)
    __scatterload_copy                       0x080001c5   Thumb Code    26  __scatter_copy.o(!!handler_copy)
    __scatterload_zeroinit                   0x080001e1   Thumb Code    28  __scatter_zi.o(!!handler_zi)
    _printf_n                                0x080001fd   Thumb Code     0  _printf_n.o(.ARM.Collect$$_printf_percent$$00000001)
    _printf_percent                          0x080001fd   Thumb Code     0  _printf_percent.o(.ARM.Collect$$_printf_percent$$00000000)
    _printf_p                                0x08000203   Thumb Code     0  _printf_p.o(.ARM.Collect$$_printf_percent$$00000002)
    _printf_f                                0x08000209   Thumb Code     0  _printf_f.o(.ARM.Collect$$_printf_percent$$00000003)
    _printf_e                                0x0800020f   Thumb Code     0  _printf_e.o(.ARM.Collect$$_printf_percent$$00000004)
    _printf_g                                0x08000215   Thumb Code     0  _printf_g.o(.ARM.Collect$$_printf_percent$$00000005)
    _printf_a                                0x0800021b   Thumb Code     0  _printf_a.o(.ARM.Collect$$_printf_percent$$00000006)
    _printf_ll                               0x08000221   Thumb Code     0  _printf_ll.o(.ARM.Collect$$_printf_percent$$00000007)
    _printf_i                                0x0800022b   Thumb Code     0  _printf_i.o(.ARM.Collect$$_printf_percent$$00000008)
    _printf_d                                0x08000231   Thumb Code     0  _printf_d.o(.ARM.Collect$$_printf_percent$$00000009)
    _printf_u                                0x08000237   Thumb Code     0  _printf_u.o(.ARM.Collect$$_printf_percent$$0000000A)
    _printf_o                                0x0800023d   Thumb Code     0  _printf_o.o(.ARM.Collect$$_printf_percent$$0000000B)
    _printf_x                                0x08000243   Thumb Code     0  _printf_x.o(.ARM.Collect$$_printf_percent$$0000000C)
    _printf_lli                              0x08000249   Thumb Code     0  _printf_lli.o(.ARM.Collect$$_printf_percent$$0000000D)
    _printf_lld                              0x0800024f   Thumb Code     0  _printf_lld.o(.ARM.Collect$$_printf_percent$$0000000E)
    _printf_llu                              0x08000255   Thumb Code     0  _printf_llu.o(.ARM.Collect$$_printf_percent$$0000000F)
    _printf_llo                              0x0800025b   Thumb Code     0  _printf_llo.o(.ARM.Collect$$_printf_percent$$00000010)
    _printf_llx                              0x08000261   Thumb Code     0  _printf_llx.o(.ARM.Collect$$_printf_percent$$00000011)
    _printf_l                                0x08000267   Thumb Code     0  _printf_l.o(.ARM.Collect$$_printf_percent$$00000012)
    _printf_c                                0x08000271   Thumb Code     0  _printf_c.o(.ARM.Collect$$_printf_percent$$00000013)
    _printf_s                                0x08000277   Thumb Code     0  _printf_s.o(.ARM.Collect$$_printf_percent$$00000014)
    _printf_lc                               0x0800027d   Thumb Code     0  _printf_lc.o(.ARM.Collect$$_printf_percent$$00000015)
    _printf_ls                               0x08000283   Thumb Code     0  _printf_ls.o(.ARM.Collect$$_printf_percent$$00000016)
    _printf_percent_end                      0x08000289   Thumb Code     0  _printf_percent_end.o(.ARM.Collect$$_printf_percent$$00000017)
    __rt_lib_init                            0x0800028d   Thumb Code     0  libinit.o(.ARM.Collect$$libinit$$00000000)
    __rt_lib_init_fp_1                       0x0800028f   Thumb Code     0  libinit2.o(.ARM.Collect$$libinit$$00000001)
    __rt_lib_init_heap_1                     0x08000293   Thumb Code     0  libinit2.o(.ARM.Collect$$libinit$$0000000A)
    __rt_lib_init_lc_common                  0x08000293   Thumb Code     0  libinit2.o(.ARM.Collect$$libinit$$0000000F)
    __rt_lib_init_preinit_1                  0x08000293   Thumb Code     0  libinit2.o(.ARM.Collect$$libinit$$00000004)
    __rt_lib_init_rand_1                     0x08000293   Thumb Code     0  libinit2.o(.ARM.Collect$$libinit$$0000000E)
    __rt_lib_init_user_alloc_1               0x08000293   Thumb Code     0  libinit2.o(.ARM.Collect$$libinit$$0000000C)
    __rt_lib_init_lc_collate_1               0x08000299   Thumb Code     0  libinit2.o(.ARM.Collect$$libinit$$00000011)
    __rt_lib_init_lc_ctype_2                 0x08000299   Thumb Code     0  libinit2.o(.ARM.Collect$$libinit$$00000012)
    __rt_lib_init_lc_ctype_1                 0x080002a5   Thumb Code     0  libinit2.o(.ARM.Collect$$libinit$$00000013)
    __rt_lib_init_lc_monetary_1              0x080002a5   Thumb Code     0  libinit2.o(.ARM.Collect$$libinit$$00000015)
    __rt_lib_init_lc_numeric_2               0x080002a5   Thumb Code     0  libinit2.o(.ARM.Collect$$libinit$$00000016)
    __rt_lib_init_alloca_1                   0x080002af   Thumb Code     0  libinit2.o(.ARM.Collect$$libinit$$0000002E)
    __rt_lib_init_argv_1                     0x080002af   Thumb Code     0  libinit2.o(.ARM.Collect$$libinit$$0000002C)
    __rt_lib_init_atexit_1                   0x080002af   Thumb Code     0  libinit2.o(.ARM.Collect$$libinit$$0000001B)
    __rt_lib_init_clock_1                    0x080002af   Thumb Code     0  libinit2.o(.ARM.Collect$$libinit$$00000021)
    __rt_lib_init_cpp_1                      0x080002af   Thumb Code     0  libinit2.o(.ARM.Collect$$libinit$$00000032)
    __rt_lib_init_exceptions_1               0x080002af   Thumb Code     0  libinit2.o(.ARM.Collect$$libinit$$00000030)
    __rt_lib_init_fp_trap_1                  0x080002af   Thumb Code     0  libinit2.o(.ARM.Collect$$libinit$$0000001F)
    __rt_lib_init_getenv_1                   0x080002af   Thumb Code     0  libinit2.o(.ARM.Collect$$libinit$$00000023)
    __rt_lib_init_lc_numeric_1               0x080002af   Thumb Code     0  libinit2.o(.ARM.Collect$$libinit$$00000017)
    __rt_lib_init_lc_time_1                  0x080002af   Thumb Code     0  libinit2.o(.ARM.Collect$$libinit$$00000019)
    __rt_lib_init_return                     0x080002af   Thumb Code     0  libinit2.o(.ARM.Collect$$libinit$$00000033)
    __rt_lib_init_signal_1                   0x080002af   Thumb Code     0  libinit2.o(.ARM.Collect$$libinit$$0000001D)
    __rt_lib_init_stdio_1                    0x080002af   Thumb Code     0  libinit2.o(.ARM.Collect$$libinit$$00000025)
    __rt_lib_shutdown                        0x080002b1   Thumb Code     0  libshutdown.o(.ARM.Collect$$libshutdown$$00000000)
    __rt_lib_shutdown_cpp_1                  0x080002b3   Thumb Code     0  libshutdown2.o(.ARM.Collect$$libshutdown$$00000002)
    __rt_lib_shutdown_fp_trap_1              0x080002b3   Thumb Code     0  libshutdown2.o(.ARM.Collect$$libshutdown$$00000007)
    __rt_lib_shutdown_heap_1                 0x080002b3   Thumb Code     0  libshutdown2.o(.ARM.Collect$$libshutdown$$0000000F)
    __rt_lib_shutdown_return                 0x080002b3   Thumb Code     0  libshutdown2.o(.ARM.Collect$$libshutdown$$00000010)
    __rt_lib_shutdown_signal_1               0x080002b3   Thumb Code     0  libshutdown2.o(.ARM.Collect$$libshutdown$$0000000A)
    __rt_lib_shutdown_stdio_1                0x080002b3   Thumb Code     0  libshutdown2.o(.ARM.Collect$$libshutdown$$00000004)
    __rt_lib_shutdown_user_alloc_1           0x080002b3   Thumb Code     0  libshutdown2.o(.ARM.Collect$$libshutdown$$0000000C)
    __rt_entry                               0x080002b5   Thumb Code     0  __rtentry.o(.ARM.Collect$$rtentry$$00000000)
    __rt_entry_presh_1                       0x080002b5   Thumb Code     0  __rtentry2.o(.ARM.Collect$$rtentry$$00000002)
    __rt_entry_sh                            0x080002b5   Thumb Code     0  __rtentry4.o(.ARM.Collect$$rtentry$$00000004)
    __rt_entry_li                            0x080002bb   Thumb Code     0  __rtentry2.o(.ARM.Collect$$rtentry$$0000000A)
    __rt_entry_postsh_1                      0x080002bb   Thumb Code     0  __rtentry2.o(.ARM.Collect$$rtentry$$00000009)
    __rt_entry_main                          0x080002bf   Thumb Code     0  __rtentry2.o(.ARM.Collect$$rtentry$$0000000D)
    __rt_entry_postli_1                      0x080002bf   Thumb Code     0  __rtentry2.o(.ARM.Collect$$rtentry$$0000000C)
    __rt_exit                                0x080002c7   Thumb Code     0  rtexit.o(.ARM.Collect$$rtexit$$00000000)
    __rt_exit_ls                             0x080002c9   Thumb Code     0  rtexit2.o(.ARM.Collect$$rtexit$$00000003)
    __rt_exit_prels_1                        0x080002c9   Thumb Code     0  rtexit2.o(.ARM.Collect$$rtexit$$00000002)
    __rt_exit_exit                           0x080002cd   Thumb Code     0  rtexit2.o(.ARM.Collect$$rtexit$$00000004)
    Reset_Handler                            0x080002d5   Thumb Code     8  startup_stm32f40_41xxx.o(.text)
    ADC_IRQHandler                           0x080002ef   Thumb Code     0  startup_stm32f40_41xxx.o(.text)
    CAN1_RX0_IRQHandler                      0x080002ef   Thumb Code     0  startup_stm32f40_41xxx.o(.text)
    CAN1_RX1_IRQHandler                      0x080002ef   Thumb Code     0  startup_stm32f40_41xxx.o(.text)
    CAN1_SCE_IRQHandler                      0x080002ef   Thumb Code     0  startup_stm32f40_41xxx.o(.text)
    CAN1_TX_IRQHandler                       0x080002ef   Thumb Code     0  startup_stm32f40_41xxx.o(.text)
    CAN2_RX0_IRQHandler                      0x080002ef   Thumb Code     0  startup_stm32f40_41xxx.o(.text)
    CAN2_RX1_IRQHandler                      0x080002ef   Thumb Code     0  startup_stm32f40_41xxx.o(.text)
    CAN2_SCE_IRQHandler                      0x080002ef   Thumb Code     0  startup_stm32f40_41xxx.o(.text)
    CAN2_TX_IRQHandler                       0x080002ef   Thumb Code     0  startup_stm32f40_41xxx.o(.text)
    CRYP_IRQHandler                          0x080002ef   Thumb Code     0  startup_stm32f40_41xxx.o(.text)
    DCMI_IRQHandler                          0x080002ef   Thumb Code     0  startup_stm32f40_41xxx.o(.text)
    DMA1_Stream0_IRQHandler                  0x080002ef   Thumb Code     0  startup_stm32f40_41xxx.o(.text)
    DMA1_Stream1_IRQHandler                  0x080002ef   Thumb Code     0  startup_stm32f40_41xxx.o(.text)
    DMA1_Stream2_IRQHandler                  0x080002ef   Thumb Code     0  startup_stm32f40_41xxx.o(.text)
    DMA1_Stream3_IRQHandler                  0x080002ef   Thumb Code     0  startup_stm32f40_41xxx.o(.text)
    DMA1_Stream4_IRQHandler                  0x080002ef   Thumb Code     0  startup_stm32f40_41xxx.o(.text)
    DMA1_Stream5_IRQHandler                  0x080002ef   Thumb Code     0  startup_stm32f40_41xxx.o(.text)
    DMA1_Stream6_IRQHandler                  0x080002ef   Thumb Code     0  startup_stm32f40_41xxx.o(.text)
    DMA1_Stream7_IRQHandler                  0x080002ef   Thumb Code     0  startup_stm32f40_41xxx.o(.text)
    DMA2_Stream0_IRQHandler                  0x080002ef   Thumb Code     0  startup_stm32f40_41xxx.o(.text)
    DMA2_Stream1_IRQHandler                  0x080002ef   Thumb Code     0  startup_stm32f40_41xxx.o(.text)
    DMA2_Stream2_IRQHandler                  0x080002ef   Thumb Code     0  startup_stm32f40_41xxx.o(.text)
    DMA2_Stream3_IRQHandler                  0x080002ef   Thumb Code     0  startup_stm32f40_41xxx.o(.text)
    DMA2_Stream4_IRQHandler                  0x080002ef   Thumb Code     0  startup_stm32f40_41xxx.o(.text)
    DMA2_Stream5_IRQHandler                  0x080002ef   Thumb Code     0  startup_stm32f40_41xxx.o(.text)
    DMA2_Stream6_IRQHandler                  0x080002ef   Thumb Code     0  startup_stm32f40_41xxx.o(.text)
    DMA2_Stream7_IRQHandler                  0x080002ef   Thumb Code     0  startup_stm32f40_41xxx.o(.text)
    ETH_IRQHandler                           0x080002ef   Thumb Code     0  startup_stm32f40_41xxx.o(.text)
    ETH_WKUP_IRQHandler                      0x080002ef   Thumb Code     0  startup_stm32f40_41xxx.o(.text)
    EXTI0_IRQHandler                         0x080002ef   Thumb Code     0  startup_stm32f40_41xxx.o(.text)
    EXTI15_10_IRQHandler                     0x080002ef   Thumb Code     0  startup_stm32f40_41xxx.o(.text)
    EXTI1_IRQHandler                         0x080002ef   Thumb Code     0  startup_stm32f40_41xxx.o(.text)
    EXTI2_IRQHandler                         0x080002ef   Thumb Code     0  startup_stm32f40_41xxx.o(.text)
    EXTI3_IRQHandler                         0x080002ef   Thumb Code     0  startup_stm32f40_41xxx.o(.text)
    EXTI4_IRQHandler                         0x080002ef   Thumb Code     0  startup_stm32f40_41xxx.o(.text)
    EXTI9_5_IRQHandler                       0x080002ef   Thumb Code     0  startup_stm32f40_41xxx.o(.text)
    FLASH_IRQHandler                         0x080002ef   Thumb Code     0  startup_stm32f40_41xxx.o(.text)
    FPU_IRQHandler                           0x080002ef   Thumb Code     0  startup_stm32f40_41xxx.o(.text)
    FSMC_IRQHandler                          0x080002ef   Thumb Code     0  startup_stm32f40_41xxx.o(.text)
    HASH_RNG_IRQHandler                      0x080002ef   Thumb Code     0  startup_stm32f40_41xxx.o(.text)
    I2C1_ER_IRQHandler                       0x080002ef   Thumb Code     0  startup_stm32f40_41xxx.o(.text)
    I2C1_EV_IRQHandler                       0x080002ef   Thumb Code     0  startup_stm32f40_41xxx.o(.text)
    I2C2_ER_IRQHandler                       0x080002ef   Thumb Code     0  startup_stm32f40_41xxx.o(.text)
    I2C2_EV_IRQHandler                       0x080002ef   Thumb Code     0  startup_stm32f40_41xxx.o(.text)
    I2C3_ER_IRQHandler                       0x080002ef   Thumb Code     0  startup_stm32f40_41xxx.o(.text)
    I2C3_EV_IRQHandler                       0x080002ef   Thumb Code     0  startup_stm32f40_41xxx.o(.text)
    OTG_FS_IRQHandler                        0x080002ef   Thumb Code     0  startup_stm32f40_41xxx.o(.text)
    OTG_FS_WKUP_IRQHandler                   0x080002ef   Thumb Code     0  startup_stm32f40_41xxx.o(.text)
    OTG_HS_EP1_IN_IRQHandler                 0x080002ef   Thumb Code     0  startup_stm32f40_41xxx.o(.text)
    OTG_HS_EP1_OUT_IRQHandler                0x080002ef   Thumb Code     0  startup_stm32f40_41xxx.o(.text)
    OTG_HS_IRQHandler                        0x080002ef   Thumb Code     0  startup_stm32f40_41xxx.o(.text)
    OTG_HS_WKUP_IRQHandler                   0x080002ef   Thumb Code     0  startup_stm32f40_41xxx.o(.text)
    PVD_IRQHandler                           0x080002ef   Thumb Code     0  startup_stm32f40_41xxx.o(.text)
    RCC_IRQHandler                           0x080002ef   Thumb Code     0  startup_stm32f40_41xxx.o(.text)
    RTC_Alarm_IRQHandler                     0x080002ef   Thumb Code     0  startup_stm32f40_41xxx.o(.text)
    RTC_WKUP_IRQHandler                      0x080002ef   Thumb Code     0  startup_stm32f40_41xxx.o(.text)
    SDIO_IRQHandler                          0x080002ef   Thumb Code     0  startup_stm32f40_41xxx.o(.text)
    SPI1_IRQHandler                          0x080002ef   Thumb Code     0  startup_stm32f40_41xxx.o(.text)
    SPI2_IRQHandler                          0x080002ef   Thumb Code     0  startup_stm32f40_41xxx.o(.text)
    SPI3_IRQHandler                          0x080002ef   Thumb Code     0  startup_stm32f40_41xxx.o(.text)
    TAMP_STAMP_IRQHandler                    0x080002ef   Thumb Code     0  startup_stm32f40_41xxx.o(.text)
    TIM1_BRK_TIM9_IRQHandler                 0x080002ef   Thumb Code     0  startup_stm32f40_41xxx.o(.text)
    TIM1_CC_IRQHandler                       0x080002ef   Thumb Code     0  startup_stm32f40_41xxx.o(.text)
    TIM1_TRG_COM_TIM11_IRQHandler            0x080002ef   Thumb Code     0  startup_stm32f40_41xxx.o(.text)
    TIM1_UP_TIM10_IRQHandler                 0x080002ef   Thumb Code     0  startup_stm32f40_41xxx.o(.text)
    TIM2_IRQHandler                          0x080002ef   Thumb Code     0  startup_stm32f40_41xxx.o(.text)
    TIM3_IRQHandler                          0x080002ef   Thumb Code     0  startup_stm32f40_41xxx.o(.text)
    TIM4_IRQHandler                          0x080002ef   Thumb Code     0  startup_stm32f40_41xxx.o(.text)
    TIM5_IRQHandler                          0x080002ef   Thumb Code     0  startup_stm32f40_41xxx.o(.text)
    TIM6_DAC_IRQHandler                      0x080002ef   Thumb Code     0  startup_stm32f40_41xxx.o(.text)
    TIM8_BRK_TIM12_IRQHandler                0x080002ef   Thumb Code     0  startup_stm32f40_41xxx.o(.text)
    TIM8_CC_IRQHandler                       0x080002ef   Thumb Code     0  startup_stm32f40_41xxx.o(.text)
    TIM8_TRG_COM_TIM14_IRQHandler            0x080002ef   Thumb Code     0  startup_stm32f40_41xxx.o(.text)
    TIM8_UP_TIM13_IRQHandler                 0x080002ef   Thumb Code     0  startup_stm32f40_41xxx.o(.text)
    UART4_IRQHandler                         0x080002ef   Thumb Code     0  startup_stm32f40_41xxx.o(.text)
    UART5_IRQHandler                         0x080002ef   Thumb Code     0  startup_stm32f40_41xxx.o(.text)
    USART2_IRQHandler                        0x080002ef   Thumb Code     0  startup_stm32f40_41xxx.o(.text)
    USART6_IRQHandler                        0x080002ef   Thumb Code     0  startup_stm32f40_41xxx.o(.text)
    WWDG_IRQHandler                          0x080002ef   Thumb Code     0  startup_stm32f40_41xxx.o(.text)
    __user_initial_stackheap                 0x080002f1   Thumb Code     0  startup_stm32f40_41xxx.o(.text)
    __use_no_semihosting                     0x08000315   Thumb Code     2  use_no_semi_2.o(.text)
    vsprintf                                 0x08000319   Thumb Code    32  vsprintf.o(.text)
    __2printf                                0x0800033d   Thumb Code    20  __2printf.o(.text)
    __2sprintf                               0x08000355   Thumb Code    38  __2sprintf.o(.text)
    _printf_str                              0x08000381   Thumb Code    82  _printf_str.o(.text)
    _printf_int_dec                          0x080003d5   Thumb Code   104  _printf_dec.o(.text)
    __printf                                 0x0800044d   Thumb Code   388  __printf_flags_ss_wp.o(.text)
    strstr                                   0x080005d5   Thumb Code    36  strstr.o(.text)
    strlen                                   0x080005f9   Thumb Code    62  strlen.o(.text)
    __aeabi_memclr                           0x08000637   Thumb Code     0  rt_memclr.o(.text)
    __rt_memclr                              0x08000637   Thumb Code    68  rt_memclr.o(.text)
    _memset                                  0x0800063b   Thumb Code     0  rt_memclr.o(.text)
    __use_two_region_memory                  0x0800067b   Thumb Code     2  heapauxi.o(.text)
    __rt_heap_escrow$2region                 0x0800067d   Thumb Code     2  heapauxi.o(.text)
    __rt_heap_expand$2region                 0x0800067f   Thumb Code     2  heapauxi.o(.text)
    __I$use$semihosting                      0x08000681   Thumb Code     0  use_no_semi.o(.text)
    __use_no_semihosting_swi                 0x08000681   Thumb Code     2  use_no_semi.o(.text)
    _printf_pre_padding                      0x08000683   Thumb Code    44  _printf_pad.o(.text)
    _printf_post_padding                     0x080006af   Thumb Code    34  _printf_pad.o(.text)
    _printf_truncate_signed                  0x080006d1   Thumb Code    18  _printf_truncate.o(.text)
    _printf_truncate_unsigned                0x080006e3   Thumb Code    18  _printf_truncate.o(.text)
    _printf_int_common                       0x080006f5   Thumb Code   178  _printf_intcommon.o(.text)
    _printf_charcount                        0x080007a7   Thumb Code    40  _printf_charcount.o(.text)
    _printf_char_common                      0x080007db   Thumb Code    32  _printf_char_common.o(.text)
    _sputc                                   0x08000801   Thumb Code    10  _sputc.o(.text)
    _printf_cs_common                        0x0800080b   Thumb Code    20  _printf_char.o(.text)
    _printf_char                             0x0800081f   Thumb Code    16  _printf_char.o(.text)
    _printf_string                           0x0800082f   Thumb Code     8  _printf_char.o(.text)
    _printf_char_file                        0x08000839   Thumb Code    32  _printf_char_file.o(.text)
    _printf_wctomb                           0x0800085d   Thumb Code   182  _printf_wctomb.o(.text)
    _printf_longlong_dec                     0x08000919   Thumb Code   108  _printf_longlong_dec.o(.text)
    _printf_longlong_oct                     0x08000995   Thumb Code    66  _printf_oct_int_ll.o(.text)
    _printf_int_oct                          0x080009d7   Thumb Code    24  _printf_oct_int_ll.o(.text)
    _printf_ll_oct                           0x080009ef   Thumb Code    12  _printf_oct_int_ll.o(.text)
    _printf_longlong_hex                     0x08000a05   Thumb Code    86  _printf_hex_int_ll_ptr.o(.text)
    _printf_int_hex                          0x08000a5b   Thumb Code    28  _printf_hex_int_ll_ptr.o(.text)
    _printf_ll_hex                           0x08000a77   Thumb Code    12  _printf_hex_int_ll_ptr.o(.text)
    _printf_hex_ptr                          0x08000a83   Thumb Code    18  _printf_hex_int_ll_ptr.o(.text)
    __aeabi_memclr4                          0x08000a99   Thumb Code     0  rt_memclr_w.o(.text)
    __aeabi_memclr8                          0x08000a99   Thumb Code     0  rt_memclr_w.o(.text)
    __rt_memclr_w                            0x08000a99   Thumb Code    78  rt_memclr_w.o(.text)
    _memset_w                                0x08000a9d   Thumb Code     0  rt_memclr_w.o(.text)
    _ll_udiv10                               0x08000ae7   Thumb Code   138  lludiv10.o(.text)
    __lib_sel_fp_printf                      0x08000b71   Thumb Code     2  _printf_fp_dec.o(.text)
    _printf_fp_dec_real                      0x08000d1f   Thumb Code   620  _printf_fp_dec.o(.text)
    _printf_fp_hex_real                      0x08000f8d   Thumb Code   756  _printf_fp_hex.o(.text)
    _printf_lcs_common                       0x08001289   Thumb Code    20  _printf_wchar.o(.text)
    _printf_wchar                            0x0800129d   Thumb Code    16  _printf_wchar.o(.text)
    _printf_wstring                          0x080012ad   Thumb Code     8  _printf_wchar.o(.text)
    ferror                                   0x080012b5   Thumb Code     8  ferror.o(.text)
    _wcrtomb                                 0x080012bd   Thumb Code    64  _wcrtomb.o(.text)
    __user_setup_stackheap                   0x080012fd   Thumb Code    74  sys_stackheap_outer.o(.text)
    __rt_ctype_table                         0x08001349   Thumb Code    16  rt_ctype_table.o(.text)
    __rt_locale                              0x08001359   Thumb Code     8  rt_locale_intlibspace.o(.text)
    _printf_fp_infnan                        0x08001361   Thumb Code   112  _printf_fp_infnan.o(.text)
    _btod_etento                             0x080013e1   Thumb Code   216  bigflt0.o(.text)
    exit                                     0x080014bd   Thumb Code    18  exit.o(.text)
    __user_libspace                          0x080014d1   Thumb Code     8  libspace.o(.text)
    __user_perproc_libspace                  0x080014d1   Thumb Code     0  libspace.o(.text)
    __user_perthread_libspace                0x080014d1   Thumb Code     0  libspace.o(.text)
    strcmp                                   0x080014d9   Thumb Code   128  strcmpv7m.o(.text)
    _btod_d2e                                0x08001559   Thumb Code    62  btod.o(CL$$btod_d2e)
    _d2e_denorm_low                          0x08001597   Thumb Code    70  btod.o(CL$$btod_d2e_denorm_low)
    _d2e_norm_op1                            0x080015dd   Thumb Code    96  btod.o(CL$$btod_d2e_norm_op1)
    __btod_div_common                        0x0800163d   Thumb Code   696  btod.o(CL$$btod_div_common)
    _e2e                                     0x08001975   Thumb Code   198  btod.o(CL$$btod_e2e)
    _btod_ediv                               0x08001a3b   Thumb Code    40  btod.o(CL$$btod_ediv)
    _btod_emul                               0x08001a63   Thumb Code    40  btod.o(CL$$btod_emul)
    __btod_mult_common                       0x08001a8b   Thumb Code   580  btod.o(CL$$btod_mult_common)
    Ble_IoInit                               0x08001cd1   Thumb Code    98  ble_app.o(i.Ble_IoInit)
    Ble_Process                              0x08001d41   Thumb Code   224  ble_app.o(i.Ble_Process)
    Ble_ReceData                             0x08001e85   Thumb Code   136  ble_app.o(i.Ble_ReceData)
    Ble_SendData                             0x08001f3d   Thumb Code    46  ble_app.o(i.Ble_SendData)
    Ble_SetInit                              0x08001f9d   Thumb Code   834  ble_app.o(i.Ble_SetInit)
    Ble_Test                                 0x0800250d   Thumb Code    18  ble_app.o(i.Ble_Test)
    BusFault_Handler                         0x08002545   Thumb Code     4  stm32f4xx_it.o(i.BusFault_Handler)
    DebugMon_Handler                         0x08002549   Thumb Code     2  stm32f4xx_it.o(i.DebugMon_Handler)
    GPIO_Init                                0x0800254b   Thumb Code   144  stm32f4xx_gpio.o(i.GPIO_Init)
    GPIO_PinAFConfig                         0x080025db   Thumb Code    70  stm32f4xx_gpio.o(i.GPIO_PinAFConfig)
    GPIO_ReadInputDataBit                    0x08002621   Thumb Code    18  stm32f4xx_gpio.o(i.GPIO_ReadInputDataBit)
    GPIO_SetBits                             0x08002633   Thumb Code     4  stm32f4xx_gpio.o(i.GPIO_SetBits)
    HardFault_Handler                        0x08002637   Thumb Code     4  stm32f4xx_it.o(i.HardFault_Handler)
    KEY_Init                                 0x0800263d   Thumb Code    60  key.o(i.KEY_Init)
    KEY_Scan                                 0x08002681   Thumb Code   188  key.o(i.KEY_Scan)
    LED_Init                                 0x08002749   Thumb Code    60  led.o(i.LED_Init)
    MemManage_Handler                        0x08002789   Thumb Code     4  stm32f4xx_it.o(i.MemManage_Handler)
    NMI_Handler                              0x0800278d   Thumb Code     2  stm32f4xx_it.o(i.NMI_Handler)
    NVIC_Init                                0x08002791   Thumb Code   106  misc.o(i.NVIC_Init)
    NVIC_PriorityGroupConfig                 0x08002809   Thumb Code    10  misc.o(i.NVIC_PriorityGroupConfig)
    PendSV_Handler                           0x0800281d   Thumb Code     2  stm32f4xx_it.o(i.PendSV_Handler)
    RCC_AHB1PeriphClockCmd                   0x08002821   Thumb Code    26  stm32f4xx_rcc.o(i.RCC_AHB1PeriphClockCmd)
    RCC_APB1PeriphClockCmd                   0x08002841   Thumb Code    26  stm32f4xx_rcc.o(i.RCC_APB1PeriphClockCmd)
    RCC_APB1PeriphResetCmd                   0x08002861   Thumb Code    26  stm32f4xx_rcc.o(i.RCC_APB1PeriphResetCmd)
    RCC_APB2PeriphClockCmd                   0x08002881   Thumb Code    26  stm32f4xx_rcc.o(i.RCC_APB2PeriphClockCmd)
    RCC_APB2PeriphResetCmd                   0x080028a1   Thumb Code    26  stm32f4xx_rcc.o(i.RCC_APB2PeriphResetCmd)
    RCC_GetClocksFreq                        0x080028c1   Thumb Code   214  stm32f4xx_rcc.o(i.RCC_GetClocksFreq)
    SVC_Handler                              0x080029a9   Thumb Code     2  stm32f4xx_it.o(i.SVC_Handler)
    SysTick_CLKSourceConfig                  0x08002a99   Thumb Code    40  misc.o(i.SysTick_CLKSourceConfig)
    SysTick_Handler                          0x08002ac1   Thumb Code     2  stm32f4xx_it.o(i.SysTick_Handler)
    SystemInit                               0x08002ac5   Thumb Code    88  system_stm32f4xx.o(i.SystemInit)
    TIM7_IRQHandler                          0x08002b2d   Thumb Code    42  timer.o(i.TIM7_IRQHandler)
    TIM7_Int_Init                            0x08002b61   Thumb Code    78  timer.o(i.TIM7_Int_Init)
    TIM_ClearITPendingBit                    0x08002bb5   Thumb Code     6  stm32f4xx_tim.o(i.TIM_ClearITPendingBit)
    TIM_Cmd                                  0x08002bbb   Thumb Code    24  stm32f4xx_tim.o(i.TIM_Cmd)
    TIM_GetITStatus                          0x08002bd3   Thumb Code    34  stm32f4xx_tim.o(i.TIM_GetITStatus)
    TIM_ITConfig                             0x08002bf5   Thumb Code    18  stm32f4xx_tim.o(i.TIM_ITConfig)
    TIM_SetCounter                           0x08002c07   Thumb Code     4  stm32f4xx_tim.o(i.TIM_SetCounter)
    TIM_TimeBaseInit                         0x08002c0d   Thumb Code   104  stm32f4xx_tim.o(i.TIM_TimeBaseInit)
    USART1_IRQHandler                        0x08002c91   Thumb Code   122  usart.o(i.USART1_IRQHandler)
    USART3_IRQHandler                        0x08002d19   Thumb Code    96  usart3.o(i.USART3_IRQHandler)
    USART_ClearFlag                          0x08002d89   Thumb Code    18  stm32f4xx_usart.o(i.USART_ClearFlag)
    USART_Cmd                                0x08002d9b   Thumb Code    24  stm32f4xx_usart.o(i.USART_Cmd)
    USART_DeInit                             0x08002db5   Thumb Code   206  stm32f4xx_usart.o(i.USART_DeInit)
    USART_GetFlagStatus                      0x08002ea5   Thumb Code    26  stm32f4xx_usart.o(i.USART_GetFlagStatus)
    USART_GetITStatus                        0x08002ebf   Thumb Code    84  stm32f4xx_usart.o(i.USART_GetITStatus)
    USART_ITConfig                           0x08002f13   Thumb Code    74  stm32f4xx_usart.o(i.USART_ITConfig)
    USART_Init                               0x08002f5d   Thumb Code   204  stm32f4xx_usart.o(i.USART_Init)
    USART_ReceiveData                        0x08003031   Thumb Code    10  stm32f4xx_usart.o(i.USART_ReceiveData)
    USART_SendData                           0x0800303b   Thumb Code     8  stm32f4xx_usart.o(i.USART_SendData)
    UsageFault_Handler                       0x08003043   Thumb Code     4  stm32f4xx_it.o(i.UsageFault_Handler)
    __ARM_fpclassify                         0x08003047   Thumb Code    48  fpclassify.o(i.__ARM_fpclassify)
    _is_digit                                0x08003077   Thumb Code    14  __printf_wp.o(i._is_digit)
    _sys_exit                                0x08003085   Thumb Code     4  usart.o(i._sys_exit)
    ble_check_cmd                            0x08003089   Thumb Code    44  ble_uart.o(i.ble_check_cmd)
    ble_send_cmd                             0x080030bd   Thumb Code   116  ble_uart.o(i.ble_send_cmd)
    delay_init                               0x08003141   Thumb Code    52  delay.o(i.delay_init)
    delay_ms                                 0x0800317d   Thumb Code    56  delay.o(i.delay_ms)
    delay_xms                                0x080031b5   Thumb Code    72  delay.o(i.delay_xms)
    fputc                                    0x08003201   Thumb Code    22  usart.o(i.fputc)
    main                                     0x0800321d   Thumb Code    40  main.o(i.main)
    u3_printf                                0x08003245   Thumb Code    72  usart3.o(i.u3_printf)
    uart_init                                0x08003295   Thumb Code   172  usart.o(i.uart_init)
    usart3_init                              0x08003349   Thumb Code   184  usart3.o(i.usart3_init)
    _get_lc_numeric                          0x08003415   Thumb Code    44  lc_numeric_c.o(locale$$code)
    _get_lc_ctype                            0x08003441   Thumb Code    44  lc_ctype_c.o(locale$$code)
    _fp_init                                 0x0800346d   Thumb Code    10  fpinit.o(x$fpl$fpinit)
    __fplib_config_fpu_vfp                   0x08003475   Thumb Code     0  fpinit.o(x$fpl$fpinit)
    __fplib_config_pureend_doubles           0x08003475   Thumb Code     0  fpinit.o(x$fpl$fpinit)
    _printf_fp_dec                           0x08003477   Thumb Code     4  printf1.o(x$fpl$printf1)
    _printf_fp_hex                           0x0800347b   Thumb Code     4  printf2.o(x$fpl$printf2)
    __I$use$fp                               0x0800347e   Number         0  usenofp.o(x$fpl$usenofp)
    Region$$Table$$Base                      0x0800357c   Number         0  anon$$obj.o(Region$$Table)
    Region$$Table$$Limit                     0x0800359c   Number         0  anon$$obj.o(Region$$Table)
    __ctype                                  0x080035c5   Data           0  lc_ctype_c.o(locale$$data)
    USART3_RX_STA                            0x20000002   Data           2  usart3.o(.data)
    __stdout                                 0x20000008   Data           4  usart.o(.data)
    USART_RX_STA                             0x2000000c   Data           2  usart.o(.data)
    USART3_TX_BUF                            0x20000028   Data         600  usart3.o(.bss)
    USART3_RX_BUF                            0x20000280   Data        1024  usart3.o(.bss)
    USART_InitStructure                      0x20000680   Data          16  usart3.o(.bss)
    USART_RX_BUF                             0x20000690   Data         200  usart.o(.bss)
    sendbuf                                  0x20000758   Data          50  ble_app.o(.bss)
    __libspace_start                         0x2000078c   Data          96  libspace.o(.bss)
    __temporary_stack_top$libspace           0x200007ec   Data           0  libspace.o(.bss)



==============================================================================

Memory Map of the image

  Image Entry point : 0x08000189

  Load Region LR_IROM1 (Base: 0x08000000, Size: 0x000036ec, Max: 0x00100000, ABSOLUTE)

    Execution Region ER_IROM1 (Base: 0x08000000, Size: 0x000036c8, Max: 0x00100000, ABSOLUTE)

    Base Addr    Size         Type   Attr      Idx    E Section Name        Object

    0x08000000   0x00000188   Data   RO          563    RESET               startup_stm32f40_41xxx.o
    0x08000188   0x00000008   Code   RO         2727  * !!!main             c_w.l(__main.o)
    0x08000190   0x00000034   Code   RO         3024    !!!scatter          c_w.l(__scatter.o)
    0x080001c4   0x0000001a   Code   RO         3026    !!handler_copy      c_w.l(__scatter_copy.o)
    0x080001de   0x00000002   PAD
    0x080001e0   0x0000001c   Code   RO         3028    !!handler_zi        c_w.l(__scatter_zi.o)
    0x080001fc   0x00000000   Code   RO         2718    .ARM.Collect$$_printf_percent$$00000000  c_w.l(_printf_percent.o)
    0x080001fc   0x00000006   Code   RO         2780    .ARM.Collect$$_printf_percent$$00000001  c_w.l(_printf_n.o)
    0x08000202   0x00000006   Code   RO         2782    .ARM.Collect$$_printf_percent$$00000002  c_w.l(_printf_p.o)
    0x08000208   0x00000006   Code   RO         2786    .ARM.Collect$$_printf_percent$$00000003  c_w.l(_printf_f.o)
    0x0800020e   0x00000006   Code   RO         2787    .ARM.Collect$$_printf_percent$$00000004  c_w.l(_printf_e.o)
    0x08000214   0x00000006   Code   RO         2788    .ARM.Collect$$_printf_percent$$00000005  c_w.l(_printf_g.o)
    0x0800021a   0x00000006   Code   RO         2789    .ARM.Collect$$_printf_percent$$00000006  c_w.l(_printf_a.o)
    0x08000220   0x0000000a   Code   RO         2794    .ARM.Collect$$_printf_percent$$00000007  c_w.l(_printf_ll.o)
    0x0800022a   0x00000006   Code   RO         2784    .ARM.Collect$$_printf_percent$$00000008  c_w.l(_printf_i.o)
    0x08000230   0x00000006   Code   RO         2717    .ARM.Collect$$_printf_percent$$00000009  c_w.l(_printf_d.o)
    0x08000236   0x00000006   Code   RO         2785    .ARM.Collect$$_printf_percent$$0000000A  c_w.l(_printf_u.o)
    0x0800023c   0x00000006   Code   RO         2783    .ARM.Collect$$_printf_percent$$0000000B  c_w.l(_printf_o.o)
    0x08000242   0x00000006   Code   RO         2781    .ARM.Collect$$_printf_percent$$0000000C  c_w.l(_printf_x.o)
    0x08000248   0x00000006   Code   RO         2791    .ARM.Collect$$_printf_percent$$0000000D  c_w.l(_printf_lli.o)
    0x0800024e   0x00000006   Code   RO         2792    .ARM.Collect$$_printf_percent$$0000000E  c_w.l(_printf_lld.o)
    0x08000254   0x00000006   Code   RO         2793    .ARM.Collect$$_printf_percent$$0000000F  c_w.l(_printf_llu.o)
    0x0800025a   0x00000006   Code   RO         2798    .ARM.Collect$$_printf_percent$$00000010  c_w.l(_printf_llo.o)
    0x08000260   0x00000006   Code   RO         2799    .ARM.Collect$$_printf_percent$$00000011  c_w.l(_printf_llx.o)
    0x08000266   0x0000000a   Code   RO         2795    .ARM.Collect$$_printf_percent$$00000012  c_w.l(_printf_l.o)
    0x08000270   0x00000006   Code   RO         2715    .ARM.Collect$$_printf_percent$$00000013  c_w.l(_printf_c.o)
    0x08000276   0x00000006   Code   RO         2716    .ARM.Collect$$_printf_percent$$00000014  c_w.l(_printf_s.o)
    0x0800027c   0x00000006   Code   RO         2796    .ARM.Collect$$_printf_percent$$00000015  c_w.l(_printf_lc.o)
    0x08000282   0x00000006   Code   RO         2797    .ARM.Collect$$_printf_percent$$00000016  c_w.l(_printf_ls.o)
    0x08000288   0x00000004   Code   RO         2790    .ARM.Collect$$_printf_percent$$00000017  c_w.l(_printf_percent_end.o)
    0x0800028c   0x00000002   Code   RO         2888    .ARM.Collect$$libinit$$00000000  c_w.l(libinit.o)
    0x0800028e   0x00000004   Code   RO         2904    .ARM.Collect$$libinit$$00000001  c_w.l(libinit2.o)
    0x08000292   0x00000000   Code   RO         2907    .ARM.Collect$$libinit$$00000004  c_w.l(libinit2.o)
    0x08000292   0x00000000   Code   RO         2910    .ARM.Collect$$libinit$$0000000A  c_w.l(libinit2.o)
    0x08000292   0x00000000   Code   RO         2912    .ARM.Collect$$libinit$$0000000C  c_w.l(libinit2.o)
    0x08000292   0x00000000   Code   RO         2914    .ARM.Collect$$libinit$$0000000E  c_w.l(libinit2.o)
    0x08000292   0x00000006   Code   RO         2915    .ARM.Collect$$libinit$$0000000F  c_w.l(libinit2.o)
    0x08000298   0x00000000   Code   RO         2917    .ARM.Collect$$libinit$$00000011  c_w.l(libinit2.o)
    0x08000298   0x0000000c   Code   RO         2918    .ARM.Collect$$libinit$$00000012  c_w.l(libinit2.o)
    0x080002a4   0x00000000   Code   RO         2919    .ARM.Collect$$libinit$$00000013  c_w.l(libinit2.o)
    0x080002a4   0x00000000   Code   RO         2921    .ARM.Collect$$libinit$$00000015  c_w.l(libinit2.o)
    0x080002a4   0x0000000a   Code   RO         2922    .ARM.Collect$$libinit$$00000016  c_w.l(libinit2.o)
    0x080002ae   0x00000000   Code   RO         2923    .ARM.Collect$$libinit$$00000017  c_w.l(libinit2.o)
    0x080002ae   0x00000000   Code   RO         2925    .ARM.Collect$$libinit$$00000019  c_w.l(libinit2.o)
    0x080002ae   0x00000000   Code   RO         2927    .ARM.Collect$$libinit$$0000001B  c_w.l(libinit2.o)
    0x080002ae   0x00000000   Code   RO         2929    .ARM.Collect$$libinit$$0000001D  c_w.l(libinit2.o)
    0x080002ae   0x00000000   Code   RO         2931    .ARM.Collect$$libinit$$0000001F  c_w.l(libinit2.o)
    0x080002ae   0x00000000   Code   RO         2933    .ARM.Collect$$libinit$$00000021  c_w.l(libinit2.o)
    0x080002ae   0x00000000   Code   RO         2935    .ARM.Collect$$libinit$$00000023  c_w.l(libinit2.o)
    0x080002ae   0x00000000   Code   RO         2937    .ARM.Collect$$libinit$$00000025  c_w.l(libinit2.o)
    0x080002ae   0x00000000   Code   RO         2941    .ARM.Collect$$libinit$$0000002C  c_w.l(libinit2.o)
    0x080002ae   0x00000000   Code   RO         2943    .ARM.Collect$$libinit$$0000002E  c_w.l(libinit2.o)
    0x080002ae   0x00000000   Code   RO         2945    .ARM.Collect$$libinit$$00000030  c_w.l(libinit2.o)
    0x080002ae   0x00000000   Code   RO         2947    .ARM.Collect$$libinit$$00000032  c_w.l(libinit2.o)
    0x080002ae   0x00000002   Code   RO         2948    .ARM.Collect$$libinit$$00000033  c_w.l(libinit2.o)
    0x080002b0   0x00000002   Code   RO         2966    .ARM.Collect$$libshutdown$$00000000  c_w.l(libshutdown.o)
    0x080002b2   0x00000000   Code   RO         2976    .ARM.Collect$$libshutdown$$00000002  c_w.l(libshutdown2.o)
    0x080002b2   0x00000000   Code   RO         2978    .ARM.Collect$$libshutdown$$00000004  c_w.l(libshutdown2.o)
    0x080002b2   0x00000000   Code   RO         2981    .ARM.Collect$$libshutdown$$00000007  c_w.l(libshutdown2.o)
    0x080002b2   0x00000000   Code   RO         2984    .ARM.Collect$$libshutdown$$0000000A  c_w.l(libshutdown2.o)
    0x080002b2   0x00000000   Code   RO         2986    .ARM.Collect$$libshutdown$$0000000C  c_w.l(libshutdown2.o)
    0x080002b2   0x00000000   Code   RO         2989    .ARM.Collect$$libshutdown$$0000000F  c_w.l(libshutdown2.o)
    0x080002b2   0x00000002   Code   RO         2990    .ARM.Collect$$libshutdown$$00000010  c_w.l(libshutdown2.o)
    0x080002b4   0x00000000   Code   RO         2731    .ARM.Collect$$rtentry$$00000000  c_w.l(__rtentry.o)
    0x080002b4   0x00000000   Code   RO         2811    .ARM.Collect$$rtentry$$00000002  c_w.l(__rtentry2.o)
    0x080002b4   0x00000006   Code   RO         2823    .ARM.Collect$$rtentry$$00000004  c_w.l(__rtentry4.o)
    0x080002ba   0x00000000   Code   RO         2813    .ARM.Collect$$rtentry$$00000009  c_w.l(__rtentry2.o)
    0x080002ba   0x00000004   Code   RO         2814    .ARM.Collect$$rtentry$$0000000A  c_w.l(__rtentry2.o)
    0x080002be   0x00000000   Code   RO         2816    .ARM.Collect$$rtentry$$0000000C  c_w.l(__rtentry2.o)
    0x080002be   0x00000008   Code   RO         2817    .ARM.Collect$$rtentry$$0000000D  c_w.l(__rtentry2.o)
    0x080002c6   0x00000002   Code   RO         2897    .ARM.Collect$$rtexit$$00000000  c_w.l(rtexit.o)
    0x080002c8   0x00000000   Code   RO         2950    .ARM.Collect$$rtexit$$00000002  c_w.l(rtexit2.o)
    0x080002c8   0x00000004   Code   RO         2951    .ARM.Collect$$rtexit$$00000003  c_w.l(rtexit2.o)
    0x080002cc   0x00000006   Code   RO         2952    .ARM.Collect$$rtexit$$00000004  c_w.l(rtexit2.o)
    0x080002d2   0x00000002   PAD
    0x080002d4   0x00000040   Code   RO          564    .text               startup_stm32f40_41xxx.o
    0x08000314   0x00000002   Code   RO         2677    .text               c_w.l(use_no_semi_2.o)
    0x08000316   0x00000002   PAD
    0x08000318   0x00000024   Code   RO         2679    .text               c_w.l(vsprintf.o)
    0x0800033c   0x00000018   Code   RO         2681    .text               c_w.l(__2printf.o)
    0x08000354   0x0000002c   Code   RO         2683    .text               c_w.l(__2sprintf.o)
    0x08000380   0x00000052   Code   RO         2691    .text               c_w.l(_printf_str.o)
    0x080003d2   0x00000002   PAD
    0x080003d4   0x00000078   Code   RO         2693    .text               c_w.l(_printf_dec.o)
    0x0800044c   0x00000188   Code   RO         2712    .text               c_w.l(__printf_flags_ss_wp.o)
    0x080005d4   0x00000024   Code   RO         2719    .text               c_w.l(strstr.o)
    0x080005f8   0x0000003e   Code   RO         2721    .text               c_w.l(strlen.o)
    0x08000636   0x00000044   Code   RO         2723    .text               c_w.l(rt_memclr.o)
    0x0800067a   0x00000006   Code   RO         2725    .text               c_w.l(heapauxi.o)
    0x08000680   0x00000002   Code   RO         2729    .text               c_w.l(use_no_semi.o)
    0x08000682   0x0000004e   Code   RO         2732    .text               c_w.l(_printf_pad.o)
    0x080006d0   0x00000024   Code   RO         2734    .text               c_w.l(_printf_truncate.o)
    0x080006f4   0x000000b2   Code   RO         2736    .text               c_w.l(_printf_intcommon.o)
    0x080007a6   0x00000028   Code   RO         2738    .text               c_w.l(_printf_charcount.o)
    0x080007ce   0x00000002   PAD
    0x080007d0   0x00000030   Code   RO         2740    .text               c_w.l(_printf_char_common.o)
    0x08000800   0x0000000a   Code   RO         2742    .text               c_w.l(_sputc.o)
    0x0800080a   0x0000002c   Code   RO         2744    .text               c_w.l(_printf_char.o)
    0x08000836   0x00000002   PAD
    0x08000838   0x00000024   Code   RO         2746    .text               c_w.l(_printf_char_file.o)
    0x0800085c   0x000000bc   Code   RO         2748    .text               c_w.l(_printf_wctomb.o)
    0x08000918   0x0000007c   Code   RO         2751    .text               c_w.l(_printf_longlong_dec.o)
    0x08000994   0x00000070   Code   RO         2757    .text               c_w.l(_printf_oct_int_ll.o)
    0x08000a04   0x00000094   Code   RO         2777    .text               c_w.l(_printf_hex_int_ll_ptr.o)
    0x08000a98   0x0000004e   Code   RO         2800    .text               c_w.l(rt_memclr_w.o)
    0x08000ae6   0x0000008a   Code   RO         2825    .text               c_w.l(lludiv10.o)
    0x08000b70   0x0000041a   Code   RO         2827    .text               c_w.l(_printf_fp_dec.o)
    0x08000f8a   0x00000002   PAD
    0x08000f8c   0x000002fc   Code   RO         2829    .text               c_w.l(_printf_fp_hex.o)
    0x08001288   0x0000002c   Code   RO         2834    .text               c_w.l(_printf_wchar.o)
    0x080012b4   0x00000008   Code   RO         2836    .text               c_w.l(ferror.o)
    0x080012bc   0x00000040   Code   RO         2840    .text               c_w.l(_wcrtomb.o)
    0x080012fc   0x0000004a   Code   RO         2842    .text               c_w.l(sys_stackheap_outer.o)
    0x08001346   0x00000002   PAD
    0x08001348   0x00000010   Code   RO         2844    .text               c_w.l(rt_ctype_table.o)
    0x08001358   0x00000008   Code   RO         2849    .text               c_w.l(rt_locale_intlibspace.o)
    0x08001360   0x00000080   Code   RO         2851    .text               c_w.l(_printf_fp_infnan.o)
    0x080013e0   0x000000dc   Code   RO         2853    .text               c_w.l(bigflt0.o)
    0x080014bc   0x00000012   Code   RO         2881    .text               c_w.l(exit.o)
    0x080014ce   0x00000002   PAD
    0x080014d0   0x00000008   Code   RO         2894    .text               c_w.l(libspace.o)
    0x080014d8   0x00000080   Code   RO         2902    .text               c_w.l(strcmpv7m.o)
    0x08001558   0x0000003e   Code   RO         2856    CL$$btod_d2e        c_w.l(btod.o)
    0x08001596   0x00000046   Code   RO         2858    CL$$btod_d2e_denorm_low  c_w.l(btod.o)
    0x080015dc   0x00000060   Code   RO         2857    CL$$btod_d2e_norm_op1  c_w.l(btod.o)
    0x0800163c   0x00000338   Code   RO         2866    CL$$btod_div_common  c_w.l(btod.o)
    0x08001974   0x000000c6   Code   RO         2863    CL$$btod_e2e        c_w.l(btod.o)
    0x08001a3a   0x00000028   Code   RO         2860    CL$$btod_ediv       c_w.l(btod.o)
    0x08001a62   0x00000028   Code   RO         2859    CL$$btod_emul       c_w.l(btod.o)
    0x08001a8a   0x00000244   Code   RO         2865    CL$$btod_mult_common  c_w.l(btod.o)
    0x08001cce   0x00000002   PAD
    0x08001cd0   0x00000070   Code   RO         2616    i.Ble_IoInit        ble_app.o
    0x08001d40   0x00000144   Code   RO         2617    i.Ble_Process       ble_app.o
    0x08001e84   0x000000b8   Code   RO         2618    i.Ble_ReceData      ble_app.o
    0x08001f3c   0x00000060   Code   RO         2619    i.Ble_SendData      ble_app.o
    0x08001f9c   0x00000570   Code   RO         2620    i.Ble_SetInit       ble_app.o
    0x0800250c   0x00000038   Code   RO         2621    i.Ble_Test          ble_app.o
    0x08002544   0x00000004   Code   RO          161    i.BusFault_Handler  stm32f4xx_it.o
    0x08002548   0x00000002   Code   RO          162    i.DebugMon_Handler  stm32f4xx_it.o
    0x0800254a   0x00000090   Code   RO          887    i.GPIO_Init         stm32f4xx_gpio.o
    0x080025da   0x00000046   Code   RO          888    i.GPIO_PinAFConfig  stm32f4xx_gpio.o
    0x08002620   0x00000012   Code   RO          891    i.GPIO_ReadInputDataBit  stm32f4xx_gpio.o
    0x08002632   0x00000004   Code   RO          895    i.GPIO_SetBits      stm32f4xx_gpio.o
    0x08002636   0x00000004   Code   RO          163    i.HardFault_Handler  stm32f4xx_it.o
    0x0800263a   0x00000002   PAD
    0x0800263c   0x00000044   Code   RO          327    i.KEY_Init          key.o
    0x08002680   0x000000c8   Code   RO          328    i.KEY_Scan          key.o
    0x08002748   0x00000040   Code   RO          303    i.LED_Init          led.o
    0x08002788   0x00000004   Code   RO          164    i.MemManage_Handler  stm32f4xx_it.o
    0x0800278c   0x00000002   Code   RO          165    i.NMI_Handler       stm32f4xx_it.o
    0x0800278e   0x00000002   PAD
    0x08002790   0x00000078   Code   RO          571    i.NVIC_Init         misc.o
    0x08002808   0x00000014   Code   RO          572    i.NVIC_PriorityGroupConfig  misc.o
    0x0800281c   0x00000002   Code   RO          166    i.PendSV_Handler    stm32f4xx_it.o
    0x0800281e   0x00000002   PAD
    0x08002820   0x00000020   Code   RO          988    i.RCC_AHB1PeriphClockCmd  stm32f4xx_rcc.o
    0x08002840   0x00000020   Code   RO          997    i.RCC_APB1PeriphClockCmd  stm32f4xx_rcc.o
    0x08002860   0x00000020   Code   RO          999    i.RCC_APB1PeriphResetCmd  stm32f4xx_rcc.o
    0x08002880   0x00000020   Code   RO         1000    i.RCC_APB2PeriphClockCmd  stm32f4xx_rcc.o
    0x080028a0   0x00000020   Code   RO         1002    i.RCC_APB2PeriphResetCmd  stm32f4xx_rcc.o
    0x080028c0   0x000000e8   Code   RO         1009    i.RCC_GetClocksFreq  stm32f4xx_rcc.o
    0x080029a8   0x00000002   Code   RO          167    i.SVC_Handler       stm32f4xx_it.o
    0x080029aa   0x00000002   PAD
    0x080029ac   0x000000ec   Code   RO          262    i.SetSysClock       system_stm32f4xx.o
    0x08002a98   0x00000028   Code   RO          575    i.SysTick_CLKSourceConfig  misc.o
    0x08002ac0   0x00000002   Code   RO          168    i.SysTick_Handler   stm32f4xx_it.o
    0x08002ac2   0x00000002   PAD
    0x08002ac4   0x00000068   Code   RO          264    i.SystemInit        system_stm32f4xx.o
    0x08002b2c   0x00000034   Code   RO          358    i.TIM7_IRQHandler   timer.o
    0x08002b60   0x00000054   Code   RO          359    i.TIM7_Int_Init     timer.o
    0x08002bb4   0x00000006   Code   RO         1955    i.TIM_ClearITPendingBit  stm32f4xx_tim.o
    0x08002bba   0x00000018   Code   RO         1960    i.TIM_Cmd           stm32f4xx_tim.o
    0x08002bd2   0x00000022   Code   RO         1981    i.TIM_GetITStatus   stm32f4xx_tim.o
    0x08002bf4   0x00000012   Code   RO         1985    i.TIM_ITConfig      stm32f4xx_tim.o
    0x08002c06   0x00000004   Code   RO         2026    i.TIM_SetCounter    stm32f4xx_tim.o
    0x08002c0a   0x00000002   PAD
    0x08002c0c   0x00000084   Code   RO         2032    i.TIM_TimeBaseInit  stm32f4xx_tim.o
    0x08002c90   0x00000088   Code   RO          511    i.USART1_IRQHandler  usart.o
    0x08002d18   0x00000070   Code   RO          392    i.USART3_IRQHandler  usart3.o
    0x08002d88   0x00000012   Code   RO         1584    i.USART_ClearFlag   stm32f4xx_usart.o
    0x08002d9a   0x00000018   Code   RO         1588    i.USART_Cmd         stm32f4xx_usart.o
    0x08002db2   0x00000002   PAD
    0x08002db4   0x000000f0   Code   RO         1590    i.USART_DeInit      stm32f4xx_usart.o
    0x08002ea4   0x0000001a   Code   RO         1591    i.USART_GetFlagStatus  stm32f4xx_usart.o
    0x08002ebe   0x00000054   Code   RO         1592    i.USART_GetITStatus  stm32f4xx_usart.o
    0x08002f12   0x0000004a   Code   RO         1594    i.USART_ITConfig    stm32f4xx_usart.o
    0x08002f5c   0x000000d4   Code   RO         1595    i.USART_Init        stm32f4xx_usart.o
    0x08003030   0x0000000a   Code   RO         1602    i.USART_ReceiveData  stm32f4xx_usart.o
    0x0800303a   0x00000008   Code   RO         1605    i.USART_SendData    stm32f4xx_usart.o
    0x08003042   0x00000004   Code   RO          169    i.UsageFault_Handler  stm32f4xx_it.o
    0x08003046   0x00000030   Code   RO         2892    i.__ARM_fpclassify  m_wm.l(fpclassify.o)
    0x08003076   0x0000000e   Code   RO         2705    i._is_digit         c_w.l(__printf_wp.o)
    0x08003084   0x00000004   Code   RO          512    i._sys_exit         usart.o
    0x08003088   0x00000034   Code   RO         2576    i.ble_check_cmd     ble_uart.o
    0x080030bc   0x00000084   Code   RO         2577    i.ble_send_cmd      ble_uart.o
    0x08003140   0x0000003c   Code   RO          445    i.delay_init        delay.o
    0x0800317c   0x00000038   Code   RO          446    i.delay_ms          delay.o
    0x080031b4   0x0000004c   Code   RO          448    i.delay_xms         delay.o
    0x08003200   0x0000001c   Code   RO          513    i.fputc             usart.o
    0x0800321c   0x00000028   Code   RO            4    i.main              main.o
    0x08003244   0x00000050   Code   RO          393    i.u3_printf         usart3.o
    0x08003294   0x000000b4   Code   RO          514    i.uart_init         usart.o
    0x08003348   0x000000cc   Code   RO          394    i.usart3_init       usart3.o
    0x08003414   0x0000002c   Code   RO         2879    locale$$code        c_w.l(lc_numeric_c.o)
    0x08003440   0x0000002c   Code   RO         2900    locale$$code        c_w.l(lc_ctype_c.o)
    0x0800346c   0x0000000a   Code   RO         2958    x$fpl$fpinit        fz_wm.l(fpinit.o)
    0x08003476   0x00000004   Code   RO         2802    x$fpl$printf1       fz_wm.l(printf1.o)
    0x0800347a   0x00000004   Code   RO         2804    x$fpl$printf2       fz_wm.l(printf2.o)
    0x0800347e   0x00000000   Code   RO         2891    x$fpl$usenofp       fz_wm.l(usenofp.o)
    0x0800347e   0x00000011   Data   RO         2713    .constdata          c_w.l(__printf_flags_ss_wp.o)
    0x0800348f   0x00000001   PAD
    0x08003490   0x00000008   Data   RO         2749    .constdata          c_w.l(_printf_wctomb.o)
    0x08003498   0x00000028   Data   RO         2778    .constdata          c_w.l(_printf_hex_int_ll_ptr.o)
    0x080034c0   0x00000026   Data   RO         2830    .constdata          c_w.l(_printf_fp_hex.o)
    0x080034e6   0x00000002   PAD
    0x080034e8   0x00000094   Data   RO         2854    .constdata          c_w.l(bigflt0.o)
    0x0800357c   0x00000020   Data   RO         3022    Region$$Table       anon$$obj.o
    0x0800359c   0x0000001c   Data   RO         2878    locale$$data        c_w.l(lc_numeric_c.o)
    0x080035b8   0x00000110   Data   RO         2899    locale$$data        c_w.l(lc_ctype_c.o)


    Execution Region RW_IRAM1 (Base: 0x20000000, Size: 0x00000df0, Max: 0x00020000, ABSOLUTE)

    Base Addr    Size         Type   Attr      Idx    E Section Name        Object

    0x20000000   0x00000001   Data   RW          329    .data               key.o
    0x20000001   0x00000001   PAD
    0x20000002   0x00000002   Data   RW          396    .data               usart3.o
    0x20000004   0x00000004   Data   RW          449    .data               delay.o
    0x20000008   0x00000006   Data   RW          516    .data               usart.o
    0x2000000e   0x00000010   Data   RW         1041    .data               stm32f4xx_rcc.o
    0x2000001e   0x00000003   Data   RW         2623    .data               ble_app.o
    0x20000021   0x00000007   PAD
    0x20000028   0x00000668   Zero   RW          395    .bss                usart3.o
    0x20000690   0x000000c8   Zero   RW          515    .bss                usart.o
    0x20000758   0x00000032   Zero   RW         2622    .bss                ble_app.o
    0x2000078a   0x00000002   PAD
    0x2000078c   0x00000060   Zero   RW         2895    .bss                c_w.l(libspace.o)
    0x200007ec   0x00000004   PAD
    0x200007f0   0x00000200   Zero   RW          562    HEAP                startup_stm32f40_41xxx.o
    0x200009f0   0x00000400   Zero   RW          561    STACK               startup_stm32f40_41xxx.o


==============================================================================

Image component sizes


      Code (inc. data)   RO Data    RW Data    ZI Data      Debug   Object Name

      2164        808          0          3         50       5412   ble_app.o
       184         24          0          0          0       1991   ble_uart.o
       192         12          0          4          0       2284   delay.o
       268         20          0          1          0       1418   key.o
        64          4          0          0          0        615   led.o
        40          0          0          0          0     282659   main.o
       180         24          0          0          0       2401   misc.o
        64         26        392          0       1536        904   startup_stm32f40_41xxx.o
       236          0          0          0          0       3362   stm32f4xx_gpio.o
        26          0          0          0          0       4790   stm32f4xx_it.o
       392         48          0         16          0       6449   stm32f4xx_rcc.o
       218         28          0          0          0       4783   stm32f4xx_tim.o
       696         42          0          0          0       7530   stm32f4xx_usart.o
       340         32          0          0          0       1713   system_stm32f4xx.o
       136         16          0          0          0       1370   timer.o
       348         28          0          6        200       4748   usart.o
       396         44          0          2       1640       3794   usart3.o

    ----------------------------------------------------------------------
      5958       1156        424         36       3432     336223   Object Totals
         0          0         32          0          0          0   (incl. Generated)
        14          0          0          4          6          0   (incl. Padding)

    ----------------------------------------------------------------------

      Code (inc. data)   RO Data    RW Data    ZI Data      Debug   Library Member Name

        24          4          0          0          0         84   __2printf.o
        44          6          0          0          0         84   __2sprintf.o
         8          0          0          0          0         68   __main.o
       392          4         17          0          0         92   __printf_flags_ss_wp.o
        14          0          0          0          0         68   __printf_wp.o
         0          0          0          0          0          0   __rtentry.o
        12          0          0          0          0          0   __rtentry2.o
         6          0          0          0          0          0   __rtentry4.o
        52          8          0          0          0          0   __scatter.o
        26          0          0          0          0          0   __scatter_copy.o
        28          0          0          0          0          0   __scatter_zi.o
         6          0          0          0          0          0   _printf_a.o
         6          0          0          0          0          0   _printf_c.o
        44          0          0          0          0        108   _printf_char.o
        48          6          0          0          0         96   _printf_char_common.o
        36          4          0          0          0         80   _printf_char_file.o
        40          0          0          0          0         68   _printf_charcount.o
         6          0          0          0          0          0   _printf_d.o
       120         16          0          0          0         92   _printf_dec.o
         6          0          0          0          0          0   _printf_e.o
         6          0          0          0          0          0   _printf_f.o
      1050          0          0          0          0        216   _printf_fp_dec.o
       764          8         38          0          0        100   _printf_fp_hex.o
       128         16          0          0          0         84   _printf_fp_infnan.o
         6          0          0          0          0          0   _printf_g.o
       148          4         40          0          0        160   _printf_hex_int_ll_ptr.o
         6          0          0          0          0          0   _printf_i.o
       178          0          0          0          0         88   _printf_intcommon.o
        10          0          0          0          0          0   _printf_l.o
         6          0          0          0          0          0   _printf_lc.o
        10          0          0          0          0          0   _printf_ll.o
         6          0          0          0          0          0   _printf_lld.o
         6          0          0          0          0          0   _printf_lli.o
         6          0          0          0          0          0   _printf_llo.o
         6          0          0          0          0          0   _printf_llu.o
         6          0          0          0          0          0   _printf_llx.o
       124         16          0          0          0         92   _printf_longlong_dec.o
         6          0          0          0          0          0   _printf_ls.o
         6          0          0          0          0          0   _printf_n.o
         6          0          0          0          0          0   _printf_o.o
       112         10          0          0          0        124   _printf_oct_int_ll.o
         6          0          0          0          0          0   _printf_p.o
        78          0          0          0          0        108   _printf_pad.o
         0          0          0          0          0          0   _printf_percent.o
         4          0          0          0          0          0   _printf_percent_end.o
         6          0          0          0          0          0   _printf_s.o
        82          0          0          0          0         80   _printf_str.o
        36          0          0          0          0         84   _printf_truncate.o
         6          0          0          0          0          0   _printf_u.o
        44          0          0          0          0        108   _printf_wchar.o
       188          6          8          0          0         92   _printf_wctomb.o
         6          0          0          0          0          0   _printf_x.o
        10          0          0          0          0         68   _sputc.o
        64          0          0          0          0         92   _wcrtomb.o
       220          4        148          0          0         96   bigflt0.o
      1910        128          0          0          0        672   btod.o
        18          0          0          0          0         80   exit.o
         8          0          0          0          0         68   ferror.o
         6          0          0          0          0        152   heapauxi.o
        44         10        272          0          0         76   lc_ctype_c.o
        44         10         28          0          0         76   lc_numeric_c.o
         2          0          0          0          0          0   libinit.o
        34          0          0          0          0          0   libinit2.o
         2          0          0          0          0          0   libshutdown.o
         2          0          0          0          0          0   libshutdown2.o
         8          4          0          0         96         68   libspace.o
       138          0          0          0          0         80   lludiv10.o
        16          4          0          0          0         76   rt_ctype_table.o
         8          4          0          0          0         68   rt_locale_intlibspace.o
        68          0          0          0          0         68   rt_memclr.o
        78          0          0          0          0         80   rt_memclr_w.o
         2          0          0          0          0          0   rtexit.o
        10          0          0          0          0          0   rtexit2.o
       128          0          0          0          0         68   strcmpv7m.o
        62          0          0          0          0         76   strlen.o
        36          0          0          0          0         80   strstr.o
        74          0          0          0          0         80   sys_stackheap_outer.o
         2          0          0          0          0         68   use_no_semi.o
         2          0          0          0          0         68   use_no_semi_2.o
        36          4          0          0          0         76   vsprintf.o
        10          0          0          0          0        116   fpinit.o
         4          0          0          0          0        116   printf1.o
         4          0          0          0          0        116   printf2.o
         0          0          0          0          0          0   usenofp.o
        48          0          0          0          0        124   fpclassify.o

    ----------------------------------------------------------------------
      7088        276        554          0        100       4984   Library Totals
        20          0          3          0          4          0   (incl. Padding)

    ----------------------------------------------------------------------

      Code (inc. data)   RO Data    RW Data    ZI Data      Debug   Library Name

      7002        276        551          0         96       4512   c_w.l
        18          0          0          0          0        348   fz_wm.l
        48          0          0          0          0        124   m_wm.l

    ----------------------------------------------------------------------
      7088        276        554          0        100       4984   Library Totals

    ----------------------------------------------------------------------

==============================================================================


      Code (inc. data)   RO Data    RW Data    ZI Data      Debug   

     13046       1432        978         36       3532     332711   Grand Totals
     13046       1432        978         36       3532     332711   ELF Image Totals
     13046       1432        978         36          0          0   ROM Totals

==============================================================================

    Total RO  Size (Code + RO Data)                14024 (  13.70kB)
    Total RW  Size (RW Data + ZI Data)              3568 (   3.48kB)
    Total ROM Size (Code + RO Data + RW Data)      14060 (  13.73kB)

==============================================================================

