Component: ARM Compiler 5.06 update 6 (build 750) Tool: armlink [4d35ed]

==============================================================================

Section Cross References

    main.o(i.main) refers to _printf_percent.o(.ARM.Collect$$_printf_percent$$00000000) for _printf_percent
    main.o(i.main) refers to _printf_f.o(.ARM.Collect$$_printf_percent$$00000003) for _printf_f
    main.o(i.main) refers to printf1.o(x$fpl$printf1) for _printf_fp_dec
    main.o(i.main) refers to _printf_d.o(.ARM.Collect$$_printf_percent$$00000009) for _printf_d
    main.o(i.main) refers to _printf_dec.o(.text) for _printf_int_dec
    main.o(i.main) refers to stm32f4xx_hal.o(i.HAL_Init) for HAL_Init
    main.o(i.main) refers to sys.o(i.Stm32_Clock_Init) for Stm32_Clock_Init
    main.o(i.main) refers to delay.o(i.delay_init) for delay_init
    main.o(i.main) refers to usart.o(i.uart_init) for uart_init
    main.o(i.main) refers to led.o(i.LED_Init) for LED_Init
    main.o(i.main) refers to key.o(i.KEY_Init) for KEY_Init
    main.o(i.main) refers to can.o(i.CAN1_Mode_Init) for CAN1_Mode_Init
    main.o(i.main) refers to timer.o(i.PWM_Init) for PWM_Init
    main.o(i.main) refers to motor_pid.o(i.PID_struct_init) for PID_struct_init
    main.o(i.main) refers to motor.o(i.get_moto_measure) for get_moto_measure
    main.o(i.main) refers to key.o(i.KEY_Scan) for KEY_Scan
    main.o(i.main) refers to delay.o(i.delay_ms) for delay_ms
    main.o(i.main) refers to motor_pid.o(i.pid_calc) for pid_calc
    main.o(i.main) refers to f2d.o(x$fpl$f2d) for __aeabi_f2d
    main.o(i.main) refers to noretval__2printf.o(.text) for __2printf
    main.o(i.main) refers to motor.o(i.set_moto_current) for set_moto_current
    main.o(i.main) refers to main.o(.bss) for .bss
    main.o(i.main) refers to can.o(.bss) for CAN1_Handler
    main.o(i.main) refers to motor.o(.bss) for moto_info
    main.o(i.main) refers to motor.o(.bss) for moto_chassis
    stm32f4xx_it.o(i.SysTick_Handler) refers to stm32f4xx_hal.o(i.HAL_IncTick) for HAL_IncTick
    system_stm32f4xx.o(i.SystemCoreClockUpdate) refers to system_stm32f4xx.o(.data) for .data
    startup_stm32f429xx.o(STACK) refers (Special) to heapauxi.o(.text) for __use_two_region_memory
    startup_stm32f429xx.o(HEAP) refers (Special) to heapauxi.o(.text) for __use_two_region_memory
    startup_stm32f429xx.o(RESET) refers (Special) to heapauxi.o(.text) for __use_two_region_memory
    startup_stm32f429xx.o(RESET) refers to startup_stm32f429xx.o(STACK) for __initial_sp
    startup_stm32f429xx.o(RESET) refers to startup_stm32f429xx.o(.text) for Reset_Handler
    startup_stm32f429xx.o(RESET) refers to stm32f4xx_it.o(i.NMI_Handler) for NMI_Handler
    startup_stm32f429xx.o(RESET) refers to stm32f4xx_it.o(i.HardFault_Handler) for HardFault_Handler
    startup_stm32f429xx.o(RESET) refers to stm32f4xx_it.o(i.MemManage_Handler) for MemManage_Handler
    startup_stm32f429xx.o(RESET) refers to stm32f4xx_it.o(i.BusFault_Handler) for BusFault_Handler
    startup_stm32f429xx.o(RESET) refers to stm32f4xx_it.o(i.UsageFault_Handler) for UsageFault_Handler
    startup_stm32f429xx.o(RESET) refers to stm32f4xx_it.o(i.SVC_Handler) for SVC_Handler
    startup_stm32f429xx.o(RESET) refers to stm32f4xx_it.o(i.DebugMon_Handler) for DebugMon_Handler
    startup_stm32f429xx.o(RESET) refers to stm32f4xx_it.o(i.PendSV_Handler) for PendSV_Handler
    startup_stm32f429xx.o(RESET) refers to stm32f4xx_it.o(i.SysTick_Handler) for SysTick_Handler
    startup_stm32f429xx.o(RESET) refers to can.o(i.CAN1_RX0_IRQHandler) for CAN1_RX0_IRQHandler
    startup_stm32f429xx.o(RESET) refers to usart.o(i.USART1_IRQHandler) for USART1_IRQHandler
    startup_stm32f429xx.o(.text) refers (Special) to heapauxi.o(.text) for __use_two_region_memory
    startup_stm32f429xx.o(.text) refers to system_stm32f4xx.o(i.SystemInit) for SystemInit
    startup_stm32f429xx.o(.text) refers to __main.o(!!!main) for __main
    startup_stm32f429xx.o(.text) refers to startup_stm32f429xx.o(HEAP) for Heap_Mem
    startup_stm32f429xx.o(.text) refers to startup_stm32f429xx.o(STACK) for Stack_Mem
    stm32f4xx_hal.o(i.HAL_DeInit) refers to stm32f4xx_hal.o(i.HAL_MspDeInit) for HAL_MspDeInit
    stm32f4xx_hal.o(i.HAL_Delay) refers to stm32f4xx_hal.o(i.HAL_GetTick) for HAL_GetTick
    stm32f4xx_hal.o(i.HAL_GetTick) refers to stm32f4xx_hal.o(.data) for .data
    stm32f4xx_hal.o(i.HAL_IncTick) refers to stm32f4xx_hal.o(.data) for .data
    stm32f4xx_hal.o(i.HAL_Init) refers to stm32f4xx_hal_cortex.o(i.HAL_NVIC_SetPriorityGrouping) for HAL_NVIC_SetPriorityGrouping
    stm32f4xx_hal.o(i.HAL_Init) refers to stm32f4xx_hal.o(i.HAL_InitTick) for HAL_InitTick
    stm32f4xx_hal.o(i.HAL_Init) refers to stm32f4xx_hal.o(i.HAL_MspInit) for HAL_MspInit
    stm32f4xx_hal.o(i.HAL_InitTick) refers to stm32f4xx_hal_rcc.o(i.HAL_RCC_GetHCLKFreq) for HAL_RCC_GetHCLKFreq
    stm32f4xx_hal.o(i.HAL_InitTick) refers to stm32f4xx_hal_cortex.o(i.HAL_SYSTICK_Config) for HAL_SYSTICK_Config
[...]
    ..\HALLIB\STM32F4xx_HAL_Driver\Src\stm32f4xx_hal_sdram.c 0x00000000   Number         0  stm32f4xx_hal_sdram.o ABSOLUTE
    ..\HALLIB\STM32F4xx_HAL_Driver\Src\stm32f4xx_hal_spi.c 0x00000000   Number         0  stm32f4xx_hal_spi.o ABSOLUTE
    ..\HALLIB\STM32F4xx_HAL_Driver\Src\stm32f4xx_hal_sram.c 0x00000000   Number         0  stm32f4xx_hal_sram.o ABSOLUTE
    ..\HALLIB\STM32F4xx_HAL_Driver\Src\stm32f4xx_hal_tim.c 0x00000000   Number         0  stm32f4xx_hal_tim.o ABSOLUTE
    ..\HALLIB\STM32F4xx_HAL_Driver\Src\stm32f4xx_hal_tim_ex.c 0x00000000   Number         0  stm32f4xx_hal_tim_ex.o ABSOLUTE
    ..\HALLIB\STM32F4xx_HAL_Driver\Src\stm32f4xx_hal_uart.c 0x00000000   Number         0  stm32f4xx_hal_uart.o ABSOLUTE
    ..\HALLIB\STM32F4xx_HAL_Driver\Src\stm32f4xx_hal_usart.c 0x00000000   Number         0  stm32f4xx_hal_usart.o ABSOLUTE
    ..\HALLIB\STM32F4xx_HAL_Driver\Src\stm32f4xx_ll_fmc.c 0x00000000   Number         0  stm32f4xx_ll_fmc.o ABSOLUTE
    ..\HARDWARE\CAN\can.c                    0x00000000   Number         0  can.o ABSOLUTE
    ..\HARDWARE\IIC\myiic.c                  0x00000000   Number         0  myiic.o ABSOLUTE
    ..\HARDWARE\KEY\key.c                    0x00000000   Number         0  key.o ABSOLUTE
    ..\HARDWARE\LED\led.c                    0x00000000   Number         0  led.o ABSOLUTE
    ..\HARDWARE\MOTOR\motor.c                0x00000000   Number         0  motor.o ABSOLUTE
    ..\HARDWARE\MOTOR\motor_pid.c            0x00000000   Number         0  motor_pid.o ABSOLUTE
    ..\HARDWARE\TIMER\timer.c                0x00000000   Number         0  timer.o ABSOLUTE
    ..\SYSTEM\delay\delay.c                  0x00000000   Number         0  delay.o ABSOLUTE
    ..\SYSTEM\sys\sys.c                      0x00000000   Number         0  sys.o ABSOLUTE
    ..\SYSTEM\usart\usart.c                  0x00000000   Number         0  usart.o ABSOLUTE
    ..\\HALLIB\\STM32F4xx_HAL_Driver\\Src\\stm32f4xx_hal.c 0x00000000   Number         0  stm32f4xx_hal.o ABSOLUTE
    ..\\HALLIB\\STM32F4xx_HAL_Driver\\Src\\stm32f4xx_hal_can.c 0x00000000   Number         0  stm32f4xx_hal_can.o ABSOLUTE
    ..\\HALLIB\\STM32F4xx_HAL_Driver\\Src\\stm32f4xx_hal_cortex.c 0x00000000   Number         0  stm32f4xx_hal_cortex.o ABSOLUTE
    ..\\HALLIB\\STM32F4xx_HAL_Driver\\Src\\stm32f4xx_hal_dma.c 0x00000000   Number         0  stm32f4xx_hal_dma.o ABSOLUTE
    ..\\HALLIB\\STM32F4xx_HAL_Driver\\Src\\stm32f4xx_hal_dma2d.c 0x00000000   Number         0  stm32f4xx_hal_dma2d.o ABSOLUTE
    ..\\HALLIB\\STM32F4xx_HAL_Driver\\Src\\stm32f4xx_hal_dma_ex.c 0x00000000   Number         0  stm32f4xx_hal_dma_ex.o ABSOLUTE
    ..\\HALLIB\\STM32F4xx_HAL_Driver\\Src\\stm32f4xx_hal_gpio.c 0x00000000   Number         0  stm32f4xx_hal_gpio.o ABSOLUTE
    ..\\HALLIB\\STM32F4xx_HAL_Driver\\Src\\stm32f4xx_hal_ltdc.c 0x00000000   Number         0  stm32f4xx_hal_ltdc.o ABSOLUTE
    ..\\HALLIB\\STM32F4xx_HAL_Driver\\Src\\stm32f4xx_hal_ltdc_ex.c 0x00000000   Number         0  stm32f4xx_hal_ltdc_ex.o ABSOLUTE
    ..\\HALLIB\\STM32F4xx_HAL_Driver\\Src\\stm32f4xx_hal_pwr.c 0x00000000   Number         0  stm32f4xx_hal_pwr.o ABSOLUTE
    ..\\HALLIB\\STM32F4xx_HAL_Driver\\Src\\stm32f4xx_hal_pwr_ex.c 0x00000000   Number         0  stm32f4xx_hal_pwr_ex.o ABSOLUTE
    ..\\HALLIB\\STM32F4xx_HAL_Driver\\Src\\stm32f4xx_hal_rcc.c 0x00000000   Number         0  stm32f4xx_hal_rcc.o ABSOLUTE
    ..\\HALLIB\\STM32F4xx_HAL_Driver\\Src\\stm32f4xx_hal_rcc_ex.c 0x00000000   Number         0  stm32f4xx_hal_rcc_ex.o ABSOLUTE
    ..\\HALLIB\\STM32F4xx_HAL_Driver\\Src\\stm32f4xx_hal_sdram.c 0x00000000   Number         0  stm32f4xx_hal_sdram.o ABSOLUTE
    ..\\HALLIB\\STM32F4xx_HAL_Driver\\Src\\stm32f4xx_hal_spi.c 0x00000000   Number         0  stm32f4xx_hal_spi.o ABSOLUTE
    ..\\HALLIB\\STM32F4xx_HAL_Driver\\Src\\stm32f4xx_hal_sram.c 0x00000000   Number         0  stm32f4xx_hal_sram.o ABSOLUTE
    ..\\HALLIB\\STM32F4xx_HAL_Driver\\Src\\stm32f4xx_hal_tim.c 0x00000000   Number         0  stm32f4xx_hal_tim.o ABSOLUTE
    ..\\HALLIB\\STM32F4xx_HAL_Driver\\Src\\stm32f4xx_hal_tim_ex.c 0x00000000   Number         0  stm32f4xx_hal_tim_ex.o ABSOLUTE
    ..\\HALLIB\\STM32F4xx_HAL_Driver\\Src\\stm32f4xx_hal_uart.c 0x00000000   Number         0  stm32f4xx_hal_uart.o ABSOLUTE
    ..\\HALLIB\\STM32F4xx_HAL_Driver\\Src\\stm32f4xx_hal_usart.c 0x00000000   Number         0  stm32f4xx_hal_usart.o ABSOLUTE
    ..\\HALLIB\\STM32F4xx_HAL_Driver\\Src\\stm32f4xx_ll_fmc.c 0x00000000   Number         0  stm32f4xx_ll_fmc.o ABSOLUTE
    ..\\HARDWARE\\CAN\\can.c                 0x00000000   Number         0  can.o ABSOLUTE
    ..\\HARDWARE\\IIC\\myiic.c               0x00000000   Number         0  myiic.o ABSOLUTE
    ..\\HARDWARE\\KEY\\key.c                 0x00000000   Number         0  key.o ABSOLUTE
    ..\\HARDWARE\\LED\\led.c                 0x00000000   Number         0  led.o ABSOLUTE
    ..\\HARDWARE\\MOTOR\\motor.c             0x00000000   Number         0  motor.o ABSOLUTE
    ..\\HARDWARE\\MOTOR\\motor_pid.c         0x00000000   Number         0  motor_pid.o ABSOLUTE
    ..\\HARDWARE\\TIMER\\timer.c             0x00000000   Number         0  timer.o ABSOLUTE
    ..\\SYSTEM\\delay\\delay.c               0x00000000   Number         0  delay.o ABSOLUTE
    ..\\SYSTEM\\sys\\sys.c                   0x00000000   Number         0  sys.o ABSOLUTE
    ..\\SYSTEM\\usart\\usart.c               0x00000000   Number         0  usart.o ABSOLUTE
    dc.s                                     0x00000000   Number         0  dc.o ABSOLUTE
    main.c                                   0x00000000   Number         0  main.o ABSOLUTE
    main.c                                   0x00000000   Number         0  main.o ABSOLUTE
    stm32f4xx_it.c                           0x00000000   Number         0  stm32f4xx_it.o ABSOLUTE
    stm32f4xx_it.c                           0x00000000   Number         0  stm32f4xx_it.o ABSOLUTE
    system_stm32f4xx.c                       0x00000000   Number         0  system_stm32f4xx.o ABSOLUTE
    system_stm32f4xx.c                       0x00000000   Number         0  system_stm32f4xx.o ABSOLUTE
    RESET                                    0x08000000   Section      428  startup_stm32f429xx.o(RESET)
    !!!main                                  0x080001ac   Section        8  __main.o(!!!main)
    !!!scatter                               0x080001b4   Section       52  __scatter.o(!!!scatter)
    !!handler_copy                           0x080001e8   Section       26  __scatter_copy.o(!!handler_copy)
    !!handler_zi                             0x08000204   Section       28  __scatter_zi.o(!!handler_zi)
    .ARM.Collect$$_printf_percent$$00000000  0x08000220   Section        0  _printf_percent.o(.ARM.Collect$$_printf_percent$$00000000)
    .ARM.Collect$$_printf_percent$$00000003  0x08000220   Section        6  _printf_f.o(.ARM.Collect$$_printf_percent$$00000003)
    .ARM.Collect$$_printf_percent$$00000009  0x08000226   Section        6  _printf_d.o(.ARM.Collect$$_printf_percent$$00000009)
    .ARM.Collect$$_printf_percent$$00000017  0x0800022c   Section        4  _printf_percent_end.o(.ARM.Collect$$_printf_percent$$00000017)
    .ARM.Collect$$libinit$$00000000          0x08000230   Section        2  libinit.o(.ARM.Collect$$libinit$$00000000)
    .ARM.Collect$$libinit$$00000001          0x08000232   Section        4  libinit2.o(.ARM.Collect$$libinit$$00000001)
    .ARM.Collect$$libinit$$00000004          0x08000236   Section        0  libinit2.o(.ARM.Collect$$libinit$$00000004)
    .ARM.Collect$$libinit$$0000000A          0x08000236   Section        0  libinit2.o(.ARM.Collect$$libinit$$0000000A)
    .ARM.Collect$$libinit$$0000000C          0x08000236   Section        0  libinit2.o(.ARM.Collect$$libinit$$0000000C)
    .ARM.Collect$$libinit$$0000000E          0x08000236   Section        0  libinit2.o(.ARM.Collect$$libinit$$0000000E)
    .ARM.Collect$$libinit$$0000000F          0x08000236   Section        6  libinit2.o(.ARM.Collect$$libinit$$0000000F)
    .ARM.Collect$$libinit$$00000011          0x0800023c   Section        0  libinit2.o(.ARM.Collect$$libinit$$00000011)
    .ARM.Collect$$libinit$$00000013          0x0800023c   Section        0  libinit2.o(.ARM.Collect$$libinit$$00000013)
    .ARM.Collect$$libinit$$00000015          0x0800023c   Section        0  libinit2.o(.ARM.Collect$$libinit$$00000015)
    .ARM.Collect$$libinit$$00000016          0x0800023c   Section       10  libinit2.o(.ARM.Collect$$libinit$$00000016)
    .ARM.Collect$$libinit$$00000017          0x08000246   Section        0  libinit2.o(.ARM.Collect$$libinit$$00000017)
    .ARM.Collect$$libinit$$00000019          0x08000246   Section        0  libinit2.o(.ARM.Collect$$libinit$$00000019)
    .ARM.Collect$$libinit$$0000001B          0x08000246   Section        0  libinit2.o(.ARM.Collect$$libinit$$0000001B)
    .ARM.Collect$$libinit$$0000001D          0x08000246   Section        0  libinit2.o(.ARM.Collect$$libinit$$0000001D)
    .ARM.Collect$$libinit$$0000001F          0x08000246   Section        0  libinit2.o(.ARM.Collect$$libinit$$0000001F)
    .ARM.Collect$$libinit$$00000021          0x08000246   Section        0  libinit2.o(.ARM.Collect$$libinit$$00000021)
    .ARM.Collect$$libinit$$00000023          0x08000246   Section        0  libinit2.o(.ARM.Collect$$libinit$$00000023)
    .ARM.Collect$$libinit$$00000025          0x08000246   Section        0  libinit2.o(.ARM.Collect$$libinit$$00000025)
    .ARM.Collect$$libinit$$0000002C          0x08000246   Section        0  libinit2.o(.ARM.Collect$$libinit$$0000002C)
    .ARM.Collect$$libinit$$0000002E          0x08000246   Section        0  libinit2.o(.ARM.Collect$$libinit$$0000002E)
    .ARM.Collect$$libinit$$00000030          0x08000246   Section        0  libinit2.o(.ARM.Collect$$libinit$$00000030)
    .ARM.Collect$$libinit$$00000032          0x08000246   Section        0  libinit2.o(.ARM.Collect$$libinit$$00000032)
    .ARM.Collect$$libinit$$00000033          0x08000246   Section        2  libinit2.o(.ARM.Collect$$libinit$$00000033)
    .ARM.Collect$$libshutdown$$00000000      0x08000248   Section        2  libshutdown.o(.ARM.Collect$$libshutdown$$00000000)
    .ARM.Collect$$libshutdown$$00000002      0x0800024a   Section        0  libshutdown2.o(.ARM.Collect$$libshutdown$$00000002)
    .ARM.Collect$$libshutdown$$00000004      0x0800024a   Section        0  libshutdown2.o(.ARM.Collect$$libshutdown$$00000004)
    .ARM.Collect$$libshutdown$$00000007      0x0800024a   Section        0  libshutdown2.o(.ARM.Collect$$libshutdown$$00000007)
    .ARM.Collect$$libshutdown$$0000000A      0x0800024a   Section        0  libshutdown2.o(.ARM.Collect$$libshutdown$$0000000A)
    .ARM.Collect$$libshutdown$$0000000C      0x0800024a   Section        0  libshutdown2.o(.ARM.Collect$$libshutdown$$0000000C)
    .ARM.Collect$$libshutdown$$0000000F      0x0800024a   Section        0  libshutdown2.o(.ARM.Collect$$libshutdown$$0000000F)
    .ARM.Collect$$libshutdown$$00000010      0x0800024a   Section        2  libshutdown2.o(.ARM.Collect$$libshutdown$$00000010)
    .ARM.Collect$$rtentry$$00000000          0x0800024c   Section        0  __rtentry.o(.ARM.Collect$$rtentry$$00000000)
    .ARM.Collect$$rtentry$$00000002          0x0800024c   Section        0  __rtentry2.o(.ARM.Collect$$rtentry$$00000002)
    .ARM.Collect$$rtentry$$00000004          0x0800024c   Section        6  __rtentry4.o(.ARM.Collect$$rtentry$$00000004)
    .ARM.Collect$$rtentry$$00000009          0x08000252   Section        0  __rtentry2.o(.ARM.Collect$$rtentry$$00000009)
    .ARM.Collect$$rtentry$$0000000A          0x08000252   Section        4  __rtentry2.o(.ARM.Collect$$rtentry$$0000000A)
    .ARM.Collect$$rtentry$$0000000C          0x08000256   Section        0  __rtentry2.o(.ARM.Collect$$rtentry$$0000000C)
    .ARM.Collect$$rtentry$$0000000D          0x08000256   Section        8  __rtentry2.o(.ARM.Collect$$rtentry$$0000000D)
    .ARM.Collect$$rtexit$$00000000           0x0800025e   Section        2  rtexit.o(.ARM.Collect$$rtexit$$00000000)
    .ARM.Collect$$rtexit$$00000002           0x08000260   Section        0  rtexit2.o(.ARM.Collect$$rtexit$$00000002)
    .ARM.Collect$$rtexit$$00000003           0x08000260   Section        4  rtexit2.o(.ARM.Collect$$rtexit$$00000003)
    .ARM.Collect$$rtexit$$00000004           0x08000264   Section        6  rtexit2.o(.ARM.Collect$$rtexit$$00000004)
    .text                                    0x0800026c   Section       64  startup_stm32f429xx.o(.text)
    $v0                                      0x0800026c   Number         0  startup_stm32f429xx.o(.text)
    .text                                    0x080002ac   Section        2  use_no_semi_2.o(.text)
    .text                                    0x080002b0   Section        0  noretval__2printf.o(.text)
    .text                                    0x080002c8   Section        0  __printf.o(.text)
    .text                                    0x08000330   Section        0  _printf_dec.o(.text)
    .text                                    0x080003a8   Section        0  heapauxi.o(.text)
    .text                                    0x080003ae   Section        2  use_no_semi.o(.text)
    .text                                    0x080003b0   Section        0  _printf_intcommon.o(.text)
    .text                                    0x08000462   Section        0  _printf_fp_dec.o(.text)
    _fp_digits                               0x08000465   Thumb Code   432  _printf_fp_dec.o(.text)
    .text                                    0x08000880   Section        0  _printf_char_file.o(.text)
    .text                                    0x080008a4   Section        8  rt_locale_intlibspace.o(.text)
    .text                                    0x080008ac   Section      138  lludiv10.o(.text)
    .text                                    0x08000938   Section        0  _printf_char_common.o(.text)
    _printf_input_char                       0x08000939   Thumb Code    10  _printf_char_common.o(.text)
    .text                                    0x08000968   Section        0  _printf_fp_infnan.o(.text)
    .text                                    0x080009e8   Section        0  bigflt0.o(.text)
    .text                                    0x08000acc   Section        0  ferror.o(.text)
    .text                                    0x08000ad4   Section        8  libspace.o(.text)
    .text                                    0x08000adc   Section       74  sys_stackheap_outer.o(.text)
    .text                                    0x08000b26   Section        0  exit.o(.text)
    .text                                    0x08000b38   Section      128  strcmpv7m.o(.text)
    CL$$btod_d2e                             0x08000bb8   Section       62  btod.o(CL$$btod_d2e)
    CL$$btod_d2e_denorm_low                  0x08000bf6   Section       70  btod.o(CL$$btod_d2e_denorm_low)
    CL$$btod_d2e_norm_op1                    0x08000c3c   Section       96  btod.o(CL$$btod_d2e_norm_op1)
    CL$$btod_div_common                      0x08000c9c   Section      824  btod.o(CL$$btod_div_common)
    CL$$btod_e2e                             0x08000fd4   Section      220  btod.o(CL$$btod_e2e)
    CL$$btod_ediv                            0x080010b0   Section       42  btod.o(CL$$btod_ediv)
    CL$$btod_emul                            0x080010da   Section       42  btod.o(CL$$btod_emul)
    CL$$btod_mult_common                     0x08001104   Section      580  btod.o(CL$$btod_mult_common)
    i.BusFault_Handler                       0x08001348   Section        0  stm32f4xx_it.o(i.BusFault_Handler)
    i.CAN1_Mode_Init                         0x0800134c   Section        0  can.o(i.CAN1_Mode_Init)
    i.CAN1_RX0_IRQHandler                    0x080013b8   Section        0  can.o(i.CAN1_RX0_IRQHandler)
    i.CAN_Receive_IT                         0x080013c4   Section        0  stm32f4xx_hal_can.o(i.CAN_Receive_IT)
    CAN_Receive_IT                           0x080013c5   Thumb Code   294  stm32f4xx_hal_can.o(i.CAN_Receive_IT)
    i.CAN_Transmit_IT                        0x080014ea   Section        0  stm32f4xx_hal_can.o(i.CAN_Transmit_IT)
    CAN_Transmit_IT                          0x080014eb   Thumb Code    96  stm32f4xx_hal_can.o(i.CAN_Transmit_IT)
    i.DebugMon_Handler                       0x0800154a   Section        0  stm32f4xx_it.o(i.DebugMon_Handler)
    i.HAL_CAN_ConfigFilter                   0x0800154c   Section        0  stm32f4xx_hal_can.o(i.HAL_CAN_ConfigFilter)
    i.HAL_CAN_ErrorCallback                  0x08001630   Section        0  stm32f4xx_hal_can.o(i.HAL_CAN_ErrorCallback)
    i.HAL_CAN_IRQHandler                     0x08001634   Section        0  stm32f4xx_hal_can.o(i.HAL_CAN_IRQHandler)
    i.HAL_CAN_Init                           0x080017b4   Section        0  stm32f4xx_hal_can.o(i.HAL_CAN_Init)
    i.HAL_CAN_MspInit                        0x080018f8   Section        0  can.o(i.HAL_CAN_MspInit)
    i.HAL_CAN_Receive                        0x0800196c   Section        0  stm32f4xx_hal_can.o(i.HAL_CAN_Receive)
    i.HAL_CAN_RxCpltCallback                 0x08001aac   Section        0  can.o(i.HAL_CAN_RxCpltCallback)
    i.HAL_CAN_Transmit                       0x08001b08   Section        0  stm32f4xx_hal_can.o(i.HAL_CAN_Transmit)
    i.HAL_CAN_TxCpltCallback                 0x08001c7c   Section        0  stm32f4xx_hal_can.o(i.HAL_CAN_TxCpltCallback)
    i.HAL_GPIO_Init                          0x08001c80   Section        0  stm32f4xx_hal_gpio.o(i.HAL_GPIO_Init)
    i.HAL_GPIO_ReadPin                       0x08001e5c   Section        0  stm32f4xx_hal_gpio.o(i.HAL_GPIO_ReadPin)
    i.HAL_GPIO_WritePin                      0x08001e66   Section        0  stm32f4xx_hal_gpio.o(i.HAL_GPIO_WritePin)
    i.HAL_GetTick                            0x08001e70   Section        0  stm32f4xx_hal.o(i.HAL_GetTick)
    i.HAL_IncTick                            0x08001e7c   Section        0  stm32f4xx_hal.o(i.HAL_IncTick)
    i.HAL_Init                               0x08001e8c   Section        0  stm32f4xx_hal.o(i.HAL_Init)
    i.HAL_InitTick                           0x08001ec0   Section        0  stm32f4xx_hal.o(i.HAL_InitTick)
    i.HAL_MspInit                            0x08001ee2   Section        0  stm32f4xx_hal.o(i.HAL_MspInit)
    i.HAL_NVIC_EnableIRQ                     0x08001eea   Section        0  stm32f4xx_hal_cortex.o(i.HAL_NVIC_EnableIRQ)
    i.HAL_NVIC_SetPriority                   0x08001f00   Section        0  stm32f4xx_hal_cortex.o(i.HAL_NVIC_SetPriority)
    i.HAL_NVIC_SetPriorityGrouping           0x08001f40   Section        0  stm32f4xx_hal_cortex.o(i.HAL_NVIC_SetPriorityGrouping)
    i.HAL_PWREx_EnableOverDrive              0x08001f64   Section        0  stm32f4xx_hal_pwr_ex.o(i.HAL_PWREx_EnableOverDrive)
    i.HAL_RCC_ClockConfig                    0x08001fec   Section        0  stm32f4xx_hal_rcc.o(i.HAL_RCC_ClockConfig)
    i.HAL_RCC_GetHCLKFreq                    0x080021f4   Section        0  stm32f4xx_hal_rcc.o(i.HAL_RCC_GetHCLKFreq)
    i.HAL_RCC_GetPCLK1Freq                   0x08002228   Section        0  stm32f4xx_hal_rcc.o(i.HAL_RCC_GetPCLK1Freq)
    i.HAL_RCC_GetPCLK2Freq                   0x08002254   Section        0  stm32f4xx_hal_rcc.o(i.HAL_RCC_GetPCLK2Freq)
    i.HAL_RCC_GetSysClockFreq                0x08002280   Section        0  stm32f4xx_hal_rcc.o(i.HAL_RCC_GetSysClockFreq)
    i.HAL_RCC_OscConfig                      0x080022f4   Section        0  stm32f4xx_hal_rcc.o(i.HAL_RCC_OscConfig)
    i.HAL_SYSTICK_CLKSourceConfig            0x08002610   Section        0  stm32f4xx_hal_cortex.o(i.HAL_SYSTICK_CLKSourceConfig)
    i.HAL_SYSTICK_Config                     0x08002628   Section        0  stm32f4xx_hal_cortex.o(i.HAL_SYSTICK_Config)
    i.HAL_TIM_PWM_ConfigChannel              0x08002650   Section        0  stm32f4xx_hal_tim.o(i.HAL_TIM_PWM_ConfigChannel)
    i.HAL_TIM_PWM_Init                       0x08002720   Section        0  stm32f4xx_hal_tim.o(i.HAL_TIM_PWM_Init)
    i.HAL_TIM_PWM_MspInit                    0x08002758   Section        0  timer.o(i.HAL_TIM_PWM_MspInit)
    i.HAL_TIM_PWM_Start                      0x080027d8   Section        0  stm32f4xx_hal_tim.o(i.HAL_TIM_PWM_Start)
    i.HAL_UART_ErrorCallback                 0x08002810   Section        0  stm32f4xx_hal_uart.o(i.HAL_UART_ErrorCallback)
    i.HAL_UART_IRQHandler                    0x08002812   Section        0  stm32f4xx_hal_uart.o(i.HAL_UART_IRQHandler)
    i.HAL_UART_Init                          0x08002906   Section        0  stm32f4xx_hal_uart.o(i.HAL_UART_Init)
    i.HAL_UART_MspInit                       0x08002964   Section        0  usart.o(i.HAL_UART_MspInit)
    i.HAL_UART_Receive                       0x080029f8   Section        0  stm32f4xx_hal_uart.o(i.HAL_UART_Receive)
    i.HAL_UART_RxCpltCallback                0x08002ac2   Section        0  stm32f4xx_hal_uart.o(i.HAL_UART_RxCpltCallback)
    i.HAL_UART_TxCpltCallback                0x08002ac4   Section        0  stm32f4xx_hal_uart.o(i.HAL_UART_TxCpltCallback)
    i.HardFault_Handler                      0x08002ac6   Section        0  stm32f4xx_it.o(i.HardFault_Handler)
    i.KEY_Init                               0x08002ac8   Section        0  key.o(i.KEY_Init)
    i.KEY_Scan                               0x08002b48   Section        0  key.o(i.KEY_Scan)
    i.LED_Init                               0x08002c20   Section        0  led.o(i.LED_Init)
    i.MemManage_Handler                      0x08002c6c   Section        0  stm32f4xx_it.o(i.MemManage_Handler)
    i.NMI_Handler                            0x08002c6e   Section        0  stm32f4xx_it.o(i.NMI_Handler)
    i.NVIC_SetPriority                       0x08002c70   Section        0  stm32f4xx_hal_cortex.o(i.NVIC_SetPriority)
    NVIC_SetPriority                         0x08002c71   Thumb Code    32  stm32f4xx_hal_cortex.o(i.NVIC_SetPriority)
    i.PID_struct_init                        0x08002c90   Section        0  motor_pid.o(i.PID_struct_init)
    i.PWM_Init                               0x08002ca8   Section        0  timer.o(i.PWM_Init)
    i.PendSV_Handler                         0x08002cd0   Section        0  stm32f4xx_it.o(i.PendSV_Handler)
    i.SVC_Handler                            0x08002cd2   Section        0  stm32f4xx_it.o(i.SVC_Handler)
    i.Stm32_Clock_Init                       0x08002cd4   Section        0  sys.o(i.Stm32_Clock_Init)
    i.SysTick_Handler                        0x08002d58   Section        0  stm32f4xx_it.o(i.SysTick_Handler)
    i.SystemInit                             0x08002d5c   Section        0  system_stm32f4xx.o(i.SystemInit)
    i.TIM3_PWM_Init                          0x08002db0   Section        0  timer.o(i.TIM3_PWM_Init)
    i.TIM_Base_SetConfig                     0x08002e4c   Section        0  stm32f4xx_hal_tim.o(i.TIM_Base_SetConfig)
    i.TIM_CCxChannelCmd                      0x08002f0c   Section        0  stm32f4xx_hal_tim.o(i.TIM_CCxChannelCmd)
    i.TIM_OC1_SetConfig                      0x08002f24   Section        0  stm32f4xx_hal_tim.o(i.TIM_OC1_SetConfig)
    TIM_OC1_SetConfig                        0x08002f25   Thumb Code    80  stm32f4xx_hal_tim.o(i.TIM_OC1_SetConfig)
    i.TIM_OC2_SetConfig                      0x08002f7c   Section        0  stm32f4xx_hal_tim.o(i.TIM_OC2_SetConfig)
    i.TIM_OC3_SetConfig                      0x08002fe0   Section        0  stm32f4xx_hal_tim.o(i.TIM_OC3_SetConfig)
    TIM_OC3_SetConfig                        0x08002fe1   Thumb Code    88  stm32f4xx_hal_tim.o(i.TIM_OC3_SetConfig)
    i.TIM_OC4_SetConfig                      0x08003040   Section        0  stm32f4xx_hal_tim.o(i.TIM_OC4_SetConfig)
    TIM_OC4_SetConfig                        0x08003041   Thumb Code    70  stm32f4xx_hal_tim.o(i.TIM_OC4_SetConfig)
    i.UART_Receive_IT                        0x08003090   Section        0  stm32f4xx_hal_uart.o(i.UART_Receive_IT)
    UART_Receive_IT                          0x08003091   Thumb Code   166  stm32f4xx_hal_uart.o(i.UART_Receive_IT)
    i.UART_SetConfig                         0x08003138   Section        0  stm32f4xx_hal_uart.o(i.UART_SetConfig)
    UART_SetConfig                           0x08003139   Thumb Code   364  stm32f4xx_hal_uart.o(i.UART_SetConfig)
    i.UART_Transmit_IT                       0x080032ac   Section        0  stm32f4xx_hal_uart.o(i.UART_Transmit_IT)
    UART_Transmit_IT                         0x080032ad   Thumb Code   102  stm32f4xx_hal_uart.o(i.UART_Transmit_IT)
    i.UART_WaitOnFlagUntilTimeout            0x08003312   Section        0  stm32f4xx_hal_uart.o(i.UART_WaitOnFlagUntilTimeout)
    UART_WaitOnFlagUntilTimeout              0x08003313   Thumb Code   146  stm32f4xx_hal_uart.o(i.UART_WaitOnFlagUntilTimeout)
    i.USART1_IRQHandler                      0x080033a4   Section        0  usart.o(i.USART1_IRQHandler)
    i.UsageFault_Handler                     0x08003410   Section        0  stm32f4xx_it.o(i.UsageFault_Handler)
    i.__ARM_fpclassify                       0x08003412   Section        0  fpclassify.o(i.__ARM_fpclassify)
    i._sys_exit                              0x08003442   Section        0  usart.o(i._sys_exit)
    i.abs_limit                              0x08003444   Section        0  motor_pid.o(i.abs_limit)
    i.delay_init                             0x08003470   Section        0  delay.o(i.delay_init)
    i.delay_ms                               0x08003484   Section        0  delay.o(i.delay_ms)
    i.delay_us                               0x080034a0   Section        0  delay.o(i.delay_us)
    i.fputc                                  0x080034d4   Section        0  usart.o(i.fputc)
    i.get_moto_measure                       0x080034e8   Section        0  motor.o(i.get_moto_measure)
    i.main                                   0x08003558   Section        0  main.o(i.main)
    i.pid_calc                               0x08003780   Section        0  motor_pid.o(i.pid_calc)
    i.pid_param_init                         0x08003940   Section        0  motor_pid.o(i.pid_param_init)
    pid_param_init                           0x08003941   Thumb Code    14  motor_pid.o(i.pid_param_init)
    i.pid_reset                              0x0800394e   Section        0  motor_pid.o(i.pid_reset)
    pid_reset                                0x0800394f   Thumb Code     6  motor_pid.o(i.pid_reset)
    i.set_moto_current                       0x08003954   Section        0  motor.o(i.set_moto_current)
    i.uart_init                              0x080039ac   Section        0  usart.o(i.uart_init)
    locale$$code                             0x080039d0   Section       44  lc_numeric_c.o(locale$$code)
    x$fpl$dretinf                            0x080039fc   Section       12  dretinf.o(x$fpl$dretinf)
    $v0                                      0x080039fc   Number         0  dretinf.o(x$fpl$dretinf)
    x$fpl$f2d                                0x08003a08   Section       86  f2d.o(x$fpl$f2d)
    $v0                                      0x08003a08   Number         0  f2d.o(x$fpl$f2d)
    x$fpl$fnaninf                            0x08003a5e   Section      140  fnaninf.o(x$fpl$fnaninf)
    $v0                                      0x08003a5e   Number         0  fnaninf.o(x$fpl$fnaninf)
    x$fpl$fpinit                             0x08003aea   Section       10  fpinit.o(x$fpl$fpinit)
    $v0                                      0x08003aea   Number         0  fpinit.o(x$fpl$fpinit)
    x$fpl$printf1                            0x08003af4   Section        4  printf1.o(x$fpl$printf1)
    $v0                                      0x08003af4   Number         0  printf1.o(x$fpl$printf1)
    .constdata                               0x08003af8   Section       16  stm32f4xx_hal_rcc.o(.constdata)
    x$fpl$usenofp                            0x08003af8   Section        0  usenofp.o(x$fpl$usenofp)
    .constdata                               0x08003b08   Section      148  bigflt0.o(.constdata)
    tenpwrs_x                                0x08003b08   Data          60  bigflt0.o(.constdata)
    tenpwrs_i                                0x08003b44   Data          64  bigflt0.o(.constdata)
    locale$$data                             0x08003bbc   Section       28  lc_numeric_c.o(locale$$data)
    __lcnum_c_name                           0x08003bc0   Data           2  lc_numeric_c.o(locale$$data)
    __lcnum_c_start                          0x08003bc8   Data           0  lc_numeric_c.o(locale$$data)
    __lcnum_c_point                          0x08003bd4   Data           0  lc_numeric_c.o(locale$$data)
    __lcnum_c_thousands                      0x08003bd6   Data           0  lc_numeric_c.o(locale$$data)
    __lcnum_c_grouping                       0x08003bd7   Data           0  lc_numeric_c.o(locale$$data)
    __lcnum_c_end                            0x08003bd8   Data           0  lc_numeric_c.o(locale$$data)
    .data                                    0x20000000   Section       20  system_stm32f4xx.o(.data)
    .data                                    0x20000014   Section        4  stm32f4xx_hal.o(.data)
    uwTick                                   0x20000014   Data           4  stm32f4xx_hal.o(.data)
    .data                                    0x20000018   Section        4  delay.o(.data)
    fac_us                                   0x20000018   Data           4  delay.o(.data)
    .data                                    0x2000001c   Section        2  usart.o(.data)
    .data                                    0x20000020   Section        4  usart.o(.data)
    .data                                    0x20000024   Section        1  key.o(.data)
    key_up                                   0x20000024   Data           1  key.o(.data)
    .bss                                     0x20000028   Section       24  main.o(.bss)
    set_speed                                0x20000028   Data          24  main.o(.bss)
    .bss                                     0x20000040   Section      264  usart.o(.bss)
    .bss                                     0x20000148   Section      128  can.o(.bss)
    .bss                                     0x200001c8   Section      264  motor.o(.bss)
    .bss                                     0x200002d0   Section       44  motor.o(.bss)
    .bss                                     0x200002fc   Section      172  timer.o(.bss)
    .bss                                     0x200003a8   Section       96  libspace.o(.bss)
    HEAP                                     0x20000408   Section      512  startup_stm32f429xx.o(HEAP)
    Heap_Mem                                 0x20000408   Data         512  startup_stm32f429xx.o(HEAP)
    STACK                                    0x20000608   Section     1024  startup_stm32f429xx.o(STACK)
    Stack_Mem                                0x20000608   Data        1024  startup_stm32f429xx.o(STACK)
    __initial_sp                             0x20000a08   Data           0  startup_stm32f429xx.o(STACK)

    Global Symbols

    Symbol Name                              Value     Ov Type        Size  Object(Section)

    BuildAttributes$$THM_ISAv4$E$P$D$K$B$S$7EM$VFPi3$EXTD16$VFPS$VFMA$PE$A:L22UL41UL21$X:L11$S22US41US21$IEEE1$IW$USESV6$~STKCKD$USESV7$~SHL$OTIME$ROPI$IEEEJ$EBA8$UX$STANDARDLIB$REQ8$PRES8$EABIv2 0x00000000   Number         0  anon$$obj.o ABSOLUTE
    __ARM_use_no_argv                        0x00000000   Number         0  main.o ABSOLUTE
    __ARM_exceptions_init                     - Undefined Weak Reference
    __alloca_initialize                       - Undefined Weak Reference
    __arm_preinit_                            - Undefined Weak Reference
    __cpp_initialize__aeabi_                  - Undefined Weak Reference
    __cxa_finalize                            - Undefined Weak Reference
    __sigvec_lookup                           - Undefined Weak Reference
    _atexit_init                              - Undefined Weak Reference
    _call_atexit_fns                          - Undefined Weak Reference
    _clock_init                               - Undefined Weak Reference
    _fp_trap_init                             - Undefined Weak Reference
    _fp_trap_shutdown                         - Undefined Weak Reference
    _get_lc_collate                           - Undefined Weak Reference
    _get_lc_ctype                             - Undefined Weak Reference
    _get_lc_monetary                          - Undefined Weak Reference
    _get_lc_time                              - Undefined Weak Reference
    _getenv_init                              - Undefined Weak Reference
    _handle_redirection                       - Undefined Weak Reference
    _init_alloc                               - Undefined Weak Reference
    _init_user_alloc                          - Undefined Weak Reference
    _initio                                   - Undefined Weak Reference
    _mutex_acquire                            - Undefined Weak Reference
    _mutex_release                            - Undefined Weak Reference
    _printf_post_padding                      - Undefined Weak Reference
    _printf_pre_padding                       - Undefined Weak Reference
    _printf_truncate_signed                   - Undefined Weak Reference
    _printf_truncate_unsigned                 - Undefined Weak Reference
    _rand_init                                - Undefined Weak Reference
    _signal_finish                            - Undefined Weak Reference
    _signal_init                              - Undefined Weak Reference
    _terminate_alloc                          - Undefined Weak Reference
    _terminate_user_alloc                     - Undefined Weak Reference
    _terminateio                              - Undefined Weak Reference
    __Vectors_Size                           0x000001ac   Number         0  startup_stm32f429xx.o ABSOLUTE
    __Vectors                                0x08000000   Data           4  startup_stm32f429xx.o(RESET)
    __Vectors_End                            0x080001ac   Data           0  startup_stm32f429xx.o(RESET)
    __main                                   0x080001ad   Thumb Code     8  __main.o(!!!main)
    __scatterload                            0x080001b5   Thumb Code     0  __scatter.o(!!!scatter)
    __scatterload_rt2                        0x080001b5   Thumb Code    44  __scatter.o(!!!scatter)
    __scatterload_rt2_thumb_only             0x080001b5   Thumb Code     0  __scatter.o(!!!scatter)
    __scatterload_null                       0x080001c3   Thumb Code     0  __scatter.o(!!!scatter)
    __scatterload_copy                       0x080001e9   Thumb Code    26  __scatter_copy.o(!!handler_copy)
    __scatterload_zeroinit                   0x08000205   Thumb Code    28  __scatter_zi.o(!!handler_zi)
    _printf_f                                0x08000221   Thumb Code     0  _printf_f.o(.ARM.Collect$$_printf_percent$$00000003)
    _printf_percent                          0x08000221   Thumb Code     0  _printf_percent.o(.ARM.Collect$$_printf_percent$$00000000)
    _printf_d                                0x08000227   Thumb Code     0  _printf_d.o(.ARM.Collect$$_printf_percent$$00000009)
    _printf_percent_end                      0x0800022d   Thumb Code     0  _printf_percent_end.o(.ARM.Collect$$_printf_percent$$00000017)
    __rt_lib_init                            0x08000231   Thumb Code     0  libinit.o(.ARM.Collect$$libinit$$00000000)
    __rt_lib_init_fp_1                       0x08000233   Thumb Code     0  libinit2.o(.ARM.Collect$$libinit$$00000001)
    __rt_lib_init_heap_1                     0x08000237   Thumb Code     0  libinit2.o(.ARM.Collect$$libinit$$0000000A)
    __rt_lib_init_lc_common                  0x08000237   Thumb Code     0  libinit2.o(.ARM.Collect$$libinit$$0000000F)
    __rt_lib_init_preinit_1                  0x08000237   Thumb Code     0  libinit2.o(.ARM.Collect$$libinit$$00000004)
    __rt_lib_init_rand_1                     0x08000237   Thumb Code     0  libinit2.o(.ARM.Collect$$libinit$$0000000E)
    __rt_lib_init_user_alloc_1               0x08000237   Thumb Code     0  libinit2.o(.ARM.Collect$$libinit$$0000000C)
    __rt_lib_init_lc_collate_1               0x0800023d   Thumb Code     0  libinit2.o(.ARM.Collect$$libinit$$00000011)
    __rt_lib_init_lc_ctype_1                 0x0800023d   Thumb Code     0  libinit2.o(.ARM.Collect$$libinit$$00000013)
    __rt_lib_init_lc_monetary_1              0x0800023d   Thumb Code     0  libinit2.o(.ARM.Collect$$libinit$$00000015)
    __rt_lib_init_lc_numeric_2               0x0800023d   Thumb Code     0  libinit2.o(.ARM.Collect$$libinit$$00000016)
    __rt_lib_init_alloca_1                   0x08000247   Thumb Code     0  libinit2.o(.ARM.Collect$$libinit$$0000002E)
    __rt_lib_init_argv_1                     0x08000247   Thumb Code     0  libinit2.o(.ARM.Collect$$libinit$$0000002C)
    __rt_lib_init_atexit_1                   0x08000247   Thumb Code     0  libinit2.o(.ARM.Collect$$libinit$$0000001B)
    __rt_lib_init_clock_1                    0x08000247   Thumb Code     0  libinit2.o(.ARM.Collect$$libinit$$00000021)
    __rt_lib_init_cpp_1                      0x08000247   Thumb Code     0  libinit2.o(.ARM.Collect$$libinit$$00000032)
    __rt_lib_init_exceptions_1               0x08000247   Thumb Code     0  libinit2.o(.ARM.Collect$$libinit$$00000030)
    __rt_lib_init_fp_trap_1                  0x08000247   Thumb Code     0  libinit2.o(.ARM.Collect$$libinit$$0000001F)
    __rt_lib_init_getenv_1                   0x08000247   Thumb Code     0  libinit2.o(.ARM.Collect$$libinit$$00000023)
    __rt_lib_init_lc_numeric_1               0x08000247   Thumb Code     0  libinit2.o(.ARM.Collect$$libinit$$00000017)
    __rt_lib_init_lc_time_1                  0x08000247   Thumb Code     0  libinit2.o(.ARM.Collect$$libinit$$00000019)
    __rt_lib_init_return                     0x08000247   Thumb Code     0  libinit2.o(.ARM.Collect$$libinit$$00000033)
    __rt_lib_init_signal_1                   0x08000247   Thumb Code     0  libinit2.o(.ARM.Collect$$libinit$$0000001D)
    __rt_lib_init_stdio_1                    0x08000247   Thumb Code     0  libinit2.o(.ARM.Collect$$libinit$$00000025)
    __rt_lib_shutdown                        0x08000249   Thumb Code     0  libshutdown.o(.ARM.Collect$$libshutdown$$00000000)
    __rt_lib_shutdown_cpp_1                  0x0800024b   Thumb Code     0  libshutdown2.o(.ARM.Collect$$libshutdown$$00000002)
    __rt_lib_shutdown_fp_trap_1              0x0800024b   Thumb Code     0  libshutdown2.o(.ARM.Collect$$libshutdown$$00000007)
    __rt_lib_shutdown_heap_1                 0x0800024b   Thumb Code     0  libshutdown2.o(.ARM.Collect$$libshutdown$$0000000F)
    __rt_lib_shutdown_return                 0x0800024b   Thumb Code     0  libshutdown2.o(.ARM.Collect$$libshutdown$$00000010)
    __rt_lib_shutdown_signal_1               0x0800024b   Thumb Code     0  libshutdown2.o(.ARM.Collect$$libshutdown$$0000000A)
    __rt_lib_shutdown_stdio_1                0x0800024b   Thumb Code     0  libshutdown2.o(.ARM.Collect$$libshutdown$$00000004)
    __rt_lib_shutdown_user_alloc_1           0x0800024b   Thumb Code     0  libshutdown2.o(.ARM.Collect$$libshutdown$$0000000C)
    __rt_entry                               0x0800024d   Thumb Code     0  __rtentry.o(.ARM.Collect$$rtentry$$00000000)
    __rt_entry_presh_1                       0x0800024d   Thumb Code     0  __rtentry2.o(.ARM.Collect$$rtentry$$00000002)
    __rt_entry_sh                            0x0800024d   Thumb Code     0  __rtentry4.o(.ARM.Collect$$rtentry$$00000004)
    __rt_entry_li                            0x08000253   Thumb Code     0  __rtentry2.o(.ARM.Collect$$rtentry$$0000000A)
    __rt_entry_postsh_1                      0x08000253   Thumb Code     0  __rtentry2.o(.ARM.Collect$$rtentry$$00000009)
    __rt_entry_main                          0x08000257   Thumb Code     0  __rtentry2.o(.ARM.Collect$$rtentry$$0000000D)
    __rt_entry_postli_1                      0x08000257   Thumb Code     0  __rtentry2.o(.ARM.Collect$$rtentry$$0000000C)
    __rt_exit                                0x0800025f   Thumb Code     0  rtexit.o(.ARM.Collect$$rtexit$$00000000)
    __rt_exit_ls                             0x08000261   Thumb Code     0  rtexit2.o(.ARM.Collect$$rtexit$$00000003)
    __rt_exit_prels_1                        0x08000261   Thumb Code     0  rtexit2.o(.ARM.Collect$$rtexit$$00000002)
    __rt_exit_exit                           0x08000265   Thumb Code     0  rtexit2.o(.ARM.Collect$$rtexit$$00000004)
    Reset_Handler                            0x0800026d   Thumb Code     8  startup_stm32f429xx.o(.text)
    ADC_IRQHandler                           0x08000287   Thumb Code     0  startup_stm32f429xx.o(.text)
    CAN1_RX1_IRQHandler                      0x08000287   Thumb Code     0  startup_stm32f429xx.o(.text)
    CAN1_SCE_IRQHandler                      0x08000287   Thumb Code     0  startup_stm32f429xx.o(.text)
    CAN1_TX_IRQHandler                       0x08000287   Thumb Code     0  startup_stm32f429xx.o(.text)
    CAN2_RX0_IRQHandler                      0x08000287   Thumb Code     0  startup_stm32f429xx.o(.text)
    CAN2_RX1_IRQHandler                      0x08000287   Thumb Code     0  startup_stm32f429xx.o(.text)
    CAN2_SCE_IRQHandler                      0x08000287   Thumb Code     0  startup_stm32f429xx.o(.text)
    CAN2_TX_IRQHandler                       0x08000287   Thumb Code     0  startup_stm32f429xx.o(.text)
    DCMI_IRQHandler                          0x08000287   Thumb Code     0  startup_stm32f429xx.o(.text)
    DMA1_Stream0_IRQHandler                  0x08000287   Thumb Code     0  startup_stm32f429xx.o(.text)
    DMA1_Stream1_IRQHandler                  0x08000287   Thumb Code     0  startup_stm32f429xx.o(.text)
    DMA1_Stream2_IRQHandler                  0x08000287   Thumb Code     0  startup_stm32f429xx.o(.text)
    DMA1_Stream3_IRQHandler                  0x08000287   Thumb Code     0  startup_stm32f429xx.o(.text)
    DMA1_Stream4_IRQHandler                  0x08000287   Thumb Code     0  startup_stm32f429xx.o(.text)
    DMA1_Stream5_IRQHandler                  0x08000287   Thumb Code     0  startup_stm32f429xx.o(.text)
    DMA1_Stream6_IRQHandler                  0x08000287   Thumb Code     0  startup_stm32f429xx.o(.text)
    DMA1_Stream7_IRQHandler                  0x08000287   Thumb Code     0  startup_stm32f429xx.o(.text)
    DMA2D_IRQHandler                         0x08000287   Thumb Code     0  startup_stm32f429xx.o(.text)
    DMA2_Stream0_IRQHandler                  0x08000287   Thumb Code     0  startup_stm32f429xx.o(.text)
    DMA2_Stream1_IRQHandler                  0x08000287   Thumb Code     0  startup_stm32f429xx.o(.text)
    DMA2_Stream2_IRQHandler                  0x08000287   Thumb Code     0  startup_stm32f429xx.o(.text)
    DMA2_Stream3_IRQHandler                  0x08000287   Thumb Code     0  startup_stm32f429xx.o(.text)
    DMA2_Stream4_IRQHandler                  0x08000287   Thumb Code     0  startup_stm32f429xx.o(.text)
    DMA2_Stream5_IRQHandler                  0x08000287   Thumb Code     0  startup_stm32f429xx.o(.text)
    DMA2_Stream6_IRQHandler                  0x08000287   Thumb Code     0  startup_stm32f429xx.o(.text)
    DMA2_Stream7_IRQHandler                  0x08000287   Thumb Code     0  startup_stm32f429xx.o(.text)
    ETH_IRQHandler                           0x08000287   Thumb Code     0  startup_stm32f429xx.o(.text)
    ETH_WKUP_IRQHandler                      0x08000287   Thumb Code     0  startup_stm32f429xx.o(.text)
    EXTI0_IRQHandler                         0x08000287   Thumb Code     0  startup_stm32f429xx.o(.text)
    EXTI15_10_IRQHandler                     0x08000287   Thumb Code     0  startup_stm32f429xx.o(.text)
    EXTI1_IRQHandler                         0x08000287   Thumb Code     0  startup_stm32f429xx.o(.text)
    EXTI2_IRQHandler                         0x08000287   Thumb Code     0  startup_stm32f429xx.o(.text)
    EXTI3_IRQHandler                         0x08000287   Thumb Code     0  startup_stm32f429xx.o(.text)
    EXTI4_IRQHandler                         0x08000287   Thumb Code     0  startup_stm32f429xx.o(.text)
    EXTI9_5_IRQHandler                       0x08000287   Thumb Code     0  startup_stm32f429xx.o(.text)
    FLASH_IRQHandler                         0x08000287   Thumb Code     0  startup_stm32f429xx.o(.text)
    FMC_IRQHandler                           0x08000287   Thumb Code     0  startup_stm32f429xx.o(.text)
    FPU_IRQHandler                           0x08000287   Thumb Code     0  startup_stm32f429xx.o(.text)
    HASH_RNG_IRQHandler                      0x08000287   Thumb Code     0  startup_stm32f429xx.o(.text)
    I2C1_ER_IRQHandler                       0x08000287   Thumb Code     0  startup_stm32f429xx.o(.text)
    I2C1_EV_IRQHandler                       0x08000287   Thumb Code     0  startup_stm32f429xx.o(.text)
    I2C2_ER_IRQHandler                       0x08000287   Thumb Code     0  startup_stm32f429xx.o(.text)
    I2C2_EV_IRQHandler                       0x08000287   Thumb Code     0  startup_stm32f429xx.o(.text)
    I2C3_ER_IRQHandler                       0x08000287   Thumb Code     0  startup_stm32f429xx.o(.text)
    I2C3_EV_IRQHandler                       0x08000287   Thumb Code     0  startup_stm32f429xx.o(.text)
    LTDC_ER_IRQHandler                       0x08000287   Thumb Code     0  startup_stm32f429xx.o(.text)
    LTDC_IRQHandler                          0x08000287   Thumb Code     0  startup_stm32f429xx.o(.text)
    OTG_FS_IRQHandler                        0x08000287   Thumb Code     0  startup_stm32f429xx.o(.text)
    OTG_FS_WKUP_IRQHandler                   0x08000287   Thumb Code     0  startup_stm32f429xx.o(.text)
    OTG_HS_EP1_IN_IRQHandler                 0x08000287   Thumb Code     0  startup_stm32f429xx.o(.text)
    OTG_HS_EP1_OUT_IRQHandler                0x08000287   Thumb Code     0  startup_stm32f429xx.o(.text)
    OTG_HS_IRQHandler                        0x08000287   Thumb Code     0  startup_stm32f429xx.o(.text)
    OTG_HS_WKUP_IRQHandler                   0x08000287   Thumb Code     0  startup_stm32f429xx.o(.text)
    PVD_IRQHandler                           0x08000287   Thumb Code     0  startup_stm32f429xx.o(.text)
    RCC_IRQHandler                           0x08000287   Thumb Code     0  startup_stm32f429xx.o(.text)
    RTC_Alarm_IRQHandler                     0x08000287   Thumb Code     0  startup_stm32f429xx.o(.text)
    RTC_WKUP_IRQHandler                      0x08000287   Thumb Code     0  startup_stm32f429xx.o(.text)
    SAI1_IRQHandler                          0x08000287   Thumb Code     0  startup_stm32f429xx.o(.text)
    SDIO_IRQHandler                          0x08000287   Thumb Code     0  startup_stm32f429xx.o(.text)
    SPI1_IRQHandler                          0x08000287   Thumb Code     0  startup_stm32f429xx.o(.text)
    SPI2_IRQHandler                          0x08000287   Thumb Code     0  startup_stm32f429xx.o(.text)
    SPI3_IRQHandler                          0x08000287   Thumb Code     0  startup_stm32f429xx.o(.text)
    SPI4_IRQHandler                          0x08000287   Thumb Code     0  startup_stm32f429xx.o(.text)
    SPI5_IRQHandler                          0x08000287   Thumb Code     0  startup_stm32f429xx.o(.text)
    SPI6_IRQHandler                          0x08000287   Thumb Code     0  startup_stm32f429xx.o(.text)
    TAMP_STAMP_IRQHandler                    0x08000287   Thumb Code     0  startup_stm32f429xx.o(.text)
    TIM1_BRK_TIM9_IRQHandler                 0x08000287   Thumb Code     0  startup_stm32f429xx.o(.text)
    TIM1_CC_IRQHandler                       0x08000287   Thumb Code     0  startup_stm32f429xx.o(.text)
    TIM1_TRG_COM_TIM11_IRQHandler            0x08000287   Thumb Code     0  startup_stm32f429xx.o(.text)
    TIM1_UP_TIM10_IRQHandler                 0x08000287   Thumb Code     0  startup_stm32f429xx.o(.text)
    TIM2_IRQHandler                          0x08000287   Thumb Code     0  startup_stm32f429xx.o(.text)
    TIM3_IRQHandler                          0x08000287   Thumb Code     0  startup_stm32f429xx.o(.text)
    TIM4_IRQHandler                          0x08000287   Thumb Code     0  startup_stm32f429xx.o(.text)
    TIM5_IRQHandler                          0x08000287   Thumb Code     0  startup_stm32f429xx.o(.text)
    TIM6_DAC_IRQHandler                      0x08000287   Thumb Code     0  startup_stm32f429xx.o(.text)
    TIM7_IRQHandler                          0x08000287   Thumb Code     0  startup_stm32f429xx.o(.text)
    TIM8_BRK_TIM12_IRQHandler                0x08000287   Thumb Code     0  startup_stm32f429xx.o(.text)
    TIM8_CC_IRQHandler                       0x08000287   Thumb Code     0  startup_stm32f429xx.o(.text)
    TIM8_TRG_COM_TIM14_IRQHandler            0x08000287   Thumb Code     0  startup_stm32f429xx.o(.text)
    TIM8_UP_TIM13_IRQHandler                 0x08000287   Thumb Code     0  startup_stm32f429xx.o(.text)
    UART4_IRQHandler                         0x08000287   Thumb Code     0  startup_stm32f429xx.o(.text)
    UART5_IRQHandler                         0x08000287   Thumb Code     0  startup_stm32f429xx.o(.text)
    UART7_IRQHandler                         0x08000287   Thumb Code     0  startup_stm32f429xx.o(.text)
    UART8_IRQHandler                         0x08000287   Thumb Code     0  startup_stm32f429xx.o(.text)
    USART2_IRQHandler                        0x08000287   Thumb Code     0  startup_stm32f429xx.o(.text)
    USART3_IRQHandler                        0x08000287   Thumb Code     0  startup_stm32f429xx.o(.text)
    USART6_IRQHandler                        0x08000287   Thumb Code     0  startup_stm32f429xx.o(.text)
    WWDG_IRQHandler                          0x08000287   Thumb Code     0  startup_stm32f429xx.o(.text)
    __user_initial_stackheap                 0x08000289   Thumb Code     0  startup_stm32f429xx.o(.text)
    __use_no_semihosting                     0x080002ad   Thumb Code     2  use_no_semi_2.o(.text)
    __2printf                                0x080002b1   Thumb Code    20  noretval__2printf.o(.text)
    __printf                                 0x080002c9   Thumb Code   104  __printf.o(.text)
    _printf_int_dec                          0x08000331   Thumb Code   104  _printf_dec.o(.text)
    __use_two_region_memory                  0x080003a9   Thumb Code     2  heapauxi.o(.text)
    __rt_heap_escrow$2region                 0x080003ab   Thumb Code     2  heapauxi.o(.text)
    __rt_heap_expand$2region                 0x080003ad   Thumb Code     2  heapauxi.o(.text)
    __I$use$semihosting                      0x080003af   Thumb Code     0  use_no_semi.o(.text)
    __use_no_semihosting_swi                 0x080003af   Thumb Code     2  use_no_semi.o(.text)
    _printf_int_common                       0x080003b1   Thumb Code   178  _printf_intcommon.o(.text)
    __lib_sel_fp_printf                      0x08000463   Thumb Code     2  _printf_fp_dec.o(.text)
    _printf_fp_dec_real                      0x08000615   Thumb Code   620  _printf_fp_dec.o(.text)
    _printf_char_file                        0x08000881   Thumb Code    32  _printf_char_file.o(.text)
    __rt_locale                              0x080008a5   Thumb Code     8  rt_locale_intlibspace.o(.text)
    _ll_udiv10                               0x080008ad   Thumb Code   138  lludiv10.o(.text)
    _printf_char_common                      0x08000943   Thumb Code    32  _printf_char_common.o(.text)
    _printf_fp_infnan                        0x08000969   Thumb Code   112  _printf_fp_infnan.o(.text)
    _btod_etento                             0x080009e9   Thumb Code   224  bigflt0.o(.text)
    ferror                                   0x08000acd   Thumb Code     8  ferror.o(.text)
    __user_libspace                          0x08000ad5   Thumb Code     8  libspace.o(.text)
    __user_perproc_libspace                  0x08000ad5   Thumb Code     0  libspace.o(.text)
    __user_perthread_libspace                0x08000ad5   Thumb Code     0  libspace.o(.text)
    __user_setup_stackheap                   0x08000add   Thumb Code    74  sys_stackheap_outer.o(.text)
    exit                                     0x08000b27   Thumb Code    18  exit.o(.text)
    strcmp                                   0x08000b39   Thumb Code   128  strcmpv7m.o(.text)
    _btod_d2e                                0x08000bb9   Thumb Code    62  btod.o(CL$$btod_d2e)
    _d2e_denorm_low                          0x08000bf7   Thumb Code    70  btod.o(CL$$btod_d2e_denorm_low)
    _d2e_norm_op1                            0x08000c3d   Thumb Code    96  btod.o(CL$$btod_d2e_norm_op1)
    __btod_div_common                        0x08000c9d   Thumb Code   696  btod.o(CL$$btod_div_common)
    _e2e                                     0x08000fd5   Thumb Code   220  btod.o(CL$$btod_e2e)
    _btod_ediv                               0x080010b1   Thumb Code    42  btod.o(CL$$btod_ediv)
    _btod_emul                               0x080010db   Thumb Code    42  btod.o(CL$$btod_emul)
    __btod_mult_common                       0x08001105   Thumb Code   580  btod.o(CL$$btod_mult_common)
    BusFault_Handler                         0x08001349   Thumb Code     2  stm32f4xx_it.o(i.BusFault_Handler)
    CAN1_Mode_Init                           0x0800134d   Thumb Code   100  can.o(i.CAN1_Mode_Init)
    CAN1_RX0_IRQHandler                      0x080013b9   Thumb Code     6  can.o(i.CAN1_RX0_IRQHandler)
    DebugMon_Handler                         0x0800154b   Thumb Code     2  stm32f4xx_it.o(i.DebugMon_Handler)
    HAL_CAN_ConfigFilter                     0x0800154d   Thumb Code   218  stm32f4xx_hal_can.o(i.HAL_CAN_ConfigFilter)
    HAL_CAN_ErrorCallback                    0x08001631   Thumb Code     2  stm32f4xx_hal_can.o(i.HAL_CAN_ErrorCallback)
    HAL_CAN_IRQHandler                       0x08001635   Thumb Code   370  stm32f4xx_hal_can.o(i.HAL_CAN_IRQHandler)
    HAL_CAN_Init                             0x080017b5   Thumb Code   324  stm32f4xx_hal_can.o(i.HAL_CAN_Init)
    HAL_CAN_MspInit                          0x080018f9   Thumb Code   102  can.o(i.HAL_CAN_MspInit)
    HAL_CAN_Receive                          0x0800196d   Thumb Code   320  stm32f4xx_hal_can.o(i.HAL_CAN_Receive)
    HAL_CAN_RxCpltCallback                   0x08001aad   Thumb Code    78  can.o(i.HAL_CAN_RxCpltCallback)
    HAL_CAN_Transmit                         0x08001b09   Thumb Code   360  stm32f4xx_hal_can.o(i.HAL_CAN_Transmit)
    HAL_CAN_TxCpltCallback                   0x08001c7d   Thumb Code     2  stm32f4xx_hal_can.o(i.HAL_CAN_TxCpltCallback)
    HAL_GPIO_Init                            0x08001c81   Thumb Code   422  stm32f4xx_hal_gpio.o(i.HAL_GPIO_Init)
    HAL_GPIO_ReadPin                         0x08001e5d   Thumb Code    10  stm32f4xx_hal_gpio.o(i.HAL_GPIO_ReadPin)
    HAL_GPIO_WritePin                        0x08001e67   Thumb Code    10  stm32f4xx_hal_gpio.o(i.HAL_GPIO_WritePin)
    HAL_GetTick                              0x08001e71   Thumb Code     6  stm32f4xx_hal.o(i.HAL_GetTick)
    HAL_IncTick                              0x08001e7d   Thumb Code    10  stm32f4xx_hal.o(i.HAL_IncTick)
    HAL_Init                                 0x08001e8d   Thumb Code    48  stm32f4xx_hal.o(i.HAL_Init)
    HAL_InitTick                             0x08001ec1   Thumb Code    34  stm32f4xx_hal.o(i.HAL_InitTick)
    HAL_MspInit                              0x08001ee3   Thumb Code     8  stm32f4xx_hal.o(i.HAL_MspInit)
    HAL_NVIC_EnableIRQ                       0x08001eeb   Thumb Code    22  stm32f4xx_hal_cortex.o(i.HAL_NVIC_EnableIRQ)
    HAL_NVIC_SetPriority                     0x08001f01   Thumb Code    60  stm32f4xx_hal_cortex.o(i.HAL_NVIC_SetPriority)
    HAL_NVIC_SetPriorityGrouping             0x08001f41   Thumb Code    26  stm32f4xx_hal_cortex.o(i.HAL_NVIC_SetPriorityGrouping)
    HAL_PWREx_EnableOverDrive                0x08001f65   Thumb Code   122  stm32f4xx_hal_pwr_ex.o(i.HAL_PWREx_EnableOverDrive)
    HAL_RCC_ClockConfig                      0x08001fed   Thumb Code   512  stm32f4xx_hal_rcc.o(i.HAL_RCC_ClockConfig)
    HAL_RCC_GetHCLKFreq                      0x080021f5   Thumb Code    38  stm32f4xx_hal_rcc.o(i.HAL_RCC_GetHCLKFreq)
    HAL_RCC_GetPCLK1Freq                     0x08002229   Thumb Code    36  stm32f4xx_hal_rcc.o(i.HAL_RCC_GetPCLK1Freq)
    HAL_RCC_GetPCLK2Freq                     0x08002255   Thumb Code    36  stm32f4xx_hal_rcc.o(i.HAL_RCC_GetPCLK2Freq)
    HAL_RCC_GetSysClockFreq                  0x08002281   Thumb Code   104  stm32f4xx_hal_rcc.o(i.HAL_RCC_GetSysClockFreq)
    HAL_RCC_OscConfig                        0x080022f5   Thumb Code   774  stm32f4xx_hal_rcc.o(i.HAL_RCC_OscConfig)
    HAL_SYSTICK_CLKSourceConfig              0x08002611   Thumb Code    24  stm32f4xx_hal_cortex.o(i.HAL_SYSTICK_CLKSourceConfig)
    HAL_SYSTICK_Config                       0x08002629   Thumb Code    40  stm32f4xx_hal_cortex.o(i.HAL_SYSTICK_Config)
    HAL_TIM_PWM_ConfigChannel                0x08002651   Thumb Code   208  stm32f4xx_hal_tim.o(i.HAL_TIM_PWM_ConfigChannel)
    HAL_TIM_PWM_Init                         0x08002721   Thumb Code    54  stm32f4xx_hal_tim.o(i.HAL_TIM_PWM_Init)
    HAL_TIM_PWM_MspInit                      0x08002759   Thumb Code   110  timer.o(i.HAL_TIM_PWM_MspInit)
    HAL_TIM_PWM_Start                        0x080027d9   Thumb Code    48  stm32f4xx_hal_tim.o(i.HAL_TIM_PWM_Start)
    HAL_UART_ErrorCallback                   0x08002811   Thumb Code     2  stm32f4xx_hal_uart.o(i.HAL_UART_ErrorCallback)
    HAL_UART_IRQHandler                      0x08002813   Thumb Code   244  stm32f4xx_hal_uart.o(i.HAL_UART_IRQHandler)
    HAL_UART_Init                            0x08002907   Thumb Code    94  stm32f4xx_hal_uart.o(i.HAL_UART_Init)
    HAL_UART_MspInit                         0x08002965   Thumb Code   134  usart.o(i.HAL_UART_MspInit)
    HAL_UART_Receive                         0x080029f9   Thumb Code   202  stm32f4xx_hal_uart.o(i.HAL_UART_Receive)
    HAL_UART_RxCpltCallback                  0x08002ac3   Thumb Code     2  stm32f4xx_hal_uart.o(i.HAL_UART_RxCpltCallback)
    HAL_UART_TxCpltCallback                  0x08002ac5   Thumb Code     2  stm32f4xx_hal_uart.o(i.HAL_UART_TxCpltCallback)
    HardFault_Handler                        0x08002ac7   Thumb Code     2  stm32f4xx_it.o(i.HardFault_Handler)
    KEY_Init                                 0x08002ac9   Thumb Code   110  key.o(i.KEY_Init)
    KEY_Scan                                 0x08002b49   Thumb Code   200  key.o(i.KEY_Scan)
    LED_Init                                 0x08002c21   Thumb Code    68  led.o(i.LED_Init)
    MemManage_Handler                        0x08002c6d   Thumb Code     2  stm32f4xx_it.o(i.MemManage_Handler)
    NMI_Handler                              0x08002c6f   Thumb Code     2  stm32f4xx_it.o(i.NMI_Handler)
    PID_struct_init                          0x08002c91   Thumb Code    16  motor_pid.o(i.PID_struct_init)
    PWM_Init                                 0x08002ca9   Thumb Code    34  timer.o(i.PWM_Init)
    PendSV_Handler                           0x08002cd1   Thumb Code     2  stm32f4xx_it.o(i.PendSV_Handler)
    SVC_Handler                              0x08002cd3   Thumb Code     2  stm32f4xx_it.o(i.SVC_Handler)
    Stm32_Clock_Init                         0x08002cd5   Thumb Code   122  sys.o(i.Stm32_Clock_Init)
    SysTick_Handler                          0x08002d59   Thumb Code     4  stm32f4xx_it.o(i.SysTick_Handler)
    SystemInit                               0x08002d5d   Thumb Code    66  system_stm32f4xx.o(i.SystemInit)
    TIM3_PWM_Init                            0x08002db1   Thumb Code   146  timer.o(i.TIM3_PWM_Init)
    TIM_Base_SetConfig                       0x08002e4d   Thumb Code   148  stm32f4xx_hal_tim.o(i.TIM_Base_SetConfig)
    TIM_CCxChannelCmd                        0x08002f0d   Thumb Code    22  stm32f4xx_hal_tim.o(i.TIM_CCxChannelCmd)
    TIM_OC2_SetConfig                        0x08002f7d   Thumb Code    90  stm32f4xx_hal_tim.o(i.TIM_OC2_SetConfig)
    USART1_IRQHandler                        0x080033a5   Thumb Code   100  usart.o(i.USART1_IRQHandler)
    UsageFault_Handler                       0x08003411   Thumb Code     2  stm32f4xx_it.o(i.UsageFault_Handler)
    __ARM_fpclassify                         0x08003413   Thumb Code    48  fpclassify.o(i.__ARM_fpclassify)
    _sys_exit                                0x08003443   Thumb Code     2  usart.o(i._sys_exit)
    abs_limit                                0x08003445   Thumb Code    42  motor_pid.o(i.abs_limit)
    delay_init                               0x08003471   Thumb Code    16  delay.o(i.delay_init)
    delay_ms                                 0x08003485   Thumb Code    26  delay.o(i.delay_ms)
    delay_us                                 0x080034a1   Thumb Code    48  delay.o(i.delay_us)
    fputc                                    0x080034d5   Thumb Code    14  usart.o(i.fputc)
    get_moto_measure                         0x080034e9   Thumb Code   110  motor.o(i.get_moto_measure)
    main                                     0x08003559   Thumb Code   468  main.o(i.main)
    pid_calc                                 0x08003781   Thumb Code   444  motor_pid.o(i.pid_calc)
    set_moto_current                         0x08003955   Thumb Code    84  motor.o(i.set_moto_current)
    uart_init                                0x080039ad   Thumb Code    28  usart.o(i.uart_init)
    _get_lc_numeric                          0x080039d1   Thumb Code    44  lc_numeric_c.o(locale$$code)
    __fpl_dretinf                            0x080039fd   Thumb Code    12  dretinf.o(x$fpl$dretinf)
    __aeabi_f2d                              0x08003a09   Thumb Code     0  f2d.o(x$fpl$f2d)
    _f2d                                     0x08003a09   Thumb Code    86  f2d.o(x$fpl$f2d)
    __fpl_fnaninf                            0x08003a5f   Thumb Code   140  fnaninf.o(x$fpl$fnaninf)
    _fp_init                                 0x08003aeb   Thumb Code    10  fpinit.o(x$fpl$fpinit)
    __fplib_config_fpu_vfp                   0x08003af3   Thumb Code     0  fpinit.o(x$fpl$fpinit)
    __fplib_config_pureend_doubles           0x08003af3   Thumb Code     0  fpinit.o(x$fpl$fpinit)
    _printf_fp_dec                           0x08003af5   Thumb Code     4  printf1.o(x$fpl$printf1)
    APBAHBPrescTable                         0x08003af8   Data          16  stm32f4xx_hal_rcc.o(.constdata)
    __I$use$fp                               0x08003af8   Number         0  usenofp.o(x$fpl$usenofp)
    Region$$Table$$Base                      0x08003b9c   Number         0  anon$$obj.o(Region$$Table)
    Region$$Table$$Limit                     0x08003bbc   Number         0  anon$$obj.o(Region$$Table)
    SystemCoreClock                          0x20000000   Data           4  system_stm32f4xx.o(.data)
    AHBPrescTable                            0x20000004   Data          16  system_stm32f4xx.o(.data)
    USART_RX_STA                             0x2000001c   Data           2  usart.o(.data)
    __stdout                                 0x20000020   Data           4  usart.o(.data)
    USART_RX_BUF                             0x20000040   Data         200  usart.o(.bss)
    UART1_Handler                            0x20000108   Data          64  usart.o(.bss)
    CAN1_Handler                             0x20000148   Data          64  can.o(.bss)
    TxMessage                                0x20000188   Data          28  can.o(.bss)
    RxMessage                                0x200001a4   Data          36  can.o(.bss)
    moto_chassis                             0x200001c8   Data         264  motor.o(.bss)
    moto_info                                0x200002d0   Data          44  motor.o(.bss)
    TIM3_Handler                             0x200002fc   Data          60  timer.o(.bss)
    TIM3_CH1Handler                          0x20000338   Data          28  timer.o(.bss)
    TIM3_CH2Handler                          0x20000354   Data          28  timer.o(.bss)
    TIM3_CH3Handler                          0x20000370   Data          28  timer.o(.bss)
    TIM3_CH4Handler                          0x2000038c   Data          28  timer.o(.bss)
    __libspace_start                         0x200003a8   Data          96  libspace.o(.bss)
    __temporary_stack_top$libspace           0x20000408   Data           0  libspace.o(.bss)



==============================================================================

Memory Map of the image

  Image Entry point : 0x080001ad

  Load Region LR_IROM1 (Base: 0x08000000, Size: 0x00003c00, Max: 0x00100000, ABSOLUTE)

    Execution Region ER_IROM1 (Exec base: 0x08000000, Load base: 0x08000000, Size: 0x00003bd8, Max: 0x00100000, ABSOLUTE)

    Exec Addr    Load Addr    Size         Type   Attr      Idx    E Section Name        Object

    0x08000000   0x08000000   0x000001ac   Data   RO          719    RESET               startup_stm32f429xx.o
    0x080001ac   0x080001ac   0x00000008   Code   RO         4541  * !!!main             c_w.l(__main.o)
    0x080001b4   0x080001b4   0x00000034   Code   RO         4763    !!!scatter          c_w.l(__scatter.o)
    0x080001e8   0x080001e8   0x0000001a   Code   RO         4765    !!handler_copy      c_w.l(__scatter_copy.o)
    0x08000202   0x08000202   0x00000002   PAD
    0x08000204   0x08000204   0x0000001c   Code   RO         4767    !!handler_zi        c_w.l(__scatter_zi.o)
    0x08000220   0x08000220   0x00000000   Code   RO         4536    .ARM.Collect$$_printf_percent$$00000000  c_w.l(_printf_percent.o)
    0x08000220   0x08000220   0x00000006   Code   RO         4535    .ARM.Collect$$_printf_percent$$00000003  c_w.l(_printf_f.o)
    0x08000226   0x08000226   0x00000006   Code   RO         4534    .ARM.Collect$$_printf_percent$$00000009  c_w.l(_printf_d.o)
    0x0800022c   0x0800022c   0x00000004   Code   RO         4556    .ARM.Collect$$_printf_percent$$00000017  c_w.l(_printf_percent_end.o)
    0x08000230   0x08000230   0x00000002   Code   RO         4640    .ARM.Collect$$libinit$$00000000  c_w.l(libinit.o)
    0x08000232   0x08000232   0x00000004   Code   RO         4641    .ARM.Collect$$libinit$$00000001  c_w.l(libinit2.o)
    0x08000236   0x08000236   0x00000000   Code   RO         4644    .ARM.Collect$$libinit$$00000004  c_w.l(libinit2.o)
    0x08000236   0x08000236   0x00000000   Code   RO         4647    .ARM.Collect$$libinit$$0000000A  c_w.l(libinit2.o)
    0x08000236   0x08000236   0x00000000   Code   RO         4649    .ARM.Collect$$libinit$$0000000C  c_w.l(libinit2.o)
    0x08000236   0x08000236   0x00000000   Code   RO         4651    .ARM.Collect$$libinit$$0000000E  c_w.l(libinit2.o)
    0x08000236   0x08000236   0x00000006   Code   RO         4652    .ARM.Collect$$libinit$$0000000F  c_w.l(libinit2.o)
    0x0800023c   0x0800023c   0x00000000   Code   RO         4654    .ARM.Collect$$libinit$$00000011  c_w.l(libinit2.o)
    0x0800023c   0x0800023c   0x00000000   Code   RO         4656    .ARM.Collect$$libinit$$00000013  c_w.l(libinit2.o)
    0x0800023c   0x0800023c   0x00000000   Code   RO         4658    .ARM.Collect$$libinit$$00000015  c_w.l(libinit2.o)
    0x0800023c   0x0800023c   0x0000000a   Code   RO         4659    .ARM.Collect$$libinit$$00000016  c_w.l(libinit2.o)
    0x08000246   0x08000246   0x00000000   Code   RO         4660    .ARM.Collect$$libinit$$00000017  c_w.l(libinit2.o)
    0x08000246   0x08000246   0x00000000   Code   RO         4662    .ARM.Collect$$libinit$$00000019  c_w.l(libinit2.o)
    0x08000246   0x08000246   0x00000000   Code   RO         4664    .ARM.Collect$$libinit$$0000001B  c_w.l(libinit2.o)
    0x08000246   0x08000246   0x00000000   Code   RO         4666    .ARM.Collect$$libinit$$0000001D  c_w.l(libinit2.o)
    0x08000246   0x08000246   0x00000000   Code   RO         4668    .ARM.Collect$$libinit$$0000001F  c_w.l(libinit2.o)
    0x08000246   0x08000246   0x00000000   Code   RO         4670    .ARM.Collect$$libinit$$00000021  c_w.l(libinit2.o)
    0x08000246   0x08000246   0x00000000   Code   RO         4672    .ARM.Collect$$libinit$$00000023  c_w.l(libinit2.o)
    0x08000246   0x08000246   0x00000000   Code   RO         4674    .ARM.Collect$$libinit$$00000025  c_w.l(libinit2.o)
    0x08000246   0x08000246   0x00000000   Code   RO         4678    .ARM.Collect$$libinit$$0000002C  c_w.l(libinit2.o)
    0x08000246   0x08000246   0x00000000   Code   RO         4680    .ARM.Collect$$libinit$$0000002E  c_w.l(libinit2.o)
    0x08000246   0x08000246   0x00000000   Code   RO         4682    .ARM.Collect$$libinit$$00000030  c_w.l(libinit2.o)
    0x08000246   0x08000246   0x00000000   Code   RO         4684    .ARM.Collect$$libinit$$00000032  c_w.l(libinit2.o)
    0x08000246   0x08000246   0x00000002   Code   RO         4685    .ARM.Collect$$libinit$$00000033  c_w.l(libinit2.o)
    0x08000248   0x08000248   0x00000002   Code   RO         4713    .ARM.Collect$$libshutdown$$00000000  c_w.l(libshutdown.o)
    0x0800024a   0x0800024a   0x00000000   Code   RO         4722    .ARM.Collect$$libshutdown$$00000002  c_w.l(libshutdown2.o)
    0x0800024a   0x0800024a   0x00000000   Code   RO         4724    .ARM.Collect$$libshutdown$$00000004  c_w.l(libshutdown2.o)
    0x0800024a   0x0800024a   0x00000000   Code   RO         4727    .ARM.Collect$$libshutdown$$00000007  c_w.l(libshutdown2.o)
    0x0800024a   0x0800024a   0x00000000   Code   RO         4730    .ARM.Collect$$libshutdown$$0000000A  c_w.l(libshutdown2.o)
    0x0800024a   0x0800024a   0x00000000   Code   RO         4732    .ARM.Collect$$libshutdown$$0000000C  c_w.l(libshutdown2.o)
    0x0800024a   0x0800024a   0x00000000   Code   RO         4735    .ARM.Collect$$libshutdown$$0000000F  c_w.l(libshutdown2.o)
    0x0800024a   0x0800024a   0x00000002   Code   RO         4736    .ARM.Collect$$libshutdown$$00000010  c_w.l(libshutdown2.o)
    0x0800024c   0x0800024c   0x00000000   Code   RO         4549    .ARM.Collect$$rtentry$$00000000  c_w.l(__rtentry.o)
    0x0800024c   0x0800024c   0x00000000   Code   RO         4563    .ARM.Collect$$rtentry$$00000002  c_w.l(__rtentry2.o)
    0x0800024c   0x0800024c   0x00000006   Code   RO         4575    .ARM.Collect$$rtentry$$00000004  c_w.l(__rtentry4.o)
    0x08000252   0x08000252   0x00000000   Code   RO         4565    .ARM.Collect$$rtentry$$00000009  c_w.l(__rtentry2.o)
    0x08000252   0x08000252   0x00000004   Code   RO         4566    .ARM.Collect$$rtentry$$0000000A  c_w.l(__rtentry2.o)
    0x08000256   0x08000256   0x00000000   Code   RO         4568    .ARM.Collect$$rtentry$$0000000C  c_w.l(__rtentry2.o)
    0x08000256   0x08000256   0x00000008   Code   RO         4569    .ARM.Collect$$rtentry$$0000000D  c_w.l(__rtentry2.o)
    0x0800025e   0x0800025e   0x00000002   Code   RO         4686    .ARM.Collect$$rtexit$$00000000  c_w.l(rtexit.o)
    0x08000260   0x08000260   0x00000000   Code   RO         4693    .ARM.Collect$$rtexit$$00000002  c_w.l(rtexit2.o)
    0x08000260   0x08000260   0x00000004   Code   RO         4694    .ARM.Collect$$rtexit$$00000003  c_w.l(rtexit2.o)
    0x08000264   0x08000264   0x00000006   Code   RO         4695    .ARM.Collect$$rtexit$$00000004  c_w.l(rtexit2.o)
    0x0800026a   0x0800026a   0x00000002   PAD
    0x0800026c   0x0800026c   0x00000040   Code   RO          720    .text               startup_stm32f429xx.o
    0x080002ac   0x080002ac   0x00000002   Code   RO         4504    .text               c_w.l(use_no_semi_2.o)
    0x080002ae   0x080002ae   0x00000002   PAD
    0x080002b0   0x080002b0   0x00000018   Code   RO         4508    .text               c_w.l(noretval__2printf.o)
    0x080002c8   0x080002c8   0x00000068   Code   RO         4510    .text               c_w.l(__printf.o)
    0x08000330   0x08000330   0x00000078   Code   RO         4512    .text               c_w.l(_printf_dec.o)
    0x080003a8   0x080003a8   0x00000006   Code   RO         4539    .text               c_w.l(heapauxi.o)
    0x080003ae   0x080003ae   0x00000002   Code   RO         4547    .text               c_w.l(use_no_semi.o)
    0x080003b0   0x080003b0   0x000000b2   Code   RO         4550    .text               c_w.l(_printf_intcommon.o)
    0x08000462   0x08000462   0x0000041e   Code   RO         4552    .text               c_w.l(_printf_fp_dec.o)
    0x08000880   0x08000880   0x00000024   Code   RO         4554    .text               c_w.l(_printf_char_file.o)
    0x080008a4   0x080008a4   0x00000008   Code   RO         4580    .text               c_w.l(rt_locale_intlibspace.o)
    0x080008ac   0x080008ac   0x0000008a   Code   RO         4582    .text               c_w.l(lludiv10.o)
    0x08000936   0x08000936   0x00000002   PAD
    0x08000938   0x08000938   0x00000030   Code   RO         4584    .text               c_w.l(_printf_char_common.o)
    0x08000968   0x08000968   0x00000080   Code   RO         4586    .text               c_w.l(_printf_fp_infnan.o)
    0x080009e8   0x080009e8   0x000000e4   Code   RO         4588    .text               c_w.l(bigflt0.o)
    0x08000acc   0x08000acc   0x00000008   Code   RO         4613    .text               c_w.l(ferror.o)
    0x08000ad4   0x08000ad4   0x00000008   Code   RO         4624    .text               c_w.l(libspace.o)
    0x08000adc   0x08000adc   0x0000004a   Code   RO         4627    .text               c_w.l(sys_stackheap_outer.o)
    0x08000b26   0x08000b26   0x00000012   Code   RO         4631    .text               c_w.l(exit.o)
    0x08000b38   0x08000b38   0x00000080   Code   RO         4633    .text               c_w.l(strcmpv7m.o)
    0x08000bb8   0x08000bb8   0x0000003e   Code   RO         4591    CL$$btod_d2e        c_w.l(btod.o)
    0x08000bf6   0x08000bf6   0x00000046   Code   RO         4593    CL$$btod_d2e_denorm_low  c_w.l(btod.o)
    0x08000c3c   0x08000c3c   0x00000060   Code   RO         4592    CL$$btod_d2e_norm_op1  c_w.l(btod.o)
    0x08000c9c   0x08000c9c   0x00000338   Code   RO         4601    CL$$btod_div_common  c_w.l(btod.o)
    0x08000fd4   0x08000fd4   0x000000dc   Code   RO         4598    CL$$btod_e2e        c_w.l(btod.o)
    0x080010b0   0x080010b0   0x0000002a   Code   RO         4595    CL$$btod_ediv       c_w.l(btod.o)
    0x080010da   0x080010da   0x0000002a   Code   RO         4594    CL$$btod_emul       c_w.l(btod.o)
    0x08001104   0x08001104   0x00000244   Code   RO         4600    CL$$btod_mult_common  c_w.l(btod.o)
    0x08001348   0x08001348   0x00000002   Code   RO          296    i.BusFault_Handler  stm32f4xx_it.o
    0x0800134a   0x0800134a   0x00000002   PAD
    0x0800134c   0x0800134c   0x0000006c   Code   RO         4283    i.CAN1_Mode_Init    can.o
    0x080013b8   0x080013b8   0x0000000c   Code   RO         4284    i.CAN1_RX0_IRQHandler  can.o
    0x080013c4   0x080013c4   0x00000126   Code   RO         3890    i.CAN_Receive_IT    stm32f4xx_hal_can.o
    0x080014ea   0x080014ea   0x00000060   Code   RO         3891    i.CAN_Transmit_IT   stm32f4xx_hal_can.o
    0x0800154a   0x0800154a   0x00000002   Code   RO          297    i.DebugMon_Handler  stm32f4xx_it.o
    0x0800154c   0x0800154c   0x000000e4   Code   RO         3892    i.HAL_CAN_ConfigFilter  stm32f4xx_hal_can.o
    0x08001630   0x08001630   0x00000002   Code   RO         3894    i.HAL_CAN_ErrorCallback  stm32f4xx_hal_can.o
    0x08001632   0x08001632   0x00000002   PAD
    0x08001634   0x08001634   0x00000180   Code   RO         3897    i.HAL_CAN_IRQHandler  stm32f4xx_hal_can.o
    0x080017b4   0x080017b4   0x00000144   Code   RO         3898    i.HAL_CAN_Init      stm32f4xx_hal_can.o
    0x080018f8   0x080018f8   0x00000074   Code   RO         4287    i.HAL_CAN_MspInit   can.o
    0x0800196c   0x0800196c   0x00000140   Code   RO         3901    i.HAL_CAN_Receive   stm32f4xx_hal_can.o
    0x08001aac   0x08001aac   0x0000005c   Code   RO         4288    i.HAL_CAN_RxCpltCallback  can.o
    0x08001b08   0x08001b08   0x00000174   Code   RO         3905    i.HAL_CAN_Transmit  stm32f4xx_hal_can.o
    0x08001c7c   0x08001c7c   0x00000002   Code   RO         3907    i.HAL_CAN_TxCpltCallback  stm32f4xx_hal_can.o
    0x08001c7e   0x08001c7e   0x00000002   PAD
    0x08001c80   0x08001c80   0x000001dc   Code   RO         1011    i.HAL_GPIO_Init     stm32f4xx_hal_gpio.o
    0x08001e5c   0x08001e5c   0x0000000a   Code   RO         1013    i.HAL_GPIO_ReadPin  stm32f4xx_hal_gpio.o
    0x08001e66   0x08001e66   0x0000000a   Code   RO         1015    i.HAL_GPIO_WritePin  stm32f4xx_hal_gpio.o
    0x08001e70   0x08001e70   0x0000000c   Code   RO          742    i.HAL_GetTick       stm32f4xx_hal.o
    0x08001e7c   0x08001e7c   0x00000010   Code   RO          743    i.HAL_IncTick       stm32f4xx_hal.o
    0x08001e8c   0x08001e8c   0x00000034   Code   RO          744    i.HAL_Init          stm32f4xx_hal.o
    0x08001ec0   0x08001ec0   0x00000022   Code   RO          745    i.HAL_InitTick      stm32f4xx_hal.o
    0x08001ee2   0x08001ee2   0x00000008   Code   RO          747    i.HAL_MspInit       stm32f4xx_hal.o
    0x08001eea   0x08001eea   0x00000016   Code   RO          888    i.HAL_NVIC_EnableIRQ  stm32f4xx_hal_cortex.o
    0x08001f00   0x08001f00   0x00000040   Code   RO          894    i.HAL_NVIC_SetPriority  stm32f4xx_hal_cortex.o
    0x08001f40   0x08001f40   0x00000024   Code   RO          895    i.HAL_NVIC_SetPriorityGrouping  stm32f4xx_hal_cortex.o
    0x08001f64   0x08001f64   0x00000088   Code   RO         1200    i.HAL_PWREx_EnableOverDrive  stm32f4xx_hal_pwr_ex.o
    0x08001fec   0x08001fec   0x00000208   Code   RO         1267    i.HAL_RCC_ClockConfig  stm32f4xx_hal_rcc.o
    0x080021f4   0x080021f4   0x00000034   Code   RO         1272    i.HAL_RCC_GetHCLKFreq  stm32f4xx_hal_rcc.o
    0x08002228   0x08002228   0x0000002c   Code   RO         1274    i.HAL_RCC_GetPCLK1Freq  stm32f4xx_hal_rcc.o
    0x08002254   0x08002254   0x0000002c   Code   RO         1275    i.HAL_RCC_GetPCLK2Freq  stm32f4xx_hal_rcc.o
    0x08002280   0x08002280   0x00000074   Code   RO         1276    i.HAL_RCC_GetSysClockFreq  stm32f4xx_hal_rcc.o
    0x080022f4   0x080022f4   0x0000031c   Code   RO         1279    i.HAL_RCC_OscConfig  stm32f4xx_hal_rcc.o
    0x08002610   0x08002610   0x00000018   Code   RO          897    i.HAL_SYSTICK_CLKSourceConfig  stm32f4xx_hal_cortex.o
    0x08002628   0x08002628   0x00000028   Code   RO          899    i.HAL_SYSTICK_Config  stm32f4xx_hal_cortex.o
    0x08002650   0x08002650   0x000000d0   Code   RO         2054    i.HAL_TIM_PWM_ConfigChannel  stm32f4xx_hal_tim.o
    0x08002720   0x08002720   0x00000036   Code   RO         2057    i.HAL_TIM_PWM_Init  stm32f4xx_hal_tim.o
    0x08002756   0x08002756   0x00000002   PAD
    0x08002758   0x08002758   0x00000080   Code   RO         4463    i.HAL_TIM_PWM_MspInit  timer.o
    0x080027d8   0x080027d8   0x00000038   Code   RO         2061    i.HAL_TIM_PWM_Start  stm32f4xx_hal_tim.o
    0x08002810   0x08002810   0x00000002   Code   RO         1419    i.HAL_UART_ErrorCallback  stm32f4xx_hal_uart.o
    0x08002812   0x08002812   0x000000f4   Code   RO         1422    i.HAL_UART_IRQHandler  stm32f4xx_hal_uart.o
    0x08002906   0x08002906   0x0000005e   Code   RO         1423    i.HAL_UART_Init     stm32f4xx_hal_uart.o
    0x08002964   0x08002964   0x00000094   Code   RO         4092    i.HAL_UART_MspInit  usart.o
    0x080029f8   0x080029f8   0x000000ca   Code   RO         1426    i.HAL_UART_Receive  stm32f4xx_hal_uart.o
    0x08002ac2   0x08002ac2   0x00000002   Code   RO         1429    i.HAL_UART_RxCpltCallback  stm32f4xx_hal_uart.o
    0x08002ac4   0x08002ac4   0x00000002   Code   RO         1434    i.HAL_UART_TxCpltCallback  stm32f4xx_hal_uart.o
    0x08002ac6   0x08002ac6   0x00000002   Code   RO          298    i.HardFault_Handler  stm32f4xx_it.o
    0x08002ac8   0x08002ac8   0x00000080   Code   RO         4180    i.KEY_Init          key.o
    0x08002b48   0x08002b48   0x000000d8   Code   RO         4181    i.KEY_Scan          key.o
    0x08002c20   0x08002c20   0x0000004c   Code   RO         4153    i.LED_Init          led.o
    0x08002c6c   0x08002c6c   0x00000002   Code   RO          299    i.MemManage_Handler  stm32f4xx_it.o
    0x08002c6e   0x08002c6e   0x00000002   Code   RO          300    i.NMI_Handler       stm32f4xx_it.o
    0x08002c70   0x08002c70   0x00000020   Code   RO          901    i.NVIC_SetPriority  stm32f4xx_hal_cortex.o
    0x08002c90   0x08002c90   0x00000018   Code   RO         4394    i.PID_struct_init   motor_pid.o
    0x08002ca8   0x08002ca8   0x00000028   Code   RO         4464    i.PWM_Init          timer.o
    0x08002cd0   0x08002cd0   0x00000002   Code   RO          301    i.PendSV_Handler    stm32f4xx_it.o
    0x08002cd2   0x08002cd2   0x00000002   Code   RO          302    i.SVC_Handler       stm32f4xx_it.o
    0x08002cd4   0x08002cd4   0x00000084   Code   RO         4065    i.Stm32_Clock_Init  sys.o
    0x08002d58   0x08002d58   0x00000004   Code   RO          303    i.SysTick_Handler   stm32f4xx_it.o
    0x08002d5c   0x08002d5c   0x00000054   Code   RO          585    i.SystemInit        system_stm32f4xx.o
    0x08002db0   0x08002db0   0x0000009c   Code   RO         4465    i.TIM3_PWM_Init     timer.o
    0x08002e4c   0x08002e4c   0x000000c0   Code   RO         2072    i.TIM_Base_SetConfig  stm32f4xx_hal_tim.o
    0x08002f0c   0x08002f0c   0x00000016   Code   RO         2073    i.TIM_CCxChannelCmd  stm32f4xx_hal_tim.o
    0x08002f22   0x08002f22   0x00000002   PAD
    0x08002f24   0x08002f24   0x00000058   Code   RO         2081    i.TIM_OC1_SetConfig  stm32f4xx_hal_tim.o
    0x08002f7c   0x08002f7c   0x00000064   Code   RO         2082    i.TIM_OC2_SetConfig  stm32f4xx_hal_tim.o
    0x08002fe0   0x08002fe0   0x00000060   Code   RO         2083    i.TIM_OC3_SetConfig  stm32f4xx_hal_tim.o
    0x08003040   0x08003040   0x00000050   Code   RO         2084    i.TIM_OC4_SetConfig  stm32f4xx_hal_tim.o
    0x08003090   0x08003090   0x000000a6   Code   RO         1441    i.UART_Receive_IT   stm32f4xx_hal_uart.o
    0x08003136   0x08003136   0x00000002   PAD
    0x08003138   0x08003138   0x00000174   Code   RO         1442    i.UART_SetConfig    stm32f4xx_hal_uart.o
    0x080032ac   0x080032ac   0x00000066   Code   RO         1443    i.UART_Transmit_IT  stm32f4xx_hal_uart.o
    0x08003312   0x08003312   0x00000092   Code   RO         1444    i.UART_WaitOnFlagUntilTimeout  stm32f4xx_hal_uart.o
    0x080033a4   0x080033a4   0x0000006c   Code   RO         4093    i.USART1_IRQHandler  usart.o
    0x08003410   0x08003410   0x00000002   Code   RO          304    i.UsageFault_Handler  stm32f4xx_it.o
    0x08003412   0x08003412   0x00000030   Code   RO         4622    i.__ARM_fpclassify  m_wm.l(fpclassify.o)
    0x08003442   0x08003442   0x00000002   Code   RO         4094    i._sys_exit         usart.o
    0x08003444   0x08003444   0x0000002a   Code   RO         4395    i.abs_limit         motor_pid.o
    0x0800346e   0x0800346e   0x00000002   PAD
    0x08003470   0x08003470   0x00000014   Code   RO         4020    i.delay_init        delay.o
    0x08003484   0x08003484   0x0000001a   Code   RO         4021    i.delay_ms          delay.o
    0x0800349e   0x0800349e   0x00000002   PAD
    0x080034a0   0x080034a0   0x00000034   Code   RO         4022    i.delay_us          delay.o
    0x080034d4   0x080034d4   0x00000014   Code   RO         4095    i.fputc             usart.o
    0x080034e8   0x080034e8   0x0000006e   Code   RO         4343    i.get_moto_measure  motor.o
    0x08003556   0x08003556   0x00000002   PAD
    0x08003558   0x08003558   0x00000228   Code   RO            4    i.main              main.o
    0x08003780   0x08003780   0x000001c0   Code   RO         4396    i.pid_calc          motor_pid.o
    0x08003940   0x08003940   0x0000000e   Code   RO         4397    i.pid_param_init    motor_pid.o
    0x0800394e   0x0800394e   0x00000006   Code   RO         4398    i.pid_reset         motor_pid.o
    0x08003954   0x08003954   0x00000058   Code   RO         4346    i.set_moto_current  motor.o
    0x080039ac   0x080039ac   0x00000024   Code   RO         4096    i.uart_init         usart.o
    0x080039d0   0x080039d0   0x0000002c   Code   RO         4618    locale$$code        c_w.l(lc_numeric_c.o)
    0x080039fc   0x080039fc   0x0000000c   Code   RO         4557    x$fpl$dretinf       fz_wm.l(dretinf.o)
    0x08003a08   0x08003a08   0x00000056   Code   RO         4543    x$fpl$f2d           fz_wm.l(f2d.o)
    0x08003a5e   0x08003a5e   0x0000008c   Code   RO         4559    x$fpl$fnaninf       fz_wm.l(fnaninf.o)
    0x08003aea   0x08003aea   0x0000000a   Code   RO         4690    x$fpl$fpinit        fz_wm.l(fpinit.o)
    0x08003af4   0x08003af4   0x00000004   Code   RO         4545    x$fpl$printf1       fz_wm.l(printf1.o)
    0x08003af8   0x08003af8   0x00000000   Code   RO         4561    x$fpl$usenofp       fz_wm.l(usenofp.o)
    0x08003af8   0x08003af8   0x00000010   Data   RO         1280    .constdata          stm32f4xx_hal_rcc.o
    0x08003b08   0x08003b08   0x00000094   Data   RO         4589    .constdata          c_w.l(bigflt0.o)
    0x08003b9c   0x08003b9c   0x00000020   Data   RO         4761    Region$$Table       anon$$obj.o
    0x08003bbc   0x08003bbc   0x0000001c   Data   RO         4617    locale$$data        c_w.l(lc_numeric_c.o)


    Execution Region RW_IRAM1 (Exec base: 0x20000000, Load base: 0x08003bd8, Size: 0x00000a08, Max: 0x00030000, ABSOLUTE)

    Exec Addr    Load Addr    Size         Type   Attr      Idx    E Section Name        Object

    0x20000000   0x08003bd8   0x00000014   Data   RW          586    .data               system_stm32f4xx.o
    0x20000014   0x08003bec   0x00000004   Data   RW          750    .data               stm32f4xx_hal.o
    0x20000018   0x08003bf0   0x00000004   Data   RW         4023    .data               delay.o
    0x2000001c   0x08003bf4   0x00000002   Data   RW         4098    .data               usart.o
    0x2000001e   0x08003bf6   0x00000002   PAD
    0x20000020   0x08003bf8   0x00000004   Data   RW         4099    .data               usart.o
    0x20000024   0x08003bfc   0x00000001   Data   RW         4182    .data               key.o
    0x20000025   0x08003bfd   0x00000003   PAD
    0x20000028        -       0x00000018   Zero   RW            5    .bss                main.o
    0x20000040        -       0x00000108   Zero   RW         4097    .bss                usart.o
    0x20000148        -       0x00000080   Zero   RW         4289    .bss                can.o
    0x200001c8        -       0x00000108   Zero   RW         4347    .bss                motor.o
    0x200002d0        -       0x0000002c   Zero   RW         4349    .bss                motor.o
    0x200002fc        -       0x000000ac   Zero   RW         4466    .bss                timer.o
    0x200003a8        -       0x00000060   Zero   RW         4625    .bss                c_w.l(libspace.o)
    0x20000408        -       0x00000200   Zero   RW          718    HEAP                startup_stm32f429xx.o
    0x20000608        -       0x00000400   Zero   RW          717    STACK               startup_stm32f429xx.o


==============================================================================

Image component sizes


      Code (inc. data)   RO Data    RW Data    ZI Data      Debug   Object Name

       328         42          0          0        128       3521   can.o
        98          8          0          4          0       4583   delay.o
       344         34          0          1          0       1890   key.o
        76          8          0          0          0        947   led.o
       552         84          0          0         24     293024   main.o
       198          4          0          0        308       3629   motor.o
       534         12          0          0          0       5598   motor_pid.o
        64         26        428          0       1536        840   startup_stm32f429xx.o
       122         16          0          4          0       4432   stm32f4xx_hal.o
      2022         36          0          0          0       8833   stm32f4xx_hal_can.o
       218         14          0          0          0      31185   stm32f4xx_hal_cortex.o
       496         54          0          0          0       3471   stm32f4xx_hal_gpio.o
       136         14          0          0          0       1384   stm32f4xx_hal_pwr_ex.o
      1572         72         16          0          0       6691   stm32f4xx_hal_rcc.o
       896         88          0          0          0       8704   stm32f4xx_hal_tim.o
      1332          8          0          0          0       9118   stm32f4xx_hal_uart.o
        20          0          0          0          0     408318   stm32f4xx_it.o
       132         10          0          0          0       1223   sys.o
        84         18          0         20          0       1165   system_stm32f4xx.o
       324         34          0          0        172       2864   timer.o
       314         36          0          6        264       5103   usart.o

    ----------------------------------------------------------------------
      9880        618        476         40       2432     806523   Object Totals
         0          0         32          0          0          0   (incl. Generated)
        18          0          0          5          0          0   (incl. Padding)

    ----------------------------------------------------------------------

      Code (inc. data)   RO Data    RW Data    ZI Data      Debug   Library Member Name

         8          0          0          0          0         68   __main.o
       104          0          0          0          0         84   __printf.o
         0          0          0          0          0          0   __rtentry.o
        12          0          0          0          0          0   __rtentry2.o
         6          0          0          0          0          0   __rtentry4.o
        52          8          0          0          0          0   __scatter.o
        26          0          0          0          0          0   __scatter_copy.o
        28          0          0          0          0          0   __scatter_zi.o
        48          6          0          0          0         96   _printf_char_common.o
        36          4          0          0          0         80   _printf_char_file.o
         6          0          0          0          0          0   _printf_d.o
       120         16          0          0          0         92   _printf_dec.o
         6          0          0          0          0          0   _printf_f.o
      1054          0          0          0          0        216   _printf_fp_dec.o
       128         16          0          0          0         84   _printf_fp_infnan.o
       178          0          0          0          0         88   _printf_intcommon.o
         0          0          0          0          0          0   _printf_percent.o
         4          0          0          0          0          0   _printf_percent_end.o
       228          4        148          0          0         96   bigflt0.o
      1936        128          0          0          0        672   btod.o
        18          0          0          0          0         80   exit.o
         8          0          0          0          0         68   ferror.o
         6          0          0          0          0        152   heapauxi.o
        44         10         28          0          0         76   lc_numeric_c.o
         2          0          0          0          0          0   libinit.o
        22          0          0          0          0          0   libinit2.o
         2          0          0          0          0          0   libshutdown.o
         2          0          0          0          0          0   libshutdown2.o
         8          4          0          0         96         68   libspace.o
       138          0          0          0          0         80   lludiv10.o
        24          4          0          0          0         84   noretval__2printf.o
         8          4          0          0          0         68   rt_locale_intlibspace.o
         2          0          0          0          0          0   rtexit.o
        10          0          0          0          0          0   rtexit2.o
       128          0          0          0          0         68   strcmpv7m.o
        74          0          0          0          0         80   sys_stackheap_outer.o
         2          0          0          0          0         68   use_no_semi.o
         2          0          0          0          0         68   use_no_semi_2.o
        12          0          0          0          0        116   dretinf.o
        86          4          0          0          0        132   f2d.o
       140          4          0          0          0        132   fnaninf.o
        10          0          0          0          0        116   fpinit.o
         4          0          0          0          0        116   printf1.o
         0          0          0          0          0          0   usenofp.o
        48          0          0          0          0        124   fpclassify.o

    ----------------------------------------------------------------------
      4788        212        176          0         96       3272   Library Totals
         8          0          0          0          0          0   (incl. Padding)

    ----------------------------------------------------------------------

      Code (inc. data)   RO Data    RW Data    ZI Data      Debug   Library Name

      4480        204        176          0         96       2536   c_w.l
       252          8          0          0          0        612   fz_wm.l
        48          0          0          0          0        124   m_wm.l

    ----------------------------------------------------------------------
      4788        212        176          0         96       3272   Library Totals

    ----------------------------------------------------------------------

==============================================================================


      Code (inc. data)   RO Data    RW Data    ZI Data      Debug   

     14668        830        652         40       2528     800243   Grand Totals
     14668        830        652         40       2528     800243   ELF Image Totals
     14668        830        652         40          0          0   ROM Totals

==============================================================================

    Total RO  Size (Code + RO Data)                15320 (  14.96kB)
    Total RW  Size (RW Data + ZI Data)              2568 (   2.51kB)
    Total ROM Size (Code + RO Data + RW Data)      15360 (  15.00kB)

==============================================================================

